Component: ARM Compiler 5.06 update 4 (build 422) Tool: armlink [4d35d2]

==============================================================================

Section Cross References

    startup_stm32f10x_hd.o(STACK) refers (Special) to heapauxi.o(.text) for __use_two_region_memory
    startup_stm32f10x_hd.o(HEAP) refers (Special) to heapauxi.o(.text) for __use_two_region_memory
    startup_stm32f10x_hd.o(RESET) refers (Special) to heapauxi.o(.text) for __use_two_region_memory
    startup_stm32f10x_hd.o(RESET) refers to startup_stm32f10x_hd.o(.text) for Reset_Handler
    startup_stm32f10x_hd.o(RESET) refers to stm32f10x_it.o(i.NMI_Handler) for NMI_Handler
    startup_stm32f10x_hd.o(RESET) refers to stm32f10x_it.o(i.HardFault_Handler) for HardFault_Handler
    startup_stm32f10x_hd.o(RESET) refers to stm32f10x_it.o(i.MemManage_Handler) for MemManage_Handler
    startup_stm32f10x_hd.o(RESET) refers to stm32f10x_it.o(i.BusFault_Handler) for BusFault_Handler
    startup_stm32f10x_hd.o(RESET) refers to stm32f10x_it.o(i.UsageFault_Handler) for UsageFault_Handler
    startup_stm32f10x_hd.o(RESET) refers to stm32f10x_it.o(i.SVC_Handler) for SVC_Handler
    startup_stm32f10x_hd.o(RESET) refers to stm32f10x_it.o(i.DebugMon_Handler) for DebugMon_Handler
    startup_stm32f10x_hd.o(RESET) refers to os_cpu_a.o(.text) for OS_CPU_PendSVHandler
    startup_stm32f10x_hd.o(RESET) refers to stm32f10x_it.o(i.SysTick_Handler) for SysTick_Handler
    startup_stm32f10x_hd.o(RESET) refers to stm32f10x_it.o(i.DMA1_Channel4_IRQHandler) for DMA1_Channel4_IRQHandler
    startup_stm32f10x_hd.o(RESET) refers to stm32f10x_it.o(i.USART1_IRQHandler) for USART1_IRQHandler
    startup_stm32f10x_hd.o(.text) refers (Special) to heapauxi.o(.text) for __use_two_region_memory
    startup_stm32f10x_hd.o(.text) refers to startup_stm32f10x_hd.o(STACK) for __initial_sp
    startup_stm32f10x_hd.o(.text) refers to __main.o(!!!main) for __main
    startup_stm32f10x_hd.o(.text) refers to startup_stm32f10x_hd.o(HEAP) for Heap_Mem
    os_dbg.o(i.OSDebugInit) refers to os_dbg.o(.constdata) for OSDebugEn
    os_cpu_a.o(.text) refers to os_core.o(.data) for OSRunning
    os_cpu_a.o(.text) refers to os_cpu_c.o(i.OSTaskSwHook) for OSTaskSwHook
    os_core.o(i.OSEventNameGet) refers to os_cpu_a.o(.text) for OS_CPU_SR_Save
    os_core.o(i.OSEventNameGet) refers to os_core.o(i.OS_StrCopy) for OS_StrCopy
    os_core.o(i.OSEventNameGet) refers to os_core.o(.data) for OSIntNesting
    os_core.o(i.OSEventNameSet) refers to os_cpu_a.o(.text) for OS_CPU_SR_Save
    os_core.o(i.OSEventNameSet) refers to os_core.o(i.OS_StrLen) for OS_StrLen
    os_core.o(i.OSEventNameSet) refers to os_core.o(i.OS_StrCopy) for OS_StrCopy
    os_core.o(i.OSEventNameSet) refers to os_core.o(.data) for OSIntNesting
    os_core.o(i.OSInit) refers to os_cpu_c.o(i.OSInitHookBegin) for OSInitHookBegin
    os_core.o(i.OSInit) refers to os_core.o(i.OS_InitMisc) for OS_InitMisc
    os_core.o(i.OSInit) refers to os_core.o(i.OS_InitRdyList) for OS_InitRdyList
    os_core.o(i.OSInit) refers to os_core.o(i.OS_InitTCBList) for OS_InitTCBList
    os_core.o(i.OSInit) refers to os_core.o(i.OS_InitEventList) for OS_InitEventList
    os_core.o(i.OSInit) refers to os_core.o(i.OS_InitTaskIdle) for OS_InitTaskIdle
    os_core.o(i.OSInit) refers to os_core.o(i.OS_InitTaskStat) for OS_InitTaskStat
    os_core.o(i.OSInit) refers to os_cpu_c.o(i.OSInitHookEnd) for OSInitHookEnd
    os_core.o(i.OSInit) refers to os_dbg.o(i.OSDebugInit) for OSDebugInit
    os_core.o(i.OSIntEnter) refers to os_core.o(.data) for OSRunning
    os_core.o(i.OSIntExit) refers to os_cpu_a.o(.text) for OS_CPU_SR_Save
    os_core.o(i.OSIntExit) refers to os_core.o(i.OS_SchedNew) for OS_SchedNew
    os_core.o(i.OSIntExit) refers to os_core.o(.data) for OSRunning
    os_core.o(i.OSIntExit) refers to os_core.o(.bss) for OSTCBPrioTbl
    os_core.o(i.OSSchedLock) refers to os_cpu_a.o(.text) for OS_CPU_SR_Save
    os_core.o(i.OSSchedLock) refers to os_core.o(.data) for OSRunning
    os_core.o(i.OSSchedUnlock) refers to os_cpu_a.o(.text) for OS_CPU_SR_Save
    os_core.o(i.OSSchedUnlock) refers to os_core.o(i.OS_Sched) for OS_Sched
    os_core.o(i.OSSchedUnlock) refers to os_core.o(.data) for OSRunning
    os_core.o(i.OSStart) refers to os_core.o(i.OS_SchedNew) for OS_SchedNew
    os_core.o(i.OSStart) refers to os_cpu_a.o(.text) for OSStartHighRdy
    os_core.o(i.OSStart) refers to os_core.o(.data) for OSRunning
    os_core.o(i.OSStart) refers to os_core.o(.bss) for OSTCBPrioTbl
    os_core.o(i.OSStatInit) refers to os_time.o(i.OSTimeDly) for OSTimeDly
    os_core.o(i.OSStatInit) refers to os_cpu_a.o(.text) for OS_CPU_SR_Save
    os_core.o(i.OSStatInit) refers to os_core.o(.data) for OSIdleCtr
    os_core.o(i.OSTimeTick) refers to os_cpu_c.o(i.OSTimeTickHook) for OSTimeTickHook
    os_core.o(i.OSTimeTick) refers to os_cpu_a.o(.text) for OS_CPU_SR_Save
    os_core.o(i.OSTimeTick) refers to os_core.o(.data) for OSTime
[...]
    FWlib\src\stm32f10x_sdio.c               0x00000000   Number         0  stm32f10x_sdio.o ABSOLUTE
    FWlib\src\stm32f10x_spi.c                0x00000000   Number         0  stm32f10x_spi.o ABSOLUTE
    FWlib\src\stm32f10x_tim.c                0x00000000   Number         0  stm32f10x_tim.o ABSOLUTE
    FWlib\src\stm32f10x_usart.c              0x00000000   Number         0  stm32f10x_usart.o ABSOLUTE
    FWlib\src\stm32f10x_wwdg.c               0x00000000   Number         0  stm32f10x_wwdg.o ABSOLUTE
    PeriphMode\DM13A\dm13a.c                 0x00000000   Number         0  dm13a.o ABSOLUTE
    PeriphMode\ds18b20\ds18b20.c             0x00000000   Number         0  ds18b20.o ABSOLUTE
    PeriphMode\esp8266\esp8266.c             0x00000000   Number         0  esp8266.o ABSOLUTE
    PeriphMode\key\key.c                     0x00000000   Number         0  key.o ABSOLUTE
    PeriphMode\key\keyrun.c                  0x00000000   Number         0  keyrun.o ABSOLUTE
    PeriphMode\lcd\lcd.c                     0x00000000   Number         0  lcd.o ABSOLUTE
    PeriphMode\lcd\screen\screen.c           0x00000000   Number         0  screen.o ABSOLUTE
    PeriphMode\lcd\ziku\ziku.c               0x00000000   Number         0  ziku.o ABSOLUTE
    UCOS-II\PORTS\os_cpu_a.asm               0x00000000   Number         0  os_cpu_a.o ABSOLUTE
    UCOS-II\PORTS\os_cpu_c.c                 0x00000000   Number         0  os_cpu_c.o ABSOLUTE
    UCOS-II\PORTS\os_dbg.c                   0x00000000   Number         0  os_dbg.o ABSOLUTE
    UCOS-II\SOURSE\os_core.c                 0x00000000   Number         0  os_core.o ABSOLUTE
    UCOS-II\SOURSE\os_flag.c                 0x00000000   Number         0  os_flag.o ABSOLUTE
    UCOS-II\SOURSE\os_mbox.c                 0x00000000   Number         0  os_mbox.o ABSOLUTE
    UCOS-II\SOURSE\os_mem.c                  0x00000000   Number         0  os_mem.o ABSOLUTE
    UCOS-II\SOURSE\os_mutex.c                0x00000000   Number         0  os_mutex.o ABSOLUTE
    UCOS-II\SOURSE\os_q.c                    0x00000000   Number         0  os_q.o ABSOLUTE
    UCOS-II\SOURSE\os_sem.c                  0x00000000   Number         0  os_sem.o ABSOLUTE
    UCOS-II\SOURSE\os_task.c                 0x00000000   Number         0  os_task.o ABSOLUTE
    UCOS-II\SOURSE\os_time.c                 0x00000000   Number         0  os_time.o ABSOLUTE
    UCOS-II\SOURSE\os_tmr.c                  0x00000000   Number         0  os_tmr.o ABSOLUTE
    content\cdisplay.c                       0x00000000   Number         0  cdisplay_1.o ABSOLUTE
    dc.s                                     0x00000000   Number         0  dc.o ABSOLUTE
    function\function.c                      0x00000000   Number         0  function.o ABSOLUTE
    function\functionother.c                 0x00000000   Number         0  functionother.o ABSOLUTE
    function\updatetime.c                    0x00000000   Number         0  updatetime.o ABSOLUTE
    item\0zero.c                             0x00000000   Number         0  0zero.o ABSOLUTE
    item\10ten.c                             0x00000000   Number         0  10ten.o ABSOLUTE
    item\11eleven.c                          0x00000000   Number         0  11eleven.o ABSOLUTE
    item\12twelve.c                          0x00000000   Number         0  12twelve.o ABSOLUTE
    item\13thirteen.c                        0x00000000   Number         0  13thirteen.o ABSOLUTE
    item\14fourteen.c                        0x00000000   Number         0  14fourteen.o ABSOLUTE
    item\15fifteen.c                         0x00000000   Number         0  15fifteen.o ABSOLUTE
    item\16sixteen.c                         0x00000000   Number         0  16sixteen.o ABSOLUTE
    item\1one.c                              0x00000000   Number         0  1one.o ABSOLUTE
    item\2two.c                              0x00000000   Number         0  2two.o ABSOLUTE
    item\3three.c                            0x00000000   Number         0  3three.o ABSOLUTE
    item\4four.c                             0x00000000   Number         0  4four.o ABSOLUTE
    item\5five.c                             0x00000000   Number         0  5five.o ABSOLUTE
    item\6six.c                              0x00000000   Number         0  6six.o ABSOLUTE
    item\7seven.c                            0x00000000   Number         0  7seven.o ABSOLUTE
    item\8eight.c                            0x00000000   Number         0  8eight.o ABSOLUTE
    item\9nine.c                             0x00000000   Number         0  9nine.o ABSOLUTE
    user\main.c                              0x00000000   Number         0  main.o ABSOLUTE
    user\stm32f10x_it.c                      0x00000000   Number         0  stm32f10x_it.o ABSOLUTE
    RESET                                    0x08000000   Section      304  startup_stm32f10x_hd.o(RESET)
    !!!main                                  0x08000130   Section        8  __main.o(!!!main)
    !!!scatter                               0x08000138   Section       52  __scatter.o(!!!scatter)
    !!handler_copy                           0x0800016c   Section       26  __scatter_copy.o(!!handler_copy)
    !!handler_zi                             0x08000188   Section       28  __scatter_zi.o(!!handler_zi)
    .ARM.Collect$$libinit$$00000000          0x080001a4   Section        2  libinit.o(.ARM.Collect$$libinit$$00000000)
    .ARM.Collect$$libinit$$00000002          0x080001a6   Section        0  libinit2.o(.ARM.Collect$$libinit$$00000002)
    .ARM.Collect$$libinit$$00000004          0x080001a6   Section        0  libinit2.o(.ARM.Collect$$libinit$$00000004)
    .ARM.Collect$$libinit$$0000000A          0x080001a6   Section        0  libinit2.o(.ARM.Collect$$libinit$$0000000A)
    .ARM.Collect$$libinit$$0000000C          0x080001a6   Section        0  libinit2.o(.ARM.Collect$$libinit$$0000000C)
    .ARM.Collect$$libinit$$0000000E          0x080001a6   Section        0  libinit2.o(.ARM.Collect$$libinit$$0000000E)
    .ARM.Collect$$libinit$$00000011          0x080001a6   Section        0  libinit2.o(.ARM.Collect$$libinit$$00000011)
    .ARM.Collect$$libinit$$00000013          0x080001a6   Section        0  libinit2.o(.ARM.Collect$$libinit$$00000013)
    .ARM.Collect$$libinit$$00000015          0x080001a6   Section        0  libinit2.o(.ARM.Collect$$libinit$$00000015)
    .ARM.Collect$$libinit$$00000017          0x080001a6   Section        0  libinit2.o(.ARM.Collect$$libinit$$00000017)
    .ARM.Collect$$libinit$$00000019          0x080001a6   Section        0  libinit2.o(.ARM.Collect$$libinit$$00000019)
    .ARM.Collect$$libinit$$0000001B          0x080001a6   Section        0  libinit2.o(.ARM.Collect$$libinit$$0000001B)
    .ARM.Collect$$libinit$$0000001D          0x080001a6   Section        0  libinit2.o(.ARM.Collect$$libinit$$0000001D)
    .ARM.Collect$$libinit$$0000001F          0x080001a6   Section        0  libinit2.o(.ARM.Collect$$libinit$$0000001F)
    .ARM.Collect$$libinit$$00000021          0x080001a6   Section        0  libinit2.o(.ARM.Collect$$libinit$$00000021)
    .ARM.Collect$$libinit$$00000023          0x080001a6   Section        0  libinit2.o(.ARM.Collect$$libinit$$00000023)
    .ARM.Collect$$libinit$$00000025          0x080001a6   Section        0  libinit2.o(.ARM.Collect$$libinit$$00000025)
    .ARM.Collect$$libinit$$0000002C          0x080001a6   Section        0  libinit2.o(.ARM.Collect$$libinit$$0000002C)
    .ARM.Collect$$libinit$$0000002E          0x080001a6   Section        0  libinit2.o(.ARM.Collect$$libinit$$0000002E)
    .ARM.Collect$$libinit$$00000030          0x080001a6   Section        0  libinit2.o(.ARM.Collect$$libinit$$00000030)
    .ARM.Collect$$libinit$$00000032          0x080001a6   Section        0  libinit2.o(.ARM.Collect$$libinit$$00000032)
    .ARM.Collect$$libinit$$00000033          0x080001a6   Section        2  libinit2.o(.ARM.Collect$$libinit$$00000033)
    .ARM.Collect$$libshutdown$$00000000      0x080001a8   Section        2  libshutdown.o(.ARM.Collect$$libshutdown$$00000000)
    .ARM.Collect$$libshutdown$$00000002      0x080001aa   Section        0  libshutdown2.o(.ARM.Collect$$libshutdown$$00000002)
    .ARM.Collect$$libshutdown$$00000004      0x080001aa   Section        0  libshutdown2.o(.ARM.Collect$$libshutdown$$00000004)
    .ARM.Collect$$libshutdown$$00000007      0x080001aa   Section        0  libshutdown2.o(.ARM.Collect$$libshutdown$$00000007)
    .ARM.Collect$$libshutdown$$0000000A      0x080001aa   Section        0  libshutdown2.o(.ARM.Collect$$libshutdown$$0000000A)
    .ARM.Collect$$libshutdown$$0000000C      0x080001aa   Section        0  libshutdown2.o(.ARM.Collect$$libshutdown$$0000000C)
    .ARM.Collect$$libshutdown$$0000000F      0x080001aa   Section        0  libshutdown2.o(.ARM.Collect$$libshutdown$$0000000F)
    .ARM.Collect$$libshutdown$$00000010      0x080001aa   Section        2  libshutdown2.o(.ARM.Collect$$libshutdown$$00000010)
    .ARM.Collect$$rtentry$$00000000          0x080001ac   Section        0  __rtentry.o(.ARM.Collect$$rtentry$$00000000)
    .ARM.Collect$$rtentry$$00000002          0x080001ac   Section        0  __rtentry2.o(.ARM.Collect$$rtentry$$00000002)
    .ARM.Collect$$rtentry$$00000004          0x080001ac   Section        6  __rtentry4.o(.ARM.Collect$$rtentry$$00000004)
    .ARM.Collect$$rtentry$$00000009          0x080001b2   Section        0  __rtentry2.o(.ARM.Collect$$rtentry$$00000009)
    .ARM.Collect$$rtentry$$0000000A          0x080001b2   Section        4  __rtentry2.o(.ARM.Collect$$rtentry$$0000000A)
    .ARM.Collect$$rtentry$$0000000C          0x080001b6   Section        0  __rtentry2.o(.ARM.Collect$$rtentry$$0000000C)
    .ARM.Collect$$rtentry$$0000000D          0x080001b6   Section        8  __rtentry2.o(.ARM.Collect$$rtentry$$0000000D)
    .ARM.Collect$$rtexit$$00000000           0x080001be   Section        2  rtexit.o(.ARM.Collect$$rtexit$$00000000)
    .ARM.Collect$$rtexit$$00000002           0x080001c0   Section        0  rtexit2.o(.ARM.Collect$$rtexit$$00000002)
    .ARM.Collect$$rtexit$$00000003           0x080001c0   Section        4  rtexit2.o(.ARM.Collect$$rtexit$$00000003)
    .ARM.Collect$$rtexit$$00000004           0x080001c4   Section        6  rtexit2.o(.ARM.Collect$$rtexit$$00000004)
    .text                                    0x080001cc   Section       72  startup_stm32f10x_hd.o(.text)
    .text                                    0x08000214   Section      164  os_cpu_a.o(.text)
    .text                                    0x080002b8   Section        0  heapauxi.o(.text)
    .text                                    0x080002be   Section       74  sys_stackheap_outer.o(.text)
    .text                                    0x08000308   Section        0  exit.o(.text)
    .text                                    0x0800031c   Section        8  libspace.o(.text)
    .text                                    0x08000324   Section        0  sys_exit.o(.text)
    .text                                    0x08000330   Section        2  use_no_semi.o(.text)
    .text                                    0x08000332   Section        0  indicate_semi.o(.text)
    i.BSP_Init                               0x08000332   Section        0  bsp.o(i.BSP_Init)
    i.BusFault_Handler                       0x0800035a   Section        0  stm32f10x_it.o(i.BusFault_Handler)
    i.DM13A_GPIO_Config                      0x08000360   Section        0  dm13a.o(i.DM13A_GPIO_Config)
    i.DMA1_Channel4_IRQHandler               0x080003b0   Section        0  stm32f10x_it.o(i.DMA1_Channel4_IRQHandler)
    i.DMA_ClearFlag                          0x080003e0   Section        0  stm32f10x_dma.o(i.DMA_ClearFlag)
    i.DMA_Cmd                                0x080003fc   Section        0  stm32f10x_dma.o(i.DMA_Cmd)
    i.DMA_Config                             0x08000414   Section        0  usart1.o(i.DMA_Config)
    i.DMA_GetFlagStatus                      0x0800047c   Section        0  stm32f10x_dma.o(i.DMA_GetFlagStatus)
    i.DMA_Init                               0x080004a8   Section        0  stm32f10x_dma.o(i.DMA_Init)
    i.DS18B20_GPIO_Init                      0x080004e4   Section        0  ds18b20.o(i.DS18B20_GPIO_Init)
    i.DS18B20_Init                           0x08000510   Section        0  ds18b20.o(i.DS18B20_Init)
    i.DebugMon_Handler                       0x08000518   Section        0  stm32f10x_it.o(i.DebugMon_Handler)
    i.Eight_Display                          0x0800051a   Section        0  8eight.o(i.Eight_Display)
    i.Eleven_Display                         0x0800051c   Section        0  11eleven.o(i.Eleven_Display)
    i.Five_Display                           0x0800051e   Section        0  5five.o(i.Five_Display)
    i.Four_Display                           0x08000520   Section        0  4four.o(i.Four_Display)
    i.Fourteen_Display                       0x08000522   Section        0  14fourteen.o(i.Fourteen_Display)
    i.Function_InBefore                      0x08000524   Section        0  function.o(i.Function_InBefore)
    i.GPIO_Init                              0x08000526   Section        0  stm32f10x_gpio.o(i.GPIO_Init)
    i.GPIO_ResetBits                         0x0800063c   Section        0  stm32f10x_gpio.o(i.GPIO_ResetBits)
    i.GPIO_SetBits                           0x08000640   Section        0  stm32f10x_gpio.o(i.GPIO_SetBits)
    i.HaiShen_Display                        0x08000644   Section        0  cdisplay_1.o(i.HaiShen_Display)
    i.HardFault_Handler                      0x080006cc   Section        0  stm32f10x_it.o(i.HardFault_Handler)
    i.KEY_GPIO_Config                        0x080006d0   Section        0  key.o(i.KEY_GPIO_Config)
    i.Key_RunTime                            0x08000724   Section        0  keyrun.o(i.Key_RunTime)
    i.LCD_Display                            0x08000728   Section        0  lcd.o(i.LCD_Display)
    i.LCD_DisplayChar1616                    0x080007a4   Section        0  lcd.o(i.LCD_DisplayChar1616)
    i.LCD_DisplayChar58                      0x080007ca   Section        0  lcd.o(i.LCD_DisplayChar58)
    i.LCD_DisplayChar816                     0x080007f0   Section        0  lcd.o(i.LCD_DisplayChar816)
    i.LCD_DisplayGB2312                      0x08000818   Section        0  lcd.o(i.LCD_DisplayGB2312)
    i.LCD_DisplayNum                         0x080008ec   Section        0  lcd.o(i.LCD_DisplayNum)
    i.LCD_DisplayString58                    0x08000954   Section        0  lcd.o(i.LCD_DisplayString58)
    i.LCD_Init                               0x080009a4   Section        0  lcd.o(i.LCD_Init)
    i.Led_OnTheNum                           0x080009b4   Section        0  dm13a.o(i.Led_OnTheNum)
    i.MemManage_Handler                      0x08000a58   Section        0  stm32f10x_it.o(i.MemManage_Handler)
    i.NMI_Handler                            0x08000a5c   Section        0  stm32f10x_it.o(i.NMI_Handler)
    i.NVIC_Config                            0x08000a5e   Section        0  usart1.o(i.NVIC_Config)
    NVIC_Config                              0x08000a5f   Thumb Code    38  usart1.o(i.NVIC_Config)
    i.NVIC_Init                              0x08000a84   Section        0  misc.o(i.NVIC_Init)
    i.NVIC_PriorityGroupConfig               0x08000af4   Section        0  misc.o(i.NVIC_PriorityGroupConfig)
    i.Nine_Display                           0x08000b08   Section        0  9nine.o(i.Nine_Display)
    i.OSDebugInit                            0x08000b0c   Section        0  os_dbg.o(i.OSDebugInit)
    i.OSInit                                 0x08000c20   Section        0  os_core.o(i.OSInit)
    i.OSInitHookBegin                        0x08000c48   Section        0  os_cpu_c.o(i.OSInitHookBegin)
    i.OSInitHookEnd                          0x08000c4a   Section        0  os_cpu_c.o(i.OSInitHookEnd)
    i.OSIntEnter                             0x08000c4c   Section        0  os_core.o(i.OSIntEnter)
    i.OSIntExit                              0x08000c70   Section        0  os_core.o(i.OSIntExit)
    i.OSSemCreate                            0x08000d00   Section        0  os_sem.o(i.OSSemCreate)
    i.OSSemPend                              0x08000d58   Section        0  os_sem.o(i.OSSemPend)
    i.OSSemPost                              0x08000e54   Section        0  os_sem.o(i.OSSemPost)
    i.OSStart                                0x08000eb4   Section        0  os_core.o(i.OSStart)
    i.OSTCBInitHook                          0x08000efc   Section        0  os_cpu_c.o(i.OSTCBInitHook)
    i.OSTaskCreate                           0x08000f00   Section        0  os_task.o(i.OSTaskCreate)
    i.OSTaskCreateExt                        0x08000fac   Section        0  os_task.o(i.OSTaskCreateExt)
    i.OSTaskCreateHook                       0x0800106c   Section        0  os_cpu_c.o(i.OSTaskCreateHook)
    i.OSTaskIdleHook                         0x0800106e   Section        0  os_cpu_c.o(i.OSTaskIdleHook)
    i.OSTaskNameSet                          0x08001070   Section        0  os_task.o(i.OSTaskNameSet)
    i.OSTaskStatHook                         0x0800111c   Section        0  os_cpu_c.o(i.OSTaskStatHook)
    i.OSTaskStkChk                           0x08001120   Section        0  os_task.o(i.OSTaskStkChk)
    i.OSTaskStkInit                          0x080011c0   Section        0  os_cpu_c.o(i.OSTaskStkInit)
    i.OSTaskSuspend                          0x0800125c   Section        0  os_task.o(i.OSTaskSuspend)
    i.OSTaskSwHook                           0x08001318   Section        0  os_cpu_c.o(i.OSTaskSwHook)
    i.OSTimeDly                              0x0800131c   Section        0  os_time.o(i.OSTimeDly)
    i.OSTimeDlyHMSM                          0x0800138c   Section        0  os_time.o(i.OSTimeDlyHMSM)
    i.OSTimeTick                             0x08001430   Section        0  os_core.o(i.OSTimeTick)
    i.OSTimeTickHook                         0x0800151c   Section        0  os_cpu_c.o(i.OSTimeTickHook)
    i.OS_EventTaskRdy                        0x08001520   Section        0  os_core.o(i.OS_EventTaskRdy)
    i.OS_EventTaskRemove                     0x080015a4   Section        0  os_core.o(i.OS_EventTaskRemove)
    i.OS_EventTaskWait                       0x080015d0   Section        0  os_core.o(i.OS_EventTaskWait)
    i.OS_EventWaitListInit                   0x0800164c   Section        0  os_core.o(i.OS_EventWaitListInit)
    i.OS_InitEventList                       0x08001668   Section        0  os_core.o(i.OS_InitEventList)
    OS_InitEventList                         0x08001669   Thumb Code    70  os_core.o(i.OS_InitEventList)
    i.OS_InitMisc                            0x080016b8   Section        0  os_core.o(i.OS_InitMisc)
    OS_InitMisc                              0x080016b9   Thumb Code    44  os_core.o(i.OS_InitMisc)
    i.OS_InitRdyList                         0x0800170c   Section        0  os_core.o(i.OS_InitRdyList)
    OS_InitRdyList                           0x0800170d   Thumb Code    46  os_core.o(i.OS_InitRdyList)
    i.OS_InitTCBList                         0x08001754   Section        0  os_core.o(i.OS_InitTCBList)
    OS_InitTCBList                           0x08001755   Thumb Code    86  os_core.o(i.OS_InitTCBList)
    i.OS_InitTaskIdle                        0x080017bc   Section        0  os_core.o(i.OS_InitTaskIdle)
    OS_InitTaskIdle                          0x080017bd   Thumb Code    50  os_core.o(i.OS_InitTaskIdle)
    i.OS_InitTaskStat                        0x0800180c   Section        0  os_core.o(i.OS_InitTaskStat)
    OS_InitTaskStat                          0x0800180d   Thumb Code    50  os_core.o(i.OS_InitTaskStat)
    i.OS_MemClr                              0x0800185c   Section        0  os_core.o(i.OS_MemClr)
    i.OS_Sched                               0x08001870   Section        0  os_core.o(i.OS_Sched)
    i.OS_SchedNew                            0x080018e4   Section        0  os_core.o(i.OS_SchedNew)
    OS_SchedNew                              0x080018e5   Thumb Code    26  os_core.o(i.OS_SchedNew)
    i.OS_StrCopy                             0x08001910   Section        0  os_core.o(i.OS_StrCopy)
    i.OS_StrLen                              0x0800192c   Section        0  os_core.o(i.OS_StrLen)
    i.OS_TCBInit                             0x08001940   Section        0  os_core.o(i.OS_TCBInit)
    i.OS_TaskIdle                            0x08001a58   Section        0  os_core.o(i.OS_TaskIdle)
    i.OS_TaskStat                            0x08001a7c   Section        0  os_core.o(i.OS_TaskStat)
    i.OS_TaskStatStkChk                      0x08001b04   Section        0  os_core.o(i.OS_TaskStatStkChk)
    i.OS_TaskStkClr                          0x08001b40   Section        0  os_task.o(i.OS_TaskStkClr)
    i.One_Display                            0x08001b5a   Section        0  1one.o(i.One_Display)
    i.RCC_AHBPeriphClockCmd                  0x08001b5c   Section        0  stm32f10x_rcc.o(i.RCC_AHBPeriphClockCmd)
    i.RCC_APB2PeriphClockCmd                 0x08001b7c   Section        0  stm32f10x_rcc.o(i.RCC_APB2PeriphClockCmd)
    i.RCC_GetClocksFreq                      0x08001b9c   Section        0  stm32f10x_rcc.o(i.RCC_GetClocksFreq)
    i.Relay_Init                             0x08001c70   Section        0  dm13a.o(i.Relay_Init)
    i.SCREEN_Clear                           0x08001cb8   Section        0  screen.o(i.SCREEN_Clear)
    i.SCREEN_Display12864                    0x08001cf0   Section        0  screen.o(i.SCREEN_Display12864)
    i.SCREEN_Display1616                     0x08001d22   Section        0  screen.o(i.SCREEN_Display1616)
    i.SCREEN_Display816                      0x08001d5e   Section        0  screen.o(i.SCREEN_Display816)
    i.SCREEN_Init                            0x08001d9c   Section        0  screen.o(i.SCREEN_Init)
    i.SCREEN_WriteAddr                       0x08001e00   Section        0  screen.o(i.SCREEN_WriteAddr)
    i.SCREEN_WriteCommand                    0x08001e28   Section        0  screen.o(i.SCREEN_WriteCommand)
    i.SCREEN_WriteData                       0x08001e88   Section        0  screen.o(i.SCREEN_WriteData)
    i.SPI_Cmd                                0x08001eec   Section        0  stm32f10x_spi.o(i.SPI_Cmd)
    i.SPI_I2S_GetFlagStatus                  0x08001f04   Section        0  stm32f10x_spi.o(i.SPI_I2S_GetFlagStatus)
    i.SPI_I2S_ReceiveData                    0x08001f16   Section        0  stm32f10x_spi.o(i.SPI_I2S_ReceiveData)
    i.SPI_I2S_SendData                       0x08001f1c   Section        0  stm32f10x_spi.o(i.SPI_I2S_SendData)
    i.SPI_Init                               0x08001f20   Section        0  stm32f10x_spi.o(i.SPI_Init)
    i.SPI_TransChar                          0x08001f5c   Section        0  ziku.o(i.SPI_TransChar)
    i.SPI_ZikuInit                           0x08001f94   Section        0  ziku.o(i.SPI_ZikuInit)
    i.SPI_ZikuReadChar                       0x0800204c   Section        0  ziku.o(i.SPI_ZikuReadChar)
    i.SPI_ZikuWriteAddr                      0x08002088   Section        0  ziku.o(i.SPI_ZikuWriteAddr)
    i.SVC_Handler                            0x080020aa   Section        0  stm32f10x_it.o(i.SVC_Handler)
    i.Screen_GPIO_Init                       0x080020ac   Section        0  screen.o(i.Screen_GPIO_Init)
    i.SetSysClock                            0x080020d8   Section        0  system_stm32f10x.o(i.SetSysClock)
    SetSysClock                              0x080020d9   Thumb Code     8  system_stm32f10x.o(i.SetSysClock)
    i.SetSysClockTo72                        0x080020e0   Section        0  system_stm32f10x.o(i.SetSysClockTo72)
    SetSysClockTo72                          0x080020e1   Thumb Code   214  system_stm32f10x.o(i.SetSysClockTo72)
    i.Set_Function                           0x080021c0   Section        0  function.o(i.Set_Function)
    i.Seven_Display                          0x080021d4   Section        0  7seven.o(i.Seven_Display)
    i.Six_Display                            0x080021d6   Section        0  6six.o(i.Six_Display)
    i.SysTick_Handler                        0x080021d8   Section        0  stm32f10x_it.o(i.SysTick_Handler)
    i.SystemInit                             0x080021e8   Section        0  system_stm32f10x.o(i.SystemInit)
    i.Systick_Init                           0x08002248   Section        0  bsp.o(i.Systick_Init)
    i.TASK_KeyScan                           0x080022a0   Section        0  app.o(i.TASK_KeyScan)
    i.TASK_LcdDisplay                        0x080022a8   Section        0  app.o(i.TASK_LcdDisplay)
    i.TASK_Master                            0x080022c4   Section        0  app.o(i.TASK_Master)
    i.TASK_Time                              0x080022d0   Section        0  app.o(i.TASK_Time)
    i.TASK_UpdateTime                        0x080022ec   Section        0  app.o(i.TASK_UpdateTime)
    i.Task_RunInit                           0x08002308   Section        0  app.o(i.Task_RunInit)
    i.Ten_Display                            0x080023bc   Section        0  10ten.o(i.Ten_Display)
    i.Thirteen_Display                       0x080023be   Section        0  13thirteen.o(i.Thirteen_Display)
    i.Three_Display                          0x080023c0   Section        0  3three.o(i.Three_Display)
    i.Time_RunMuch                           0x080023c2   Section        0  updatetime.o(i.Time_RunMuch)
    i.Twelve_Display                         0x080023c4   Section        0  12twelve.o(i.Twelve_Display)
    i.Two_Display                            0x080023c6   Section        0  2two.o(i.Two_Display)
    i.USART1_Config                          0x080023c8   Section        0  usart1.o(i.USART1_Config)
    i.USART1_IRQHandler                      0x08002450   Section        0  stm32f10x_it.o(i.USART1_IRQHandler)
    i.USART_Cmd                              0x08002452   Section        0  stm32f10x_usart.o(i.USART_Cmd)
    i.USART_DMACmd                           0x0800246a   Section        0  stm32f10x_usart.o(i.USART_DMACmd)
    i.USART_ITConfig                         0x0800247c   Section        0  stm32f10x_usart.o(i.USART_ITConfig)
    i.USART_Init                             0x080024c8   Section        0  stm32f10x_usart.o(i.USART_Init)
    i.Update_Time                            0x080025a0   Section        0  updatetime.o(i.Update_Time)
    i.UsageFault_Handler                     0x08002620   Section        0  stm32f10x_it.o(i.UsageFault_Handler)
    i.Zero_Display                           0x08002624   Section        0  0zero.o(i.Zero_Display)
    i.main                                   0x08002688   Section        0  main.o(i.main)
    .constdata                               0x080026b0   Section       94  os_dbg.o(.constdata)
    .constdata                               0x0800270e   Section      256  os_core.o(.constdata)
    .data                                    0x20000000   Section       60  os_core.o(.data)
    .data                                    0x2000003c   Section       20  stm32f10x_rcc.o(.data)
    APBAHBPrescTable                         0x2000003c   Data          16  stm32f10x_rcc.o(.data)
    ADCPrescTable                            0x2000004c   Data           4  stm32f10x_rcc.o(.data)
    .data                                    0x20000050   Section        3  updatetime.o(.data)
    .bss                                     0x20000054   Section     2912  os_core.o(.bss)
    .bss                                     0x20000bb4   Section      192  usart1.o(.bss)
    .bss                                     0x20000c74   Section      256  main.o(.bss)
    TASK_Master_Stk                          0x20000c74   Data         256  main.o(.bss)
    .bss                                     0x20000d74   Section     1024  app.o(.bss)
    .bss                                     0x20001174   Section       64  function.o(.bss)
    .bss                                     0x200011b4   Section       96  libspace.o(.bss)
    HEAP                                     0x20001218   Section        0  startup_stm32f10x_hd.o(HEAP)
    STACK                                    0x20001218   Section      512  startup_stm32f10x_hd.o(STACK)
    Heap_Mem                                 0x20001218   Data           0  startup_stm32f10x_hd.o(HEAP)
    Stack_Mem                                0x20001218   Data         512  startup_stm32f10x_hd.o(STACK)
    __initial_sp                             0x20001418   Data           0  startup_stm32f10x_hd.o(STACK)

    Global Symbols

    Symbol Name                              Value     Ov Type        Size  Object(Section)

    BuildAttributes$$THM_ISAv4$P$D$K$B$S$PE$A:L22UL41UL21$X:L11$S22US41US21$IEEE1$IW$USESV6$~STKCKD$USESV7$~SHL$OSPACE$ROPI$EBA8$UX$STANDARDLIB$REQ8$PRES8$EABIv2 0x00000000   Number         0  anon$$obj.o ABSOLUTE
    __ARM_use_no_argv                        0x00000000   Number         0  main.o ABSOLUTE
    __ARM_exceptions_init                     - Undefined Weak Reference
    __alloca_initialize                       - Undefined Weak Reference
    __arm_preinit_                            - Undefined Weak Reference
    __cpp_initialize__aeabi_                  - Undefined Weak Reference
    __cxa_finalize                            - Undefined Weak Reference
    __rt_locale                               - Undefined Weak Reference
    __sigvec_lookup                           - Undefined Weak Reference
    _atexit_init                              - Undefined Weak Reference
    _call_atexit_fns                          - Undefined Weak Reference
    _clock_init                               - Undefined Weak Reference
    _fp_trap_init                             - Undefined Weak Reference
    _fp_trap_shutdown                         - Undefined Weak Reference
    _get_lc_collate                           - Undefined Weak Reference
    _get_lc_ctype                             - Undefined Weak Reference
    _get_lc_monetary                          - Undefined Weak Reference
    _get_lc_numeric                           - Undefined Weak Reference
    _get_lc_time                              - Undefined Weak Reference
    _getenv_init                              - Undefined Weak Reference
    _handle_redirection                       - Undefined Weak Reference
    _init_alloc                               - Undefined Weak Reference
    _init_user_alloc                          - Undefined Weak Reference
    _initio                                   - Undefined Weak Reference
    _rand_init                                - Undefined Weak Reference
    _signal_finish                            - Undefined Weak Reference
    _signal_init                              - Undefined Weak Reference
    _terminate_alloc                          - Undefined Weak Reference
    _terminate_user_alloc                     - Undefined Weak Reference
    _terminateio                              - Undefined Weak Reference
    __Vectors_Size                           0x00000130   Number         0  startup_stm32f10x_hd.o ABSOLUTE
    __Vectors                                0x08000000   Data           4  startup_stm32f10x_hd.o(RESET)
    __Vectors_End                            0x08000130   Data           0  startup_stm32f10x_hd.o(RESET)
    __main                                   0x08000131   Thumb Code     8  __main.o(!!!main)
    __scatterload                            0x08000139   Thumb Code     0  __scatter.o(!!!scatter)
    __scatterload_rt2                        0x08000139   Thumb Code    44  __scatter.o(!!!scatter)
    __scatterload_rt2_thumb_only             0x08000139   Thumb Code     0  __scatter.o(!!!scatter)
    __scatterload_null                       0x08000147   Thumb Code     0  __scatter.o(!!!scatter)
    __scatterload_copy                       0x0800016d   Thumb Code    26  __scatter_copy.o(!!handler_copy)
    __scatterload_zeroinit                   0x08000189   Thumb Code    28  __scatter_zi.o(!!handler_zi)
    __rt_lib_init                            0x080001a5   Thumb Code     0  libinit.o(.ARM.Collect$$libinit$$00000000)
    __rt_lib_init_alloca_1                   0x080001a7   Thumb Code     0  libinit2.o(.ARM.Collect$$libinit$$0000002E)
    __rt_lib_init_argv_1                     0x080001a7   Thumb Code     0  libinit2.o(.ARM.Collect$$libinit$$0000002C)
    __rt_lib_init_atexit_1                   0x080001a7   Thumb Code     0  libinit2.o(.ARM.Collect$$libinit$$0000001B)
    __rt_lib_init_clock_1                    0x080001a7   Thumb Code     0  libinit2.o(.ARM.Collect$$libinit$$00000021)
    __rt_lib_init_cpp_1                      0x080001a7   Thumb Code     0  libinit2.o(.ARM.Collect$$libinit$$00000032)
    __rt_lib_init_exceptions_1               0x080001a7   Thumb Code     0  libinit2.o(.ARM.Collect$$libinit$$00000030)
    __rt_lib_init_fp_1                       0x080001a7   Thumb Code     0  libinit2.o(.ARM.Collect$$libinit$$00000002)
    __rt_lib_init_fp_trap_1                  0x080001a7   Thumb Code     0  libinit2.o(.ARM.Collect$$libinit$$0000001F)
    __rt_lib_init_getenv_1                   0x080001a7   Thumb Code     0  libinit2.o(.ARM.Collect$$libinit$$00000023)
    __rt_lib_init_heap_1                     0x080001a7   Thumb Code     0  libinit2.o(.ARM.Collect$$libinit$$0000000A)
    __rt_lib_init_lc_collate_1               0x080001a7   Thumb Code     0  libinit2.o(.ARM.Collect$$libinit$$00000011)
    __rt_lib_init_lc_ctype_1                 0x080001a7   Thumb Code     0  libinit2.o(.ARM.Collect$$libinit$$00000013)
    __rt_lib_init_lc_monetary_1              0x080001a7   Thumb Code     0  libinit2.o(.ARM.Collect$$libinit$$00000015)
    __rt_lib_init_lc_numeric_1               0x080001a7   Thumb Code     0  libinit2.o(.ARM.Collect$$libinit$$00000017)
    __rt_lib_init_lc_time_1                  0x080001a7   Thumb Code     0  libinit2.o(.ARM.Collect$$libinit$$00000019)
    __rt_lib_init_preinit_1                  0x080001a7   Thumb Code     0  libinit2.o(.ARM.Collect$$libinit$$00000004)
    __rt_lib_init_rand_1                     0x080001a7   Thumb Code     0  libinit2.o(.ARM.Collect$$libinit$$0000000E)
    __rt_lib_init_return                     0x080001a7   Thumb Code     0  libinit2.o(.ARM.Collect$$libinit$$00000033)
    __rt_lib_init_signal_1                   0x080001a7   Thumb Code     0  libinit2.o(.ARM.Collect$$libinit$$0000001D)
    __rt_lib_init_stdio_1                    0x080001a7   Thumb Code     0  libinit2.o(.ARM.Collect$$libinit$$00000025)
    __rt_lib_init_user_alloc_1               0x080001a7   Thumb Code     0  libinit2.o(.ARM.Collect$$libinit$$0000000C)
    __rt_lib_shutdown                        0x080001a9   Thumb Code     0  libshutdown.o(.ARM.Collect$$libshutdown$$00000000)
    __rt_lib_shutdown_cpp_1                  0x080001ab   Thumb Code     0  libshutdown2.o(.ARM.Collect$$libshutdown$$00000002)
    __rt_lib_shutdown_fp_trap_1              0x080001ab   Thumb Code     0  libshutdown2.o(.ARM.Collect$$libshutdown$$00000007)
    __rt_lib_shutdown_heap_1                 0x080001ab   Thumb Code     0  libshutdown2.o(.ARM.Collect$$libshutdown$$0000000F)
    __rt_lib_shutdown_return                 0x080001ab   Thumb Code     0  libshutdown2.o(.ARM.Collect$$libshutdown$$00000010)
    __rt_lib_shutdown_signal_1               0x080001ab   Thumb Code     0  libshutdown2.o(.ARM.Collect$$libshutdown$$0000000A)
    __rt_lib_shutdown_stdio_1                0x080001ab   Thumb Code     0  libshutdown2.o(.ARM.Collect$$libshutdown$$00000004)
    __rt_lib_shutdown_user_alloc_1           0x080001ab   Thumb Code     0  libshutdown2.o(.ARM.Collect$$libshutdown$$0000000C)
    __rt_entry                               0x080001ad   Thumb Code     0  __rtentry.o(.ARM.Collect$$rtentry$$00000000)
    __rt_entry_presh_1                       0x080001ad   Thumb Code     0  __rtentry2.o(.ARM.Collect$$rtentry$$00000002)
    __rt_entry_sh                            0x080001ad   Thumb Code     0  __rtentry4.o(.ARM.Collect$$rtentry$$00000004)
    __rt_entry_li                            0x080001b3   Thumb Code     0  __rtentry2.o(.ARM.Collect$$rtentry$$0000000A)
    __rt_entry_postsh_1                      0x080001b3   Thumb Code     0  __rtentry2.o(.ARM.Collect$$rtentry$$00000009)
    __rt_entry_main                          0x080001b7   Thumb Code     0  __rtentry2.o(.ARM.Collect$$rtentry$$0000000D)
    __rt_entry_postli_1                      0x080001b7   Thumb Code     0  __rtentry2.o(.ARM.Collect$$rtentry$$0000000C)
    __rt_exit                                0x080001bf   Thumb Code     0  rtexit.o(.ARM.Collect$$rtexit$$00000000)
    __rt_exit_ls                             0x080001c1   Thumb Code     0  rtexit2.o(.ARM.Collect$$rtexit$$00000003)
    __rt_exit_prels_1                        0x080001c1   Thumb Code     0  rtexit2.o(.ARM.Collect$$rtexit$$00000002)
    __rt_exit_exit                           0x080001c5   Thumb Code     0  rtexit2.o(.ARM.Collect$$rtexit$$00000004)
    SystemInit_ExtMemCtl                     0x080001cd   Thumb Code     2  startup_stm32f10x_hd.o(.text)
    Reset_Handler                            0x080001cf   Thumb Code    14  startup_stm32f10x_hd.o(.text)
    ADC1_2_IRQHandler                        0x080001ef   Thumb Code     0  startup_stm32f10x_hd.o(.text)
    ADC3_IRQHandler                          0x080001ef   Thumb Code     0  startup_stm32f10x_hd.o(.text)
    CAN1_RX1_IRQHandler                      0x080001ef   Thumb Code     0  startup_stm32f10x_hd.o(.text)
    CAN1_SCE_IRQHandler                      0x080001ef   Thumb Code     0  startup_stm32f10x_hd.o(.text)
    DMA1_Channel1_IRQHandler                 0x080001ef   Thumb Code     0  startup_stm32f10x_hd.o(.text)
    DMA1_Channel2_IRQHandler                 0x080001ef   Thumb Code     0  startup_stm32f10x_hd.o(.text)
    DMA1_Channel3_IRQHandler                 0x080001ef   Thumb Code     0  startup_stm32f10x_hd.o(.text)
    DMA1_Channel5_IRQHandler                 0x080001ef   Thumb Code     0  startup_stm32f10x_hd.o(.text)
    DMA1_Channel6_IRQHandler                 0x080001ef   Thumb Code     0  startup_stm32f10x_hd.o(.text)
    DMA1_Channel7_IRQHandler                 0x080001ef   Thumb Code     0  startup_stm32f10x_hd.o(.text)
    DMA2_Channel1_IRQHandler                 0x080001ef   Thumb Code     0  startup_stm32f10x_hd.o(.text)
    DMA2_Channel2_IRQHandler                 0x080001ef   Thumb Code     0  startup_stm32f10x_hd.o(.text)
    DMA2_Channel3_IRQHandler                 0x080001ef   Thumb Code     0  startup_stm32f10x_hd.o(.text)
    DMA2_Channel4_5_IRQHandler               0x080001ef   Thumb Code     0  startup_stm32f10x_hd.o(.text)
    EXTI0_IRQHandler                         0x080001ef   Thumb Code     0  startup_stm32f10x_hd.o(.text)
    EXTI15_10_IRQHandler                     0x080001ef   Thumb Code     0  startup_stm32f10x_hd.o(.text)
    EXTI1_IRQHandler                         0x080001ef   Thumb Code     0  startup_stm32f10x_hd.o(.text)
    EXTI2_IRQHandler                         0x080001ef   Thumb Code     0  startup_stm32f10x_hd.o(.text)
    EXTI3_IRQHandler                         0x080001ef   Thumb Code     0  startup_stm32f10x_hd.o(.text)
    EXTI4_IRQHandler                         0x080001ef   Thumb Code     0  startup_stm32f10x_hd.o(.text)
    EXTI9_5_IRQHandler                       0x080001ef   Thumb Code     0  startup_stm32f10x_hd.o(.text)
    FLASH_IRQHandler                         0x080001ef   Thumb Code     0  startup_stm32f10x_hd.o(.text)
    FSMC_IRQHandler                          0x080001ef   Thumb Code     0  startup_stm32f10x_hd.o(.text)
    I2C1_ER_IRQHandler                       0x080001ef   Thumb Code     0  startup_stm32f10x_hd.o(.text)
    I2C1_EV_IRQHandler                       0x080001ef   Thumb Code     0  startup_stm32f10x_hd.o(.text)
    I2C2_ER_IRQHandler                       0x080001ef   Thumb Code     0  startup_stm32f10x_hd.o(.text)
    I2C2_EV_IRQHandler                       0x080001ef   Thumb Code     0  startup_stm32f10x_hd.o(.text)
    PVD_IRQHandler                           0x080001ef   Thumb Code     0  startup_stm32f10x_hd.o(.text)
    RCC_IRQHandler                           0x080001ef   Thumb Code     0  startup_stm32f10x_hd.o(.text)
    RTCAlarm_IRQHandler                      0x080001ef   Thumb Code     0  startup_stm32f10x_hd.o(.text)
    RTC_IRQHandler                           0x080001ef   Thumb Code     0  startup_stm32f10x_hd.o(.text)
    SDIO_IRQHandler                          0x080001ef   Thumb Code     0  startup_stm32f10x_hd.o(.text)
    SPI1_IRQHandler                          0x080001ef   Thumb Code     0  startup_stm32f10x_hd.o(.text)
    SPI2_IRQHandler                          0x080001ef   Thumb Code     0  startup_stm32f10x_hd.o(.text)
    SPI3_IRQHandler                          0x080001ef   Thumb Code     0  startup_stm32f10x_hd.o(.text)
    TAMPER_IRQHandler                        0x080001ef   Thumb Code     0  startup_stm32f10x_hd.o(.text)
    TIM1_BRK_IRQHandler                      0x080001ef   Thumb Code     0  startup_stm32f10x_hd.o(.text)
    TIM1_CC_IRQHandler                       0x080001ef   Thumb Code     0  startup_stm32f10x_hd.o(.text)
    TIM1_TRG_COM_IRQHandler                  0x080001ef   Thumb Code     0  startup_stm32f10x_hd.o(.text)
    TIM1_UP_IRQHandler                       0x080001ef   Thumb Code     0  startup_stm32f10x_hd.o(.text)
    TIM2_IRQHandler                          0x080001ef   Thumb Code     0  startup_stm32f10x_hd.o(.text)
    TIM3_IRQHandler                          0x080001ef   Thumb Code     0  startup_stm32f10x_hd.o(.text)
    TIM4_IRQHandler                          0x080001ef   Thumb Code     0  startup_stm32f10x_hd.o(.text)
    TIM5_IRQHandler                          0x080001ef   Thumb Code     0  startup_stm32f10x_hd.o(.text)
    TIM6_IRQHandler                          0x080001ef   Thumb Code     0  startup_stm32f10x_hd.o(.text)
    TIM7_IRQHandler                          0x080001ef   Thumb Code     0  startup_stm32f10x_hd.o(.text)
    TIM8_BRK_IRQHandler                      0x080001ef   Thumb Code     0  startup_stm32f10x_hd.o(.text)
    TIM8_CC_IRQHandler                       0x080001ef   Thumb Code     0  startup_stm32f10x_hd.o(.text)
    TIM8_TRG_COM_IRQHandler                  0x080001ef   Thumb Code     0  startup_stm32f10x_hd.o(.text)
    TIM8_UP_IRQHandler                       0x080001ef   Thumb Code     0  startup_stm32f10x_hd.o(.text)
    UART4_IRQHandler                         0x080001ef   Thumb Code     0  startup_stm32f10x_hd.o(.text)
    UART5_IRQHandler                         0x080001ef   Thumb Code     0  startup_stm32f10x_hd.o(.text)
    USART2_IRQHandler                        0x080001ef   Thumb Code     0  startup_stm32f10x_hd.o(.text)
    USART3_IRQHandler                        0x080001ef   Thumb Code     0  startup_stm32f10x_hd.o(.text)
    USBWakeUp_IRQHandler                     0x080001ef   Thumb Code     0  startup_stm32f10x_hd.o(.text)
    USB_HP_CAN1_TX_IRQHandler                0x080001ef   Thumb Code     0  startup_stm32f10x_hd.o(.text)
    USB_LP_CAN1_RX0_IRQHandler               0x080001ef   Thumb Code     0  startup_stm32f10x_hd.o(.text)
    WWDG_IRQHandler                          0x080001ef   Thumb Code     0  startup_stm32f10x_hd.o(.text)
    __user_initial_stackheap                 0x080001f1   Thumb Code     0  startup_stm32f10x_hd.o(.text)
    OS_CPU_SR_Save                           0x08000215   Thumb Code     0  os_cpu_a.o(.text)
    OS_CPU_SR_Restore                        0x0800021d   Thumb Code     0  os_cpu_a.o(.text)
    OSStartHighRdy                           0x08000223   Thumb Code     0  os_cpu_a.o(.text)
    OSCtxSw                                  0x08000243   Thumb Code     0  os_cpu_a.o(.text)
    OSIntCtxSw                               0x0800024d   Thumb Code     0  os_cpu_a.o(.text)
    OS_CPU_PendSVHandler                     0x08000257   Thumb Code     0  os_cpu_a.o(.text)
    __use_two_region_memory                  0x080002b9   Thumb Code     2  heapauxi.o(.text)
    __rt_heap_escrow$2region                 0x080002bb   Thumb Code     2  heapauxi.o(.text)
    __rt_heap_expand$2region                 0x080002bd   Thumb Code     2  heapauxi.o(.text)
    __user_setup_stackheap                   0x080002bf   Thumb Code    74  sys_stackheap_outer.o(.text)
    exit                                     0x08000309   Thumb Code    18  exit.o(.text)
    __user_libspace                          0x0800031d   Thumb Code     8  libspace.o(.text)
    __user_perproc_libspace                  0x0800031d   Thumb Code     0  libspace.o(.text)
    __user_perthread_libspace                0x0800031d   Thumb Code     0  libspace.o(.text)
    _sys_exit                                0x08000325   Thumb Code     8  sys_exit.o(.text)
    __I$use$semihosting                      0x08000331   Thumb Code     0  use_no_semi.o(.text)
    __use_no_semihosting_swi                 0x08000331   Thumb Code     2  use_no_semi.o(.text)
    BSP_Init                                 0x08000333   Thumb Code    40  bsp.o(i.BSP_Init)
    __semihosting_library_function           0x08000333   Thumb Code     0  indicate_semi.o(.text)
    BusFault_Handler                         0x0800035b   Thumb Code     4  stm32f10x_it.o(i.BusFault_Handler)
    DM13A_GPIO_Config                        0x08000361   Thumb Code    76  dm13a.o(i.DM13A_GPIO_Config)
    DMA1_Channel4_IRQHandler                 0x080003b1   Thumb Code    42  stm32f10x_it.o(i.DMA1_Channel4_IRQHandler)
    DMA_ClearFlag                            0x080003e1   Thumb Code    18  stm32f10x_dma.o(i.DMA_ClearFlag)
    DMA_Cmd                                  0x080003fd   Thumb Code    24  stm32f10x_dma.o(i.DMA_Cmd)
    DMA_Config                               0x08000415   Thumb Code    90  usart1.o(i.DMA_Config)
    DMA_GetFlagStatus                        0x0800047d   Thumb Code    36  stm32f10x_dma.o(i.DMA_GetFlagStatus)
    DMA_Init                                 0x080004a9   Thumb Code    60  stm32f10x_dma.o(i.DMA_Init)
    DS18B20_GPIO_Init                        0x080004e5   Thumb Code    40  ds18b20.o(i.DS18B20_GPIO_Init)
    DS18B20_Init                             0x08000511   Thumb Code     8  ds18b20.o(i.DS18B20_Init)
    DebugMon_Handler                         0x08000519   Thumb Code     2  stm32f10x_it.o(i.DebugMon_Handler)
    Eight_Display                            0x0800051b   Thumb Code     2  8eight.o(i.Eight_Display)
    Eleven_Display                           0x0800051d   Thumb Code     2  11eleven.o(i.Eleven_Display)
    Five_Display                             0x0800051f   Thumb Code     2  5five.o(i.Five_Display)
    Four_Display                             0x08000521   Thumb Code     2  4four.o(i.Four_Display)
    Fourteen_Display                         0x08000523   Thumb Code     2  14fourteen.o(i.Fourteen_Display)
    Function_InBefore                        0x08000525   Thumb Code     2  function.o(i.Function_InBefore)
    GPIO_Init                                0x08000527   Thumb Code   278  stm32f10x_gpio.o(i.GPIO_Init)
    GPIO_ResetBits                           0x0800063d   Thumb Code     4  stm32f10x_gpio.o(i.GPIO_ResetBits)
    GPIO_SetBits                             0x08000641   Thumb Code     4  stm32f10x_gpio.o(i.GPIO_SetBits)
    HaiShen_Display                          0x08000645   Thumb Code   130  cdisplay_1.o(i.HaiShen_Display)
    HardFault_Handler                        0x080006cd   Thumb Code     4  stm32f10x_it.o(i.HardFault_Handler)
    KEY_GPIO_Config                          0x080006d1   Thumb Code    78  key.o(i.KEY_GPIO_Config)
    Key_RunTime                              0x08000725   Thumb Code     2  keyrun.o(i.Key_RunTime)
    LCD_Display                              0x08000729   Thumb Code   118  lcd.o(i.LCD_Display)
    LCD_DisplayChar1616                      0x080007a5   Thumb Code    38  lcd.o(i.LCD_DisplayChar1616)
    LCD_DisplayChar58                        0x080007cb   Thumb Code    38  lcd.o(i.LCD_DisplayChar58)
    LCD_DisplayChar816                       0x080007f1   Thumb Code    38  lcd.o(i.LCD_DisplayChar816)
    LCD_DisplayGB2312                        0x08000819   Thumb Code   208  lcd.o(i.LCD_DisplayGB2312)
    LCD_DisplayNum                           0x080008ed   Thumb Code   104  lcd.o(i.LCD_DisplayNum)
    LCD_DisplayString58                      0x08000955   Thumb Code    76  lcd.o(i.LCD_DisplayString58)
    LCD_Init                                 0x080009a5   Thumb Code    16  lcd.o(i.LCD_Init)
    Led_OnTheNum                             0x080009b5   Thumb Code   160  dm13a.o(i.Led_OnTheNum)
    MemManage_Handler                        0x08000a59   Thumb Code     4  stm32f10x_it.o(i.MemManage_Handler)
    NMI_Handler                              0x08000a5d   Thumb Code     2  stm32f10x_it.o(i.NMI_Handler)
    NVIC_Init                                0x08000a85   Thumb Code   100  misc.o(i.NVIC_Init)
    NVIC_PriorityGroupConfig                 0x08000af5   Thumb Code    10  misc.o(i.NVIC_PriorityGroupConfig)
    Nine_Display                             0x08000b09   Thumb Code     2  9nine.o(i.Nine_Display)
    OSDebugInit                              0x08000b0d   Thumb Code    94  os_dbg.o(i.OSDebugInit)
    OSInit                                   0x08000c21   Thumb Code    40  os_core.o(i.OSInit)
    OSInitHookBegin                          0x08000c49   Thumb Code     2  os_cpu_c.o(i.OSInitHookBegin)
    OSInitHookEnd                            0x08000c4b   Thumb Code     2  os_cpu_c.o(i.OSInitHookEnd)
    OSIntEnter                               0x08000c4d   Thumb Code    28  os_core.o(i.OSIntEnter)
    OSIntExit                                0x08000c71   Thumb Code   112  os_core.o(i.OSIntExit)
    OSSemCreate                              0x08000d01   Thumb Code    78  os_sem.o(i.OSSemCreate)
    OSSemPend                                0x08000d59   Thumb Code   240  os_sem.o(i.OSSemPend)
    OSSemPost                                0x08000e55   Thumb Code    94  os_sem.o(i.OSSemPost)
    OSStart                                  0x08000eb5   Thumb Code    48  os_core.o(i.OSStart)
    OSTCBInitHook                            0x08000efd   Thumb Code     2  os_cpu_c.o(i.OSTCBInitHook)
    OSTaskCreate                             0x08000f01   Thumb Code   158  os_task.o(i.OSTaskCreate)
    OSTaskCreateExt                          0x08000fad   Thumb Code   180  os_task.o(i.OSTaskCreateExt)
    OSTaskCreateHook                         0x0800106d   Thumb Code     2  os_cpu_c.o(i.OSTaskCreateHook)
    OSTaskIdleHook                           0x0800106f   Thumb Code     2  os_cpu_c.o(i.OSTaskIdleHook)
    OSTaskNameSet                            0x08001071   Thumb Code   160  os_task.o(i.OSTaskNameSet)
    OSTaskStatHook                           0x0800111d   Thumb Code     2  os_cpu_c.o(i.OSTaskStatHook)
    OSTaskStkChk                             0x08001121   Thumb Code   150  os_task.o(i.OSTaskStkChk)
    OSTaskStkInit                            0x080011c1   Thumb Code   154  os_cpu_c.o(i.OSTaskStkInit)
    OSTaskSuspend                            0x0800125d   Thumb Code   172  os_task.o(i.OSTaskSuspend)
    OSTaskSwHook                             0x08001319   Thumb Code     2  os_cpu_c.o(i.OSTaskSwHook)
    OSTimeDly                                0x0800131d   Thumb Code    96  os_time.o(i.OSTimeDly)
    OSTimeDlyHMSM                            0x0800138d   Thumb Code   160  os_time.o(i.OSTimeDlyHMSM)
    OSTimeTick                               0x08001431   Thumb Code   210  os_core.o(i.OSTimeTick)
    OSTimeTickHook                           0x0800151d   Thumb Code     2  os_cpu_c.o(i.OSTimeTickHook)
    OS_EventTaskRdy                          0x08001521   Thumb Code   114  os_core.o(i.OS_EventTaskRdy)
    OS_EventTaskRemove                       0x080015a5   Thumb Code    42  os_core.o(i.OS_EventTaskRemove)
    OS_EventTaskWait                         0x080015d1   Thumb Code   112  os_core.o(i.OS_EventTaskWait)
    OS_EventWaitListInit                     0x0800164d   Thumb Code    28  os_core.o(i.OS_EventWaitListInit)
    OS_MemClr                                0x0800185d   Thumb Code    18  os_core.o(i.OS_MemClr)
    OS_Sched                                 0x08001871   Thumb Code    86  os_core.o(i.OS_Sched)
    OS_StrCopy                               0x08001911   Thumb Code    28  os_core.o(i.OS_StrCopy)
    OS_StrLen                                0x0800192d   Thumb Code    20  os_core.o(i.OS_StrLen)
    OS_TCBInit                               0x08001941   Thumb Code   256  os_core.o(i.OS_TCBInit)
    OS_TaskIdle                              0x08001a59   Thumb Code    32  os_core.o(i.OS_TaskIdle)
    OS_TaskStat                              0x08001a7d   Thumb Code   114  os_core.o(i.OS_TaskStat)
    OS_TaskStatStkChk                        0x08001b05   Thumb Code    54  os_core.o(i.OS_TaskStatStkChk)
    OS_TaskStkClr                            0x08001b41   Thumb Code    26  os_task.o(i.OS_TaskStkClr)
    One_Display                              0x08001b5b   Thumb Code     2  1one.o(i.One_Display)
    RCC_AHBPeriphClockCmd                    0x08001b5d   Thumb Code    26  stm32f10x_rcc.o(i.RCC_AHBPeriphClockCmd)
    RCC_APB2PeriphClockCmd                   0x08001b7d   Thumb Code    26  stm32f10x_rcc.o(i.RCC_APB2PeriphClockCmd)
    RCC_GetClocksFreq                        0x08001b9d   Thumb Code   192  stm32f10x_rcc.o(i.RCC_GetClocksFreq)
    Relay_Init                               0x08001c71   Thumb Code    66  dm13a.o(i.Relay_Init)
    SCREEN_Clear                             0x08001cb9   Thumb Code    56  screen.o(i.SCREEN_Clear)
    SCREEN_Display12864                      0x08001cf1   Thumb Code    50  screen.o(i.SCREEN_Display12864)
    SCREEN_Display1616                       0x08001d23   Thumb Code    60  screen.o(i.SCREEN_Display1616)
    SCREEN_Display816                        0x08001d5f   Thumb Code    60  screen.o(i.SCREEN_Display816)
    SCREEN_Init                              0x08001d9d   Thumb Code    96  screen.o(i.SCREEN_Init)
    SCREEN_WriteAddr                         0x08001e01   Thumb Code    38  screen.o(i.SCREEN_WriteAddr)
    SCREEN_WriteCommand                      0x08001e29   Thumb Code    90  screen.o(i.SCREEN_WriteCommand)
    SCREEN_WriteData                         0x08001e89   Thumb Code    94  screen.o(i.SCREEN_WriteData)
    SPI_Cmd                                  0x08001eed   Thumb Code    24  stm32f10x_spi.o(i.SPI_Cmd)
    SPI_I2S_GetFlagStatus                    0x08001f05   Thumb Code    18  stm32f10x_spi.o(i.SPI_I2S_GetFlagStatus)
    SPI_I2S_ReceiveData                      0x08001f17   Thumb Code     6  stm32f10x_spi.o(i.SPI_I2S_ReceiveData)
    SPI_I2S_SendData                         0x08001f1d   Thumb Code     4  stm32f10x_spi.o(i.SPI_I2S_SendData)
    SPI_Init                                 0x08001f21   Thumb Code    60  stm32f10x_spi.o(i.SPI_Init)
    SPI_TransChar                            0x08001f5d   Thumb Code    50  ziku.o(i.SPI_TransChar)
    SPI_ZikuInit                             0x08001f95   Thumb Code   176  ziku.o(i.SPI_ZikuInit)
    SPI_ZikuReadChar                         0x0800204d   Thumb Code    56  ziku.o(i.SPI_ZikuReadChar)
    SPI_ZikuWriteAddr                        0x08002089   Thumb Code    34  ziku.o(i.SPI_ZikuWriteAddr)
    SVC_Handler                              0x080020ab   Thumb Code     2  stm32f10x_it.o(i.SVC_Handler)
    Screen_GPIO_Init                         0x080020ad   Thumb Code    40  screen.o(i.Screen_GPIO_Init)
    Set_Function                             0x080021c1   Thumb Code    20  function.o(i.Set_Function)
    Seven_Display                            0x080021d5   Thumb Code     2  7seven.o(i.Seven_Display)
    Six_Display                              0x080021d7   Thumb Code     2  6six.o(i.Six_Display)
    SysTick_Handler                          0x080021d9   Thumb Code    16  stm32f10x_it.o(i.SysTick_Handler)
    SystemInit                               0x080021e9   Thumb Code    78  system_stm32f10x.o(i.SystemInit)
    Systick_Init                             0x08002249   Thumb Code    74  bsp.o(i.Systick_Init)
    TASK_KeyScan                             0x080022a1   Thumb Code     8  app.o(i.TASK_KeyScan)
    TASK_LcdDisplay                          0x080022a9   Thumb Code    22  app.o(i.TASK_LcdDisplay)
    TASK_Master                              0x080022c5   Thumb Code    12  app.o(i.TASK_Master)
    TASK_Time                                0x080022d1   Thumb Code    22  app.o(i.TASK_Time)
    TASK_UpdateTime                          0x080022ed   Thumb Code    22  app.o(i.TASK_UpdateTime)
    Task_RunInit                             0x08002309   Thumb Code   134  app.o(i.Task_RunInit)
    Ten_Display                              0x080023bd   Thumb Code     2  10ten.o(i.Ten_Display)
    Thirteen_Display                         0x080023bf   Thumb Code     2  13thirteen.o(i.Thirteen_Display)
    Three_Display                            0x080023c1   Thumb Code     2  3three.o(i.Three_Display)
    Time_RunMuch                             0x080023c3   Thumb Code     2  updatetime.o(i.Time_RunMuch)
    Twelve_Display                           0x080023c5   Thumb Code     2  12twelve.o(i.Twelve_Display)
    Two_Display                              0x080023c7   Thumb Code     2  2two.o(i.Two_Display)
    USART1_Config                            0x080023c9   Thumb Code   126  usart1.o(i.USART1_Config)
    USART1_IRQHandler                        0x08002451   Thumb Code     2  stm32f10x_it.o(i.USART1_IRQHandler)
    USART_Cmd                                0x08002453   Thumb Code    24  stm32f10x_usart.o(i.USART_Cmd)
    USART_DMACmd                             0x0800246b   Thumb Code    18  stm32f10x_usart.o(i.USART_DMACmd)
    USART_ITConfig                           0x0800247d   Thumb Code    74  stm32f10x_usart.o(i.USART_ITConfig)
    USART_Init                               0x080024c9   Thumb Code   210  stm32f10x_usart.o(i.USART_Init)
    Update_Time                              0x080025a1   Thumb Code   116  updatetime.o(i.Update_Time)
    UsageFault_Handler                       0x08002621   Thumb Code     4  stm32f10x_it.o(i.UsageFault_Handler)
    Zero_Display                             0x08002625   Thumb Code    34  0zero.o(i.Zero_Display)
    main                                     0x08002689   Thumb Code    30  main.o(i.main)
    OSDebugEn                                0x080026b0   Data           2  os_dbg.o(.constdata)
    OSEndiannessTest                         0x080026b4   Data           4  os_dbg.o(.constdata)
    OSEventMax                               0x080026b8   Data           2  os_dbg.o(.constdata)
    OSEventNameSize                          0x080026ba   Data           2  os_dbg.o(.constdata)
    OSEventEn                                0x080026bc   Data           2  os_dbg.o(.constdata)
    OSEventSize                              0x080026be   Data           2  os_dbg.o(.constdata)
    OSEventTblSize                           0x080026c0   Data           2  os_dbg.o(.constdata)
    OSFlagEn                                 0x080026c2   Data           2  os_dbg.o(.constdata)
    OSFlagGrpSize                            0x080026c4   Data           2  os_dbg.o(.constdata)
    OSFlagNodeSize                           0x080026c6   Data           2  os_dbg.o(.constdata)
    OSFlagWidth                              0x080026c8   Data           2  os_dbg.o(.constdata)
    OSFlagMax                                0x080026ca   Data           2  os_dbg.o(.constdata)
    OSFlagNameSize                           0x080026cc   Data           2  os_dbg.o(.constdata)
    OSLowestPrio                             0x080026ce   Data           2  os_dbg.o(.constdata)
    OSMboxEn                                 0x080026d0   Data           2  os_dbg.o(.constdata)
    OSMemEn                                  0x080026d2   Data           2  os_dbg.o(.constdata)
    OSMemMax                                 0x080026d4   Data           2  os_dbg.o(.constdata)
    OSMemNameSize                            0x080026d6   Data           2  os_dbg.o(.constdata)
    OSMemSize                                0x080026d8   Data           2  os_dbg.o(.constdata)
    OSMemTblSize                             0x080026da   Data           2  os_dbg.o(.constdata)
    OSMutexEn                                0x080026dc   Data           2  os_dbg.o(.constdata)
    OSPtrSize                                0x080026de   Data           2  os_dbg.o(.constdata)
    OSQEn                                    0x080026e0   Data           2  os_dbg.o(.constdata)
    OSQMax                                   0x080026e2   Data           2  os_dbg.o(.constdata)
    OSQSize                                  0x080026e4   Data           2  os_dbg.o(.constdata)
    OSRdyTblSize                             0x080026e6   Data           2  os_dbg.o(.constdata)
    OSSemEn                                  0x080026e8   Data           2  os_dbg.o(.constdata)
    OSStkWidth                               0x080026ea   Data           2  os_dbg.o(.constdata)
    OSTaskCreateEn                           0x080026ec   Data           2  os_dbg.o(.constdata)
    OSTaskCreateExtEn                        0x080026ee   Data           2  os_dbg.o(.constdata)
    OSTaskDelEn                              0x080026f0   Data           2  os_dbg.o(.constdata)
    OSTaskIdleStkSize                        0x080026f2   Data           2  os_dbg.o(.constdata)
    OSTaskProfileEn                          0x080026f4   Data           2  os_dbg.o(.constdata)
    OSTaskMax                                0x080026f6   Data           2  os_dbg.o(.constdata)
    OSTaskNameSize                           0x080026f8   Data           2  os_dbg.o(.constdata)
    OSTaskStatEn                             0x080026fa   Data           2  os_dbg.o(.constdata)
    OSTaskStatStkSize                        0x080026fc   Data           2  os_dbg.o(.constdata)
    OSTaskStatStkChkEn                       0x080026fe   Data           2  os_dbg.o(.constdata)
    OSTaskSwHookEn                           0x08002700   Data           2  os_dbg.o(.constdata)
    OSTCBPrioTblMax                          0x08002702   Data           2  os_dbg.o(.constdata)
    OSTCBSize                                0x08002704   Data           2  os_dbg.o(.constdata)
    OSTicksPerSec                            0x08002706   Data           2  os_dbg.o(.constdata)
    OSTimeTickHookEn                         0x08002708   Data           2  os_dbg.o(.constdata)
    OSVersionNbr                             0x0800270a   Data           2  os_dbg.o(.constdata)
    OSDataSize                               0x0800270c   Data           2  os_dbg.o(.constdata)
    OSUnMapTbl                               0x0800270e   Data         256  os_core.o(.constdata)
    Region$$Table$$Base                      0x08002810   Number         0  anon$$obj.o(Region$$Table)
    Region$$Table$$Limit                     0x08002830   Number         0  anon$$obj.o(Region$$Table)
    OSCtxSwCtr                               0x20000000   Data           4  os_core.o(.data)
    OSEventFreeList                          0x20000004   Data           4  os_core.o(.data)
    OSCPUUsage                               0x20000008   Data           1  os_core.o(.data)
    OSIdleCtrMax                             0x2000000c   Data           4  os_core.o(.data)
    OSIdleCtrRun                             0x20000010   Data           4  os_core.o(.data)
    OSStatRdy                                0x20000014   Data           1  os_core.o(.data)
    OSIntNesting                             0x20000015   Data           1  os_core.o(.data)
    OSLockNesting                            0x20000016   Data           1  os_core.o(.data)
    OSPrioCur                                0x20000017   Data           1  os_core.o(.data)
    OSPrioHighRdy                            0x20000018   Data           1  os_core.o(.data)
    OSRdyGrp                                 0x20000019   Data           1  os_core.o(.data)
    OSRdyTbl                                 0x2000001a   Data           4  os_core.o(.data)
    OSRunning                                0x2000001e   Data           1  os_core.o(.data)
    OSTaskCtr                                0x2000001f   Data           1  os_core.o(.data)
    OSIdleCtr                                0x20000020   Data           4  os_core.o(.data)
    OSTCBCur                                 0x20000024   Data           4  os_core.o(.data)
    OSTCBFreeList                            0x20000028   Data           4  os_core.o(.data)
    OSTCBHighRdy                             0x2000002c   Data           4  os_core.o(.data)
    OSTCBList                                0x20000030   Data           4  os_core.o(.data)
    OSTickStepState                          0x20000034   Data           1  os_core.o(.data)
    OSTime                                   0x20000038   Data           4  os_core.o(.data)
    Time_Page                                0x20000050   Data           1  updatetime.o(.data)
    Time_Colum                               0x20000051   Data           1  updatetime.o(.data)
    Time_Num                                 0x20000052   Data           1  updatetime.o(.data)
    OSEventTbl                               0x20000054   Data         320  os_core.o(.bss)
    OSTaskStatStk                            0x20000194   Data         512  os_core.o(.bss)
    OSTaskIdleStk                            0x20000394   Data         512  os_core.o(.bss)
    OSTCBPrioTbl                             0x20000594   Data         128  os_core.o(.bss)
    OSTCBTbl                                 0x20000614   Data        1440  os_core.o(.bss)
    Usart_Rec_Buf                            0x20000bb4   Data         128  usart1.o(.bss)
    Usart_Send_Buf                           0x20000c34   Data          64  usart1.o(.bss)
    TASK_KeyScan_Stk                         0x20000d74   Data         192  app.o(.bss)
    TASK_Time_Stk                            0x20000e34   Data         192  app.o(.bss)
    TASK_LcdDisplay_Stk                      0x20000ef4   Data         256  app.o(.bss)
    TASK_UpdateTime_Stk                      0x20000ff4   Data         192  app.o(.bss)
    TASK_WtAndDp_Stk                         0x200010b4   Data         192  app.o(.bss)
    SemEventSet                              0x20001174   Data          24  function.o(.bss)
    FuncStatus                               0x2000118c   Data          28  function.o(.bss)
    LCD_DisplayParam                         0x200011a8   Data          12  function.o(.bss)
    __libspace_start                         0x200011b4   Data          96  libspace.o(.bss)
    __temporary_stack_top$libspace           0x20001214   Data           0  libspace.o(.bss)



==============================================================================

Memory Map of the image

  Image Entry point : 0x080001cf

  Load Region LR_1 (Base: 0x08000000, Size: 0x00002884, Max: 0xffffffff, ABSOLUTE)

    Execution Region ER_RO (Base: 0x08000000, Size: 0x00002830, Max: 0xffffffff, ABSOLUTE)

    Base Addr    Size         Type   Attr      Idx    E Section Name        Object

    0x08000000   0x00000130   Data   RO            3    RESET               startup_stm32f10x_hd.o
    0x08000130   0x00000008   Code   RO         4805  * !!!main             c_w.l(__main.o)
    0x08000138   0x00000034   Code   RO         4962    !!!scatter          c_w.l(__scatter.o)
    0x0800016c   0x0000001a   Code   RO         4964    !!handler_copy      c_w.l(__scatter_copy.o)
    0x08000186   0x00000002   PAD
    0x08000188   0x0000001c   Code   RO         4966    !!handler_zi        c_w.l(__scatter_zi.o)
    0x080001a4   0x00000002   Code   RO         4832    .ARM.Collect$$libinit$$00000000  c_w.l(libinit.o)
    0x080001a6   0x00000000   Code   RO         4839    .ARM.Collect$$libinit$$00000002  c_w.l(libinit2.o)
    0x080001a6   0x00000000   Code   RO         4841    .ARM.Collect$$libinit$$00000004  c_w.l(libinit2.o)
    0x080001a6   0x00000000   Code   RO         4844    .ARM.Collect$$libinit$$0000000A  c_w.l(libinit2.o)
    0x080001a6   0x00000000   Code   RO         4846    .ARM.Collect$$libinit$$0000000C  c_w.l(libinit2.o)
    0x080001a6   0x00000000   Code   RO         4848    .ARM.Collect$$libinit$$0000000E  c_w.l(libinit2.o)
    0x080001a6   0x00000000   Code   RO         4851    .ARM.Collect$$libinit$$00000011  c_w.l(libinit2.o)
    0x080001a6   0x00000000   Code   RO         4853    .ARM.Collect$$libinit$$00000013  c_w.l(libinit2.o)
    0x080001a6   0x00000000   Code   RO         4855    .ARM.Collect$$libinit$$00000015  c_w.l(libinit2.o)
    0x080001a6   0x00000000   Code   RO         4857    .ARM.Collect$$libinit$$00000017  c_w.l(libinit2.o)
    0x080001a6   0x00000000   Code   RO         4859    .ARM.Collect$$libinit$$00000019  c_w.l(libinit2.o)
    0x080001a6   0x00000000   Code   RO         4861    .ARM.Collect$$libinit$$0000001B  c_w.l(libinit2.o)
    0x080001a6   0x00000000   Code   RO         4863    .ARM.Collect$$libinit$$0000001D  c_w.l(libinit2.o)
    0x080001a6   0x00000000   Code   RO         4865    .ARM.Collect$$libinit$$0000001F  c_w.l(libinit2.o)
    0x080001a6   0x00000000   Code   RO         4867    .ARM.Collect$$libinit$$00000021  c_w.l(libinit2.o)
    0x080001a6   0x00000000   Code   RO         4869    .ARM.Collect$$libinit$$00000023  c_w.l(libinit2.o)
    0x080001a6   0x00000000   Code   RO         4871    .ARM.Collect$$libinit$$00000025  c_w.l(libinit2.o)
    0x080001a6   0x00000000   Code   RO         4875    .ARM.Collect$$libinit$$0000002C  c_w.l(libinit2.o)
    0x080001a6   0x00000000   Code   RO         4877    .ARM.Collect$$libinit$$0000002E  c_w.l(libinit2.o)
    0x080001a6   0x00000000   Code   RO         4879    .ARM.Collect$$libinit$$00000030  c_w.l(libinit2.o)
    0x080001a6   0x00000000   Code   RO         4881    .ARM.Collect$$libinit$$00000032  c_w.l(libinit2.o)
    0x080001a6   0x00000002   Code   RO         4882    .ARM.Collect$$libinit$$00000033  c_w.l(libinit2.o)
    0x080001a8   0x00000002   Code   RO         4902    .ARM.Collect$$libshutdown$$00000000  c_w.l(libshutdown.o)
    0x080001aa   0x00000000   Code   RO         4915    .ARM.Collect$$libshutdown$$00000002  c_w.l(libshutdown2.o)
    0x080001aa   0x00000000   Code   RO         4917    .ARM.Collect$$libshutdown$$00000004  c_w.l(libshutdown2.o)
    0x080001aa   0x00000000   Code   RO         4920    .ARM.Collect$$libshutdown$$00000007  c_w.l(libshutdown2.o)
    0x080001aa   0x00000000   Code   RO         4923    .ARM.Collect$$libshutdown$$0000000A  c_w.l(libshutdown2.o)
    0x080001aa   0x00000000   Code   RO         4925    .ARM.Collect$$libshutdown$$0000000C  c_w.l(libshutdown2.o)
    0x080001aa   0x00000000   Code   RO         4928    .ARM.Collect$$libshutdown$$0000000F  c_w.l(libshutdown2.o)
    0x080001aa   0x00000002   Code   RO         4929    .ARM.Collect$$libshutdown$$00000010  c_w.l(libshutdown2.o)
    0x080001ac   0x00000000   Code   RO         4807    .ARM.Collect$$rtentry$$00000000  c_w.l(__rtentry.o)
    0x080001ac   0x00000000   Code   RO         4809    .ARM.Collect$$rtentry$$00000002  c_w.l(__rtentry2.o)
    0x080001ac   0x00000006   Code   RO         4821    .ARM.Collect$$rtentry$$00000004  c_w.l(__rtentry4.o)
    0x080001b2   0x00000000   Code   RO         4811    .ARM.Collect$$rtentry$$00000009  c_w.l(__rtentry2.o)
    0x080001b2   0x00000004   Code   RO         4812    .ARM.Collect$$rtentry$$0000000A  c_w.l(__rtentry2.o)
    0x080001b6   0x00000000   Code   RO         4814    .ARM.Collect$$rtentry$$0000000C  c_w.l(__rtentry2.o)
    0x080001b6   0x00000008   Code   RO         4815    .ARM.Collect$$rtentry$$0000000D  c_w.l(__rtentry2.o)
    0x080001be   0x00000002   Code   RO         4836    .ARM.Collect$$rtexit$$00000000  c_w.l(rtexit.o)
    0x080001c0   0x00000000   Code   RO         4884    .ARM.Collect$$rtexit$$00000002  c_w.l(rtexit2.o)
    0x080001c0   0x00000004   Code   RO         4885    .ARM.Collect$$rtexit$$00000003  c_w.l(rtexit2.o)
    0x080001c4   0x00000006   Code   RO         4886    .ARM.Collect$$rtexit$$00000004  c_w.l(rtexit2.o)
    0x080001ca   0x00000002   PAD
    0x080001cc   0x00000048   Code   RO            4  * .text               startup_stm32f10x_hd.o
    0x08000214   0x000000a4   Code   RO          112    .text               os_cpu_a.o
    0x080002b8   0x00000006   Code   RO         4803    .text               c_w.l(heapauxi.o)
    0x080002be   0x0000004a   Code   RO         4823    .text               c_w.l(sys_stackheap_outer.o)
    0x08000308   0x00000012   Code   RO         4825    .text               c_w.l(exit.o)
    0x0800031a   0x00000002   PAD
    0x0800031c   0x00000008   Code   RO         4833    .text               c_w.l(libspace.o)
    0x08000324   0x0000000c   Code   RO         4894    .text               c_w.l(sys_exit.o)
    0x08000330   0x00000002   Code   RO         4905    .text               c_w.l(use_no_semi.o)
    0x08000332   0x00000000   Code   RO         4907    .text               c_w.l(indicate_semi.o)
    0x08000332   0x00000028   Code   RO         3625    i.BSP_Init          bsp.o
    0x0800035a   0x00000004   Code   RO         4170    i.BusFault_Handler  stm32f10x_it.o
    0x0800035e   0x00000002   PAD
    0x08000360   0x00000050   Code   RO         3835    i.DM13A_GPIO_Config  dm13a.o
    0x080003b0   0x00000030   Code   RO         4171    i.DMA1_Channel4_IRQHandler  stm32f10x_it.o
    0x080003e0   0x0000001c   Code   RO         1353    i.DMA_ClearFlag     stm32f10x_dma.o
    0x080003fc   0x00000018   Code   RO         1355    i.DMA_Cmd           stm32f10x_dma.o
    0x08000414   0x00000068   Code   RO         3758    i.DMA_Config        usart1.o
    0x0800047c   0x0000002c   Code   RO         1358    i.DMA_GetFlagStatus  stm32f10x_dma.o
    0x080004a8   0x0000003c   Code   RO         1361    i.DMA_Init          stm32f10x_dma.o
    0x080004e4   0x0000002c   Code   RO         3861    i.DS18B20_GPIO_Init  ds18b20.o
    0x08000510   0x00000008   Code   RO         3863    i.DS18B20_Init      ds18b20.o
    0x08000518   0x00000002   Code   RO         4172    i.DebugMon_Handler  stm32f10x_it.o
    0x0800051a   0x00000002   Code   RO         4693    i.Eight_Display     8eight.o
    0x0800051c   0x00000002   Code   RO         4729    i.Eleven_Display    11eleven.o
    0x0800051e   0x00000002   Code   RO         4657    i.Five_Display      5five.o
    0x08000520   0x00000002   Code   RO         4645    i.Four_Display      4four.o
    0x08000522   0x00000002   Code   RO         4765    i.Fourteen_Display  14fourteen.o
    0x08000524   0x00000002   Code   RO         4287    i.Function_InBefore  function.o
    0x08000526   0x00000116   Code   RO         1788    i.GPIO_Init         stm32f10x_gpio.o
    0x0800063c   0x00000004   Code   RO         1795    i.GPIO_ResetBits    stm32f10x_gpio.o
    0x08000640   0x00000004   Code   RO         1796    i.GPIO_SetBits      stm32f10x_gpio.o
    0x08000644   0x00000088   Code   RO         4393    i.HaiShen_Display   cdisplay_1.o
    0x080006cc   0x00000004   Code   RO         4173    i.HardFault_Handler  stm32f10x_it.o
    0x080006d0   0x00000054   Code   RO         3950    i.KEY_GPIO_Config   key.o
    0x08000724   0x00000002   Code   RO         3980    i.Key_RunTime       keyrun.o
    0x08000726   0x00000002   PAD
    0x08000728   0x0000007c   Code   RO         4003    i.LCD_Display       lcd.o
    0x080007a4   0x00000026   Code   RO         4004    i.LCD_DisplayChar1616  lcd.o
    0x080007ca   0x00000026   Code   RO         4005    i.LCD_DisplayChar58  lcd.o
    0x080007f0   0x00000026   Code   RO         4006    i.LCD_DisplayChar816  lcd.o
    0x08000816   0x00000002   PAD
    0x08000818   0x000000d4   Code   RO         4007    i.LCD_DisplayGB2312  lcd.o
    0x080008ec   0x00000068   Code   RO         4008    i.LCD_DisplayNum    lcd.o
    0x08000954   0x00000050   Code   RO         4009    i.LCD_DisplayString58  lcd.o
    0x080009a4   0x00000010   Code   RO         4010    i.LCD_Init          lcd.o
    0x080009b4   0x000000a4   Code   RO         3836    i.Led_OnTheNum      dm13a.o
    0x08000a58   0x00000004   Code   RO         4174    i.MemManage_Handler  stm32f10x_it.o
    0x08000a5c   0x00000002   Code   RO         4175    i.NMI_Handler       stm32f10x_it.o
    0x08000a5e   0x00000026   Code   RO         3759    i.NVIC_Config       usart1.o
    0x08000a84   0x00000070   Code   RO          593    i.NVIC_Init         misc.o
    0x08000af4   0x00000014   Code   RO          594    i.NVIC_PriorityGroupConfig  misc.o
    0x08000b08   0x00000002   Code   RO         4705    i.Nine_Display      9nine.o
    0x08000b0a   0x00000002   PAD
    0x08000b0c   0x00000114   Code   RO           90    i.OSDebugInit       os_dbg.o
    0x08000c20   0x00000028   Code   RO          117    i.OSInit            os_core.o
    0x08000c48   0x00000002   Code   RO           10    i.OSInitHookBegin   os_cpu_c.o
    0x08000c4a   0x00000002   Code   RO           11    i.OSInitHookEnd     os_cpu_c.o
    0x08000c4c   0x00000024   Code   RO          118    i.OSIntEnter        os_core.o
    0x08000c70   0x00000090   Code   RO          119    i.OSIntExit         os_core.o
    0x08000d00   0x00000058   Code   RO          345    i.OSSemCreate       os_sem.o
    0x08000d58   0x000000fc   Code   RO          347    i.OSSemPend         os_sem.o
    0x08000e54   0x0000005e   Code   RO          349    i.OSSemPost         os_sem.o
    0x08000eb2   0x00000002   PAD
    0x08000eb4   0x00000048   Code   RO          122    i.OSStart           os_core.o
    0x08000efc   0x00000002   Code   RO           12    i.OSTCBInitHook     os_cpu_c.o
    0x08000efe   0x00000002   PAD
    0x08000f00   0x000000ac   Code   RO          399    i.OSTaskCreate      os_task.o
    0x08000fac   0x000000c0   Code   RO          400    i.OSTaskCreateExt   os_task.o
    0x0800106c   0x00000002   Code   RO           13    i.OSTaskCreateHook  os_cpu_c.o
    0x0800106e   0x00000002   Code   RO           15    i.OSTaskIdleHook    os_cpu_c.o
    0x08001070   0x000000ac   Code   RO          404    i.OSTaskNameSet     os_task.o
    0x0800111c   0x00000002   Code   RO           16    i.OSTaskStatHook    os_cpu_c.o
    0x0800111e   0x00000002   PAD
    0x08001120   0x000000a0   Code   RO          407    i.OSTaskStkChk      os_task.o
    0x080011c0   0x0000009a   Code   RO           17    i.OSTaskStkInit     os_cpu_c.o
    0x0800125a   0x00000002   PAD
    0x0800125c   0x000000bc   Code   RO          408    i.OSTaskSuspend     os_task.o
    0x08001318   0x00000002   Code   RO           18    i.OSTaskSwHook      os_cpu_c.o
    0x0800131a   0x00000002   PAD
    0x0800131c   0x00000070   Code   RO          476    i.OSTimeDly         os_time.o
    0x0800138c   0x000000a4   Code   RO          477    i.OSTimeDlyHMSM     os_time.o
    0x08001430   0x000000ec   Code   RO          124    i.OSTimeTick        os_core.o
    0x0800151c   0x00000002   Code   RO           19    i.OSTimeTickHook    os_cpu_c.o
    0x0800151e   0x00000002   PAD
    0x08001520   0x00000084   Code   RO          127    i.OS_EventTaskRdy   os_core.o
    0x080015a4   0x0000002a   Code   RO          128    i.OS_EventTaskRemove  os_core.o
    0x080015ce   0x00000002   PAD
    0x080015d0   0x0000007c   Code   RO          129    i.OS_EventTaskWait  os_core.o
    0x0800164c   0x0000001c   Code   RO          130    i.OS_EventWaitListInit  os_core.o
    0x08001668   0x00000050   Code   RO          131    i.OS_InitEventList  os_core.o
    0x080016b8   0x00000054   Code   RO          132    i.OS_InitMisc       os_core.o
    0x0800170c   0x00000048   Code   RO          133    i.OS_InitRdyList    os_core.o
    0x08001754   0x00000068   Code   RO          134    i.OS_InitTCBList    os_core.o
    0x080017bc   0x00000050   Code   RO          135    i.OS_InitTaskIdle   os_core.o
    0x0800180c   0x00000050   Code   RO          136    i.OS_InitTaskStat   os_core.o
    0x0800185c   0x00000012   Code   RO          137    i.OS_MemClr         os_core.o
    0x0800186e   0x00000002   PAD
    0x08001870   0x00000074   Code   RO          139    i.OS_Sched          os_core.o
    0x080018e4   0x0000002c   Code   RO          140    i.OS_SchedNew       os_core.o
    0x08001910   0x0000001c   Code   RO          141    i.OS_StrCopy        os_core.o
    0x0800192c   0x00000014   Code   RO          142    i.OS_StrLen         os_core.o
    0x08001940   0x00000118   Code   RO          143    i.OS_TCBInit        os_core.o
    0x08001a58   0x00000024   Code   RO          144    i.OS_TaskIdle       os_core.o
    0x08001a7c   0x00000088   Code   RO          145    i.OS_TaskStat       os_core.o
    0x08001b04   0x0000003c   Code   RO          146    i.OS_TaskStatStkChk  os_core.o
    0x08001b40   0x0000001a   Code   RO          409    i.OS_TaskStkClr     os_task.o
    0x08001b5a   0x00000002   Code   RO         4425    i.One_Display       1one.o
    0x08001b5c   0x00000020   Code   RO         2212    i.RCC_AHBPeriphClockCmd  stm32f10x_rcc.o
    0x08001b7c   0x00000020   Code   RO         2215    i.RCC_APB2PeriphClockCmd  stm32f10x_rcc.o
    0x08001b9c   0x000000d4   Code   RO         2223    i.RCC_GetClocksFreq  stm32f10x_rcc.o
    0x08001c70   0x00000048   Code   RO         3837    i.Relay_Init        dm13a.o
    0x08001cb8   0x00000038   Code   RO         4087    i.SCREEN_Clear      screen.o
    0x08001cf0   0x00000032   Code   RO         4088    i.SCREEN_Display12864  screen.o
    0x08001d22   0x0000003c   Code   RO         4089    i.SCREEN_Display1616  screen.o
    0x08001d5e   0x0000003c   Code   RO         4091    i.SCREEN_Display816  screen.o
    0x08001d9a   0x00000002   PAD
    0x08001d9c   0x00000064   Code   RO         4092    i.SCREEN_Init       screen.o
    0x08001e00   0x00000026   Code   RO         4093    i.SCREEN_WriteAddr  screen.o
    0x08001e26   0x00000002   PAD
    0x08001e28   0x00000060   Code   RO         4094    i.SCREEN_WriteCommand  screen.o
    0x08001e88   0x00000064   Code   RO         4095    i.SCREEN_WriteData  screen.o
    0x08001eec   0x00000018   Code   RO         2698    i.SPI_Cmd           stm32f10x_spi.o
    0x08001f04   0x00000012   Code   RO         2706    i.SPI_I2S_GetFlagStatus  stm32f10x_spi.o
    0x08001f16   0x00000006   Code   RO         2709    i.SPI_I2S_ReceiveData  stm32f10x_spi.o
    0x08001f1c   0x00000004   Code   RO         2710    i.SPI_I2S_SendData  stm32f10x_spi.o
    0x08001f20   0x0000003c   Code   RO         2711    i.SPI_Init          stm32f10x_spi.o
    0x08001f5c   0x00000038   Code   RO         4057    i.SPI_TransChar     ziku.o
    0x08001f94   0x000000b8   Code   RO         4058    i.SPI_ZikuInit      ziku.o
    0x0800204c   0x0000003c   Code   RO         4059    i.SPI_ZikuReadChar  ziku.o
    0x08002088   0x00000022   Code   RO         4060    i.SPI_ZikuWriteAddr  ziku.o
    0x080020aa   0x00000002   Code   RO         4177    i.SVC_Handler       stm32f10x_it.o
    0x080020ac   0x0000002c   Code   RO         4096    i.Screen_GPIO_Init  screen.o
    0x080020d8   0x00000008   Code   RO          531    i.SetSysClock       system_stm32f10x.o
    0x080020e0   0x000000e0   Code   RO          532    i.SetSysClockTo72   system_stm32f10x.o
    0x080021c0   0x00000014   Code   RO         4290    i.Set_Function      function.o
    0x080021d4   0x00000002   Code   RO         4681    i.Seven_Display     7seven.o
    0x080021d6   0x00000002   Code   RO         4669    i.Six_Display       6six.o
    0x080021d8   0x00000010   Code   RO         4178    i.SysTick_Handler   stm32f10x_it.o
    0x080021e8   0x00000060   Code   RO          534    i.SystemInit        system_stm32f10x.o
    0x08002248   0x00000058   Code   RO         3626    i.Systick_Init      bsp.o
    0x080022a0   0x00000008   Code   RO         4242    i.TASK_KeyScan      app.o
    0x080022a8   0x0000001c   Code   RO         4243    i.TASK_LcdDisplay   app.o
    0x080022c4   0x0000000c   Code   RO         4244    i.TASK_Master       app.o
    0x080022d0   0x0000001c   Code   RO         4245    i.TASK_Time         app.o
    0x080022ec   0x0000001c   Code   RO         4246    i.TASK_UpdateTime   app.o
    0x08002308   0x000000b4   Code   RO         4247    i.Task_RunInit      app.o
    0x080023bc   0x00000002   Code   RO         4717    i.Ten_Display       10ten.o
    0x080023be   0x00000002   Code   RO         4753    i.Thirteen_Display  13thirteen.o
    0x080023c0   0x00000002   Code   RO         4633    i.Three_Display     3three.o
    0x080023c2   0x00000002   Code   RO         4357    i.Time_RunMuch      updatetime.o
    0x080023c4   0x00000002   Code   RO         4741    i.Twelve_Display    12twelve.o
    0x080023c6   0x00000002   Code   RO         4549    i.Two_Display       2two.o
    0x080023c8   0x00000088   Code   RO         3760    i.USART1_Config     usart1.o
    0x08002450   0x00000002   Code   RO         4179    i.USART1_IRQHandler  stm32f10x_it.o
    0x08002452   0x00000018   Code   RO         3392    i.USART_Cmd         stm32f10x_usart.o
    0x0800246a   0x00000012   Code   RO         3393    i.USART_DMACmd      stm32f10x_usart.o
    0x0800247c   0x0000004a   Code   RO         3398    i.USART_ITConfig    stm32f10x_usart.o
    0x080024c6   0x00000002   PAD
    0x080024c8   0x000000d8   Code   RO         3399    i.USART_Init        stm32f10x_usart.o
    0x080025a0   0x00000080   Code   RO         4358    i.Update_Time       updatetime.o
    0x08002620   0x00000004   Code   RO         4180    i.UsageFault_Handler  stm32f10x_it.o
    0x08002624   0x00000064   Code   RO         4405    i.Zero_Display      0zero.o
    0x08002688   0x00000028   Code   RO         4153    i.main              main.o
    0x080026b0   0x0000005e   Data   RO           91    .constdata          os_dbg.o
    0x0800270e   0x00000100   Data   RO          148    .constdata          os_core.o
    0x0800280e   0x00000002   PAD
    0x08002810   0x00000020   Data   RO         4960    Region$$Table       anon$$obj.o


    Execution Region ER_RW (Base: 0x20000000, Size: 0x00000054, Max: 0xffffffff, ABSOLUTE)

    Base Addr    Size         Type   Attr      Idx    E Section Name        Object

    0x20000000   0x0000003c   Data   RW          149    .data               os_core.o
    0x2000003c   0x00000014   Data   RW         2243    .data               stm32f10x_rcc.o
    0x20000050   0x00000003   Data   RW         4359    .data               updatetime.o


    Execution Region ER_ZI (Base: 0x20000054, Size: 0x000013c4, Max: 0xffffffff, ABSOLUTE)

    Base Addr    Size         Type   Attr      Idx    E Section Name        Object

    0x20000054   0x00000b60   Zero   RW          147    .bss                os_core.o
    0x20000bb4   0x000000c0   Zero   RW         3764    .bss                usart1.o
    0x20000c74   0x00000100   Zero   RW         4154    .bss                main.o
    0x20000d74   0x00000400   Zero   RW         4248    .bss                app.o
    0x20001174   0x00000040   Zero   RW         4291    .bss                function.o
    0x200011b4   0x00000060   Zero   RW         4834    .bss                c_w.l(libspace.o)
    0x20001214   0x00000004   PAD
    0x20001218   0x00000000   Zero   RW            2    HEAP                startup_stm32f10x_hd.o
    0x20001218   0x00000200   Zero   RW            1    STACK               startup_stm32f10x_hd.o


==============================================================================

Image component sizes


      Code (inc. data)   RO Data    RW Data    ZI Data      Debug   Object Name

       100         66          0          0          0        387   0zero.o
         2          0          0          0          0        370   10ten.o
         2          0          0          0          0        377   11eleven.o
         2          0          0          0          0        377   12twelve.o
         2          0          0          0          0        387   13thirteen.o
         2          0          0          0          0        387   14fourteen.o
         2          0          0          0          0        366   1one.o
         2          0          0          0          0        366   2two.o
         2          0          0          0          0        372   3three.o
         2          0          0          0          0        371   4four.o
         2          0          0          0          0        371   5five.o
         2          0          0          0          0        362   6six.o
         2          0          0          0          0        372   7seven.o
         2          0          0          0          0        372   8eight.o
         2          0          0          0          0        371   9nine.o
       284         64          0          0       1024       3446   app.o
       128         14          0          0          0      16065   bsp.o
       136         22          0          0          0        566   cdisplay_1.o
         0          0          0          0          0       3072   core_cm3.o
       316         14          0          0          0       1580   dm13a.o
        52          4          0          0          0        915   ds18b20.o
        22          0          0          0         64       2305   function.o
        84          6          0          0          0        486   key.o
         2          0          0          0          0        390   keyrun.o
       650         20          0          0          0       5271   lcd.o
        40         10          0          0        256        827   main.o
       132         22          0          0          0     206063   misc.o
      2092        378        256         60       2912      21171   os_core.o
       164         32          0          0          0        300   os_cpu_a.o
       170          0          0          0          0      14363   os_cpu_c.o
       276        182         94          0          0      11485   os_dbg.o
       434         22          0          0          0       2334   os_sem.o
       910         64          0          0          0       5368   os_task.o
       276         20          0          0          0       1440   os_time.o
       604         20          0          0          0       5423   screen.o
        72         26        304          0        512        876   startup_stm32f10x_hd.o
       156         18          0          0          0       3621   stm32f10x_dma.o
       286          0          0          0          0       2804   stm32f10x_gpio.o
        88          6          0          0          0       4052   stm32f10x_it.o
       276         32          0         20          0       4165   stm32f10x_rcc.o
       112          0          0          0          0       3490   stm32f10x_spi.o
       332          6          0          0          0       3989   stm32f10x_usart.o
       328         28          0          0          0      41409   system_stm32f10x.o
       130         12          0          3          0       1157   updatetime.o
       278         24          0          0        192       2115   usart1.o
       334         18          0          0          0       2342   ziku.o

    ----------------------------------------------------------------------
      9322       1130        688         84       4960     378498   Object Totals
         0          0         32          0          0          0   (incl. Generated)
        30          0          2          1          0          0   (incl. Padding)

    ----------------------------------------------------------------------

      Code (inc. data)   RO Data    RW Data    ZI Data      Debug   Library Member Name

         8          0          0          0          0         68   __main.o
         0          0          0          0          0          0   __rtentry.o
        12          0          0          0          0          0   __rtentry2.o
         6          0          0          0          0          0   __rtentry4.o
        52          8          0          0          0          0   __scatter.o
        26          0          0          0          0          0   __scatter_copy.o
        28          0          0          0          0          0   __scatter_zi.o
        18          0          0          0          0         80   exit.o
         6          0          0          0          0        152   heapauxi.o
         0          0          0          0          0          0   indicate_semi.o
         2          0          0          0          0          0   libinit.o
         2          0          0          0          0          0   libinit2.o
         2          0          0          0          0          0   libshutdown.o
         2          0          0          0          0          0   libshutdown2.o
         8          4          0          0         96         68   libspace.o
         2          0          0          0          0          0   rtexit.o
        10          0          0          0          0          0   rtexit2.o
        12          4          0          0          0         68   sys_exit.o
        74          0          0          0          0         80   sys_stackheap_outer.o
         2          0          0          0          0         68   use_no_semi.o

    ----------------------------------------------------------------------
       278         16          0          0        100        584   Library Totals
         6          0          0          0          4          0   (incl. Padding)

    ----------------------------------------------------------------------

      Code (inc. data)   RO Data    RW Data    ZI Data      Debug   Library Name

       272         16          0          0         96        584   c_w.l

    ----------------------------------------------------------------------
       278         16          0          0        100        584   Library Totals

    ----------------------------------------------------------------------

==============================================================================


      Code (inc. data)   RO Data    RW Data    ZI Data      Debug   

      9600       1146        688         84       5060     371954   Grand Totals
      9600       1146        688         84       5060     371954   ELF Image Totals
      9600       1146        688         84          0          0   ROM Totals

==============================================================================

    Total RO  Size (Code + RO Data)                10288 (  10.05kB)
    Total RW  Size (RW Data + ZI Data)              5144 (   5.02kB)
    Total ROM Size (Code + RO Data + RW Data)      10372 (  10.13kB)

==============================================================================

