<html>
<body>
<pre>
<h1>µVision Build Log</h1>
<h2>Tool Versions:</h2>
IDE-Version: ¦ÌVision V5.23.0.0
Copyright (C) 2017 ARM Ltd and ARM Germany GmbH. All rights reserved.
License Information: liu lzhitwh, Microsoft, LIC=----
 
Tool Versions:
Toolchain:       MDK-Lite  Version: 5.23
Toolchain Path:  G:\Keil\Keil_v5\ARM\ARMCC\Bin
C Compiler:      Armcc.exe V5.06 update 4 (build 422)
Assembler:       Armasm.exe V5.06 update 4 (build 422)
Linker/Locator:  ArmLink.exe V5.06 update 4 (build 422)
Library Manager: ArmAr.exe V5.06 update 4 (build 422)
Hex Converter:   FromElf.exe V5.06 update 4 (build 422)
CPU DLL:         SARMCM3.DLL V5.23
Dialog DLL:      DCM.DLL V1.15.0.0
Target DLL:      Segger\JL2CM3.dll V2.99.23.0
Dialog DLL:      TCM.DLL V1.27.0.0
 
<h2>Project:</h2>
C:\Users\lzhitwh\Desktop\project\LED\user\STM32-DEMO.uvprojx
Project File Date:  05/19/2017

<h2>Output:</h2>
*** Using Compiler 'V5.06 update 4 (build 422)', folder: 'G:\Keil\Keil_v5\ARM\ARMCC\Bin'
Rebuild target 'STM32-DEMO'
assembling startup_stm32f10x_hd.s...
compiling stm32f10x_rcc.c...
compiling system_stm32f10x.c...
compiling main.c...
compiling stm32f10x_gpio.c...
compiling misc.c...
compiling stm32f10x_it.c...
compiling core_cm3.c...
compiling stm32f10x_bkp.c...
compiling stm32f10x_cec.c...
compiling stm32f10x_usart.c...
compiling stm32f10x_adc.c...
compiling stm32f10x_dma.c...
compiling stm32f10x_can.c...
compiling stm32f10x_crc.c...
compiling stm32f10x_dac.c...
compiling stm32f10x_exti.c...
compiling stm32f10x_dbgmcu.c...
compiling stm32f10x_iwdg.c...
compiling stm32f10x_fsmc.c...
compiling stm32f10x_flash.c...
compiling stm32f10x_i2c.c...
compiling os_core.c...
compiling stm32f10x_sdio.c...
compiling stm32f10x_wwdg.c...
compiling stm32f10x_rtc.c...
compiling stm32f10x_pwr.c...
compiling stm32f10x_spi.c...
compiling stm32f10x_tim.c...
compiling os_flag.c...
compiling os_mem.c...
compiling os_q.c...
compiling os_mutex.c...
compiling os_mbox.c...
compiling os_sem.c...
compiling os_task.c...
compiling os_time.c...
compiling os_cpu_c.c...
compiling os_tmr.c...
assembling os_cpu_a.asm...
compiling os_dbg.c...
compiling app.c...
compiling usart2.c...
compiling dm13a.c...
compiling bsp.c...
..\BSP\bsp.c(9): warning:  #223-D: function "DS18B20_GPIO_Init" declared implicitly
  	
S18B20_Init();
..\BSP\bsp.c: 1 warning, 0 errors
compiling usart1.c...
compiling esp8266.c...
compiling lcd.c...
compiling screen.c...
compiling ziku.c...
compiling functionother.c...
compiling keyrun.c...
compiling key.c...
compiling function.c...
..\function\function.c(65): warning:  #223-D: function "Function_OneRun" declared implicitly
  		case 1	:	Function_OneRun();		break;
..\function\function.c: 1 warning, 0 errors
compiling ds18b20.c...
compiling updatetime.c...
..\function\updatetime.c(89): warning:  #177-D: function "OneTwoStage"  was declared but never referenced
  static void OneTwoStage(void)
..\function\updatetime.c(97): warning:  #177-D: function "OneThreeStage"  was declared but never referenced
  static void OneThreeStage(void)
..\function\updatetime.c: 2 warnings, 0 errors
compiling cdisplay.c...
compiling 0zero.c...
compiling 2two.c...
compiling 3three.c...
compiling 4four.c...
compiling 1one.c...
..\item\1one.c(246): warning:  #177-D: variable "temper_before"  was declared but never referenced
      int temper_now,temper_before;
..\item\1one.c: 1 warning, 0 errors
compiling 5five.c...
compiling 6six.c...
compiling 7seven.c...
compiling 12twelve.c...
compiling 9nine.c...
compiling 8eight.c...
compiling 13thirteen.c...
compiling 11eleven.c...
compiling 14fourteen.c...
compiling 10ten.c...
compiling 16sixteen.c...
compiling 15fifteen.c...
linking...
Program Size: Code=20226 RO-data=690 RW-data=140 ZI-data=4900  
FromELF: creating hex file...
"..\output\DEMO.axf" - 0 Error(s), 5 Warning(s).

<h2>Software Packages used:</h2>

Package Vendor: ARM
                http://www.keil.com/pack/ARM.CMSIS.5.0.1.pack
                ARM::CMSIS:CORE:5.0.1
                CMSIS (Cortex Microcontroller Software Interface Standard)
   * Component: CORE Version: 5.0.1

<h2>Collection of Component include folders:</h2>
  .\RTE\_STM32-DEMO
  G:\Keil\Keil_v5\ARM\PACK\ARM\CMSIS\5.0.1\CMSIS\Include
  G:\Keil\Keil_v5\ARM\PACK\Keil\STM32F1xx_DFP\2.2.0\Device\Include

<h2>Collection of Component Files used:</h2>

   * Component: ARM::CMSIS:CORE:5.0.1
Build Time Elapsed:  00:00:11
</pre>
</body>
</html>
