Component: ARM Compiler 5.06 update 4 (build 422) Tool: armlink [4d35d2]

==============================================================================

Section Cross References

    startup_stm32f10x_hd.o(RESET) refers to startup_stm32f10x_hd.o(.text) for Reset_Handler
    startup_stm32f10x_hd.o(RESET) refers to stm32f10x_it.o(.text) for NMI_Handler
    startup_stm32f10x_hd.o(RESET) refers to os_cpu_a.o(.text) for OS_CPU_PendSVHandler
    startup_stm32f10x_hd.o(.text) refers to startup_stm32f10x_hd.o(STACK) for __initial_sp
    startup_stm32f10x_hd.o(.text) refers to entry.o(.ARM.Collect$$$$00000000) for __main
    main.o(.text) refers to bsp.o(.text) for BSP_Init
    main.o(.text) refers to os_core.o(.text) for OSInit
    main.o(.text) refers to os_task.o(.text) for OSTaskCreate
    main.o(.text) refers to main.o(.bss) for TASK_Master_Stk
    main.o(.text) refers to app.o(.text) for TASK_Master
    stm32f10x_it.o(.text) refers to os_core.o(.text) for OSIntEnter
    stm32f10x_it.o(.text) refers to stm32f10x_dma.o(.text) for DMA_GetFlagStatus
    stm32f10x_it.o(.text) refers to stm32f10x_usart.o(.text) for USART_DMACmd
    system_stm32f10x.o(.text) refers to system_stm32f10x.o(.data) for SystemCoreClock
    stm32f10x_gpio.o(.text) refers to stm32f10x_rcc.o(.text) for RCC_APB2PeriphResetCmd
    stm32f10x_rcc.o(.text) refers to stm32f10x_rcc.o(.data) for APBAHBPrescTable
    stm32f10x_usart.o(.text) refers to stm32f10x_rcc.o(.text) for RCC_APB2PeriphResetCmd
    stm32f10x_adc.o(.text) refers to stm32f10x_rcc.o(.text) for RCC_APB2PeriphResetCmd
    stm32f10x_bkp.o(.text) refers to stm32f10x_rcc.o(.text) for RCC_BackupResetCmd
    stm32f10x_can.o(.text) refers to stm32f10x_rcc.o(.text) for RCC_APB1PeriphResetCmd
    stm32f10x_cec.o(.text) refers to stm32f10x_rcc.o(.text) for RCC_APB1PeriphResetCmd
    stm32f10x_dac.o(.text) refers to stm32f10x_rcc.o(.text) for RCC_APB1PeriphResetCmd
    stm32f10x_i2c.o(.text) refers to stm32f10x_rcc.o(.text) for RCC_APB1PeriphResetCmd
    stm32f10x_pwr.o(.text) refers to stm32f10x_rcc.o(.text) for RCC_APB1PeriphResetCmd
    stm32f10x_spi.o(.text) refers to stm32f10x_rcc.o(.text) for RCC_APB2PeriphResetCmd
    stm32f10x_tim.o(.text) refers to stm32f10x_rcc.o(.text) for RCC_APB2PeriphResetCmd
    stm32f10x_wwdg.o(.text) refers to stm32f10x_rcc.o(.text) for RCC_APB1PeriphResetCmd
    os_core.o(.text) refers to os_cpu_a.o(.text) for OS_CPU_SR_Save
    os_core.o(.text) refers to os_task.o(.text) for OSTaskStkChk
    os_core.o(.text) refers to os_time.o(.text) for OSTimeDly
    os_core.o(.text) refers to os_cpu_c.o(.text) for OSTaskStatHook
    os_core.o(.text) refers to os_dbg.o(.text) for OSDebugInit
    os_core.o(.text) refers to os_core.o(.data) for OSIntNesting
    os_core.o(.text) refers to os_core.o(.bss) for OSTCBPrioTbl
    os_core.o(.text) refers to os_core.o(.constdata) for OSUnMapTbl
    os_sem.o(.text) refers to os_cpu_a.o(.text) for OS_CPU_SR_Save
    os_sem.o(.text) refers to os_core.o(.text) for OS_EventWaitListInit
    os_sem.o(.text) refers to os_core.o(.data) for OSIntNesting
    os_task.o(.text) refers to os_cpu_a.o(.text) for OS_CPU_SR_Save
    os_task.o(.text) refers to os_core.o(.text) for OS_Sched
    os_task.o(.text) refers to os_cpu_c.o(.text) for OSTaskStkInit
    os_task.o(.text) refers to os_core.o(.bss) for OSTCBPrioTbl
    os_task.o(.text) refers to os_core.o(.data) for OSTCBCur
    os_time.o(.text) refers to os_cpu_a.o(.text) for OS_CPU_SR_Save
    os_time.o(.text) refers to os_core.o(.text) for OS_Sched
    os_time.o(.text) refers to os_core.o(.data) for OSIntNesting
    os_time.o(.text) refers to os_core.o(.bss) for OSTCBPrioTbl
    os_dbg.o(.text) refers to os_dbg.o(.constdata) for OSDebugEn
    os_cpu_a.o(.text) refers to os_core.o(.data) for OSRunning
    os_cpu_a.o(.text) refers to os_cpu_c.o(.text) for OSTaskSwHook
    bsp.o(.text) refers to system_stm32f10x.o(.text) for SystemInit
    bsp.o(.text) refers to ds18b20.o(.text) for DS18B20_GPIO_Init
    bsp.o(.text) refers to usart1.o(.text) for USART1_Config
    bsp.o(.text) refers to lcd.o(.text) for LCD_Init
    bsp.o(.text) refers to key.o(.text) for KEY_GPIO_Config
    bsp.o(.text) refers to dm13a.o(.text) for DM13A_GPIO_Config
    app.o(.text) refers to os_sem.o(.text) for OSSemPend
    app.o(.text) refers to lcd.o(.text) for LCD_DisplayGB2312
    app.o(.text) refers to function.o(.text) for Function_WaterAndDisplay
    app.o(.text) refers to updatetime.o(.text) for Update_Time
    app.o(.text) refers to cdisplay.o(.text) for HaiShen_Display
    app.o(.text) refers to keyrun.o(.text) for Key_RunTime
    app.o(.text) refers to os_task.o(.text) for OSTaskCreate
    app.o(.text) refers to app.o(.data) for Method_Other_Event
    app.o(.text) refers to app.o(.bss) for TASK_KeyScan_Stk
    usart1.o(.text) refers to stm32f10x_rcc.o(.text) for RCC_APB2PeriphClockCmd
    usart1.o(.text) refers to stm32f10x_gpio.o(.text) for GPIO_Init
    usart1.o(.text) refers to stm32f10x_usart.o(.text) for USART_Init
    usart1.o(.text) refers to misc.o(.text) for NVIC_PriorityGroupConfig
    usart1.o(.text) refers to stm32f10x_dma.o(.text) for DMA_Init
    usart1.o(.text) refers to usart1.o(.bss) for Usart_Rec_Buf
    usart2.o(.text) refers to stm32f10x_rcc.o(.text) for RCC_APB2PeriphClockCmd
    usart2.o(.text) refers to stm32f10x_gpio.o(.text) for GPIO_Init
    usart2.o(.text) refers to stm32f10x_usart.o(.text) for USART_Init
    dm13a.o(.text) refers to stm32f10x_gpio.o(.text) for GPIO_ResetBits
    dm13a.o(.text) refers to os_time.o(.text) for OSTimeDlyHMSM
    dm13a.o(.text) refers to stm32f10x_rcc.o(.text) for RCC_APB2PeriphClockCmd
    esp8266.o(.text) refers to usart1.o(.text) for USART1_printf
    esp8266.o(.text) refers to os_time.o(.text) for OSTimeDlyHMSM
    lcd.o(.text) refers to screen.o(.text) for SCREEN_Init
    lcd.o(.text) refers to ziku.o(.text) for SPI_ZikuInit
    screen.o(.text) refers to stm32f10x_rcc.o(.text) for RCC_APB2PeriphClockCmd
    screen.o(.text) refers to stm32f10x_gpio.o(.text) for GPIO_Init
    ziku.o(.text) refers to stm32f10x_rcc.o(.text) for RCC_APB2PeriphClockCmd
    ziku.o(.text) refers to stm32f10x_gpio.o(.text) for GPIO_Init
    ziku.o(.text) refers to stm32f10x_spi.o(.text) for SPI_Init
    ds18b20.o(.text) refers to stm32f10x_rcc.o(.text) for RCC_APB2PeriphClockCmd
    ds18b20.o(.text) refers to stm32f10x_gpio.o(.text) for GPIO_Init
    ds18b20.o(.text) refers to lcd.o(.text) for LCD_DisplayGB2312
    ds18b20.o(.text) refers to os_cpu_a.o(.text) for OS_CPU_SR_Save
    ds18b20.o(.text) refers to os_time.o(.text) for OSTimeDlyHMSM
    key.o(.text) refers to stm32f10x_rcc.o(.text) for RCC_APB2PeriphClockCmd
    key.o(.text) refers to stm32f10x_gpio.o(.text) for GPIO_Init
    key.o(.text) refers to os_time.o(.text) for OSTimeDlyHMSM
    keyrun.o(.text) refers to os_sem.o(.text) for OSSemPend
    keyrun.o(.text) refers to key.o(.text) for KEY_Scan
    keyrun.o(.text) refers to dm13a.o(.text) for Led_OnTheNum
    keyrun.o(.text) refers to lcd.o(.text) for LCD_DisplayNum
    keyrun.o(.text) refers to os_time.o(.text) for OSTimeDlyHMSM
    keyrun.o(.text) refers to app.o(.data) for Key_Num_Event
    keyrun.o(.text) refers to cdisplay.o(.data) for Lcd_DisplayStatus
    keyrun.o(.text) refers to functionother.o(.data) for No_DisplayStatus
    function.o(.text) refers to 1one.o(.text) for Function_OneRun
    function.o(.text) refers to os_sem.o(.text) for OSSemPend
    function.o(.text) refers to os_time.o(.text) for OSTimeDlyHMSM
    function.o(.text) refers to lcd.o(.text) for LCD_DisplayGB2312
    function.o(.text) refers to cdisplay.o(.data) for Lcd_DisplayStatus
    function.o(.text) refers to app.o(.data) for Key_Num_Event
    function.o(.text) refers to updatetime.o(.data) for Time_Page
    function.o(.text) refers to functionother.o(.data) for No_DisplayStatus
    updatetime.o(.text) refers to lcd.o(.text) for LCD_DisplayGB2312
    updatetime.o(.text) refers to os_time.o(.text) for OSTimeDlyHMSM
    updatetime.o(.text) refers to stm32f10x_gpio.o(.text) for GPIO_ResetBits
    updatetime.o(.text) refers to os_sem.o(.text) for OSSemPost
    updatetime.o(.text) refers to updatetime.o(.data) for Time_Num
    updatetime.o(.text) refers to cdisplay.o(.data) for Lcd_DisplayStatus
    updatetime.o(.text) refers to app.o(.data) for Lcd_Display_Event
    updatetime.o(.text) refers to function.o(.data) for Operation_TheAction
    functionother.o(.text) refers to stm32f10x_gpio.o(.text) for GPIO_ResetBits
    functionother.o(.text) refers to os_sem.o(.text) for OSSemPost
    functionother.o(.text) refers to os_time.o(.text) for OSTimeDlyHMSM
    functionother.o(.text) refers to functionother.o(.data) for Other_Stage
    functionother.o(.text) refers to app.o(.data) for Lcd_Display_Event
    functionother.o(.text) refers to updatetime.o(.data) for Time_Page
    cdisplay.o(.text) refers to 0zero.o(.text) for Zero_Display
    cdisplay.o(.text) refers to 1one.o(.text) for One_Display
    cdisplay.o(.text) refers to 2two.o(.text) for Two_Display
    cdisplay.o(.text) refers to 3three.o(.text) for Three_Display
    cdisplay.o(.text) refers to 4four.o(.text) for Four_Display
    cdisplay.o(.text) refers to 5five.o(.text) for Five_Display
    cdisplay.o(.text) refers to 6six.o(.text) for Six_Display
    cdisplay.o(.text) refers to 7seven.o(.text) for Seven_Display
    cdisplay.o(.text) refers to 8eight.o(.text) for Eight_Display
    cdisplay.o(.text) refers to 9nine.o(.text) for Nine_Display
    cdisplay.o(.text) refers to 10ten.o(.text) for Ten_Display
    cdisplay.o(.text) refers to 11eleven.o(.text) for Eleven_Display
    cdisplay.o(.text) refers to 12twelve.o(.text) for Twelve_Display
    cdisplay.o(.text) refers to 13thirteen.o(.text) for Thirteen_Display
    cdisplay.o(.text) refers to 14fourteen.o(.text) for Fourteen_Display
    cdisplay.o(.text) refers to 15fifteen.o(.text) for Fifteen_Display
    cdisplay.o(.text) refers to 16sixteen.o(.text) for Sixteen_Display
    cdisplay.o(.text) refers to functionother.o(.data) for No_DisplayStatus
    cdisplay.o(.text) refers to cdisplay.o(.data) for Lcd_DisplayStatus
    0zero.o(.text) refers to screen.o(.text) for SCREEN_Clear
    0zero.o(.text) refers to lcd.o(.text) for LCD_DisplayGB2312
    0zero.o(.text) refers to cdisplay.o(.data) for Lcd_DisplayStatus
    1one.o(.text) refers to screen.o(.text) for SCREEN_Clear
    1one.o(.text) refers to lcd.o(.text) for LCD_DisplayGB2312
    1one.o(.text) refers to stm32f10x_gpio.o(.text) for GPIO_ResetBits
    1one.o(.text) refers to os_time.o(.text) for OSTimeDlyHMSM
    1one.o(.text) refers to ds18b20.o(.text) for DS18B20_GetTemper
    1one.o(.text) refers to os_sem.o(.text) for OSSemPost
    1one.o(.text) refers to cdisplay.o(.data) for Lcd_DisplayStatus
    1one.o(.text) refers to app.o(.data) for Lcd_Display_Event
    2two.o(.text) refers to screen.o(.text) for SCREEN_Clear
    2two.o(.text) refers to lcd.o(.text) for LCD_DisplayGB2312
    2two.o(.text) refers to cdisplay.o(.data) for Lcd_DisplayStatus
    entry.o(.ARM.Collect$$$$00000000) refers (Special) to entry10a.o(.ARM.Collect$$$$0000000D) for __rt_final_cpp
    entry.o(.ARM.Collect$$$$00000000) refers (Special) to entry11a.o(.ARM.Collect$$$$0000000F) for __rt_final_exit
    entry.o(.ARM.Collect$$$$00000000) refers (Special) to entry7b.o(.ARM.Collect$$$$00000008) for _main_clock
    entry.o(.ARM.Collect$$$$00000000) refers (Special) to entry8b.o(.ARM.Collect$$$$0000000A) for _main_cpp_init
    entry.o(.ARM.Collect$$$$00000000) refers (Special) to entry9a.o(.ARM.Collect$$$$0000000B) for _main_init
    entry.o(.ARM.Collect$$$$00000000) refers (Special) to entry5.o(.ARM.Collect$$$$00000004) for _main_scatterload
    entry.o(.ARM.Collect$$$$00000000) refers (Special) to entry2.o(.ARM.Collect$$$$00000001) for _main_stk
    entry2.o(.ARM.Collect$$$$00000001) refers to entry2.o(.ARM.Collect$$$$00002712) for __lit__00000000
    entry2.o(.ARM.Collect$$$$00002712) refers to startup_stm32f10x_hd.o(STACK) for __initial_sp
    entry2.o(__vectab_stack_and_reset_area) refers to startup_stm32f10x_hd.o(STACK) for __initial_sp
    entry2.o(__vectab_stack_and_reset_area) refers to entry.o(.ARM.Collect$$$$00000000) for __main
    entry5.o(.ARM.Collect$$$$00000004) refers to init.o(.text) for __scatterload
    entry9a.o(.ARM.Collect$$$$0000000B) refers to main.o(.text) for main
    entry9b.o(.ARM.Collect$$$$0000000C) refers to main.o(.text) for main
    init.o(.text) refers to entry5.o(.ARM.Collect$$$$00000004) for __main_after_scatterload


==============================================================================

Removing Unused input sections from the image.

    Removing startup_stm32f10x_hd.o(HEAP), (0 bytes).
    Removing core_cm3.o(.emb_text), (32 bytes).
    Removing stm32f10x_adc.o(.text), (1102 bytes).
    Removing stm32f10x_bkp.o(.text), (196 bytes).
    Removing stm32f10x_can.o(.text), (2544 bytes).
    Removing stm32f10x_cec.o(.text), (288 bytes).
    Removing stm32f10x_crc.o(.text), (72 bytes).
    Removing stm32f10x_dac.o(.text), (396 bytes).
    Removing stm32f10x_dbgmcu.o(.text), (48 bytes).
    Removing stm32f10x_exti.o(.text), (284 bytes).
    Removing stm32f10x_flash.o(.text), (1468 bytes).
    Removing stm32f10x_fsmc.o(.text), (1548 bytes).
    Removing stm32f10x_i2c.o(.text), (1028 bytes).
    Removing stm32f10x_iwdg.o(.text), (64 bytes).
    Removing stm32f10x_pwr.o(.text), (204 bytes).
    Removing stm32f10x_rtc.o(.text), (328 bytes).
    Removing stm32f10x_sdio.o(.text), (468 bytes).
    Removing stm32f10x_tim.o(.text), (3610 bytes).
    Removing stm32f10x_wwdg.o(.text), (136 bytes).
    Removing usart1.o(.data), (1 bytes).
    Removing usart2.o(.text), (484 bytes).
    Removing esp8266.o(.text), (76 bytes).
    Removing keyrun.o(.data), (8 bytes).
    Removing functionother.o(.text), (288 bytes).

24 unused section(s) (total 14673 bytes) removed from the image.

==============================================================================

Image Symbol Table

    Local Symbols

    Symbol Name                              Value     Ov Type        Size  Object(Section)

    ../clib/microlib/init/entry.s            0x00000000   Number         0  entry2.o ABSOLUTE
    ../clib/microlib/init/entry.s            0x00000000   Number         0  entry7a.o ABSOLUTE
    ../clib/microlib/init/entry.s            0x00000000   Number         0  entry11b.o ABSOLUTE
    ../clib/microlib/init/entry.s            0x00000000   Number         0  entry9b.o ABSOLUTE
    ../clib/microlib/init/entry.s            0x00000000   Number         0  entry9a.o ABSOLUTE
    ../clib/microlib/init/entry.s            0x00000000   Number         0  entry8b.o ABSOLUTE
    ../clib/microlib/init/entry.s            0x00000000   Number         0  entry8a.o ABSOLUTE
    ../clib/microlib/init/entry.s            0x00000000   Number         0  entry7b.o ABSOLUTE
    ../clib/microlib/init/entry.s            0x00000000   Number         0  entry5.o ABSOLUTE
    ../clib/microlib/init/entry.s            0x00000000   Number         0  entry.o ABSOLUTE
    ../clib/microlib/init/entry.s            0x00000000   Number         0  entry10a.o ABSOLUTE
    ../clib/microlib/init/entry.s            0x00000000   Number         0  entry10b.o ABSOLUTE
    ../clib/microlib/init/entry.s            0x00000000   Number         0  entry11a.o ABSOLUTE
    ..\APP\app.c                             0x00000000   Number         0  app.o ABSOLUTE
    ..\BSP\DM13A\dm13a.c                     0x00000000   Number         0  dm13a.o ABSOLUTE
    ..\BSP\bsp.c                             0x00000000   Number         0  bsp.o ABSOLUTE
    ..\BSP\ds18b20\ds18b20.c                 0x00000000   Number         0  ds18b20.o ABSOLUTE
    ..\BSP\esp8266\esp8266.c                 0x00000000   Number         0  esp8266.o ABSOLUTE
    ..\BSP\key\key.c                         0x00000000   Number         0  key.o ABSOLUTE
    ..\BSP\key\keyrun.c                      0x00000000   Number         0  keyrun.o ABSOLUTE
    ..\BSP\usart\usart1.c                    0x00000000   Number         0  usart1.o ABSOLUTE
    ..\BSP\usart\usart2.c                    0x00000000   Number         0  usart2.o ABSOLUTE
    ..\CMSIS\core_cm3.c                      0x00000000   Number         0  core_cm3.o ABSOLUTE
    ..\CMSIS\startup\startup_stm32f10x_hd.s  0x00000000   Number         0  startup_stm32f10x_hd.o ABSOLUTE
    ..\CMSIS\system_stm32f10x.c              0x00000000   Number         0  system_stm32f10x.o ABSOLUTE
    ..\FWlib\src\misc.c                      0x00000000   Number         0  misc.o ABSOLUTE
    ..\FWlib\src\stm32f10x_adc.c             0x00000000   Number         0  stm32f10x_adc.o ABSOLUTE
    ..\FWlib\src\stm32f10x_bkp.c             0x00000000   Number         0  stm32f10x_bkp.o ABSOLUTE
    ..\FWlib\src\stm32f10x_can.c             0x00000000   Number         0  stm32f10x_can.o ABSOLUTE
    ..\FWlib\src\stm32f10x_cec.c             0x00000000   Number         0  stm32f10x_cec.o ABSOLUTE
    ..\FWlib\src\stm32f10x_crc.c             0x00000000   Number         0  stm32f10x_crc.o ABSOLUTE
    ..\FWlib\src\stm32f10x_dac.c             0x00000000   Number         0  stm32f10x_dac.o ABSOLUTE
    ..\FWlib\src\stm32f10x_dbgmcu.c          0x00000000   Number         0  stm32f10x_dbgmcu.o ABSOLUTE
    ..\FWlib\src\stm32f10x_dma.c             0x00000000   Number         0  stm32f10x_dma.o ABSOLUTE
    ..\FWlib\src\stm32f10x_exti.c            0x00000000   Number         0  stm32f10x_exti.o ABSOLUTE
    ..\FWlib\src\stm32f10x_flash.c           0x00000000   Number         0  stm32f10x_flash.o ABSOLUTE
    ..\FWlib\src\stm32f10x_fsmc.c            0x00000000   Number         0  stm32f10x_fsmc.o ABSOLUTE
    ..\FWlib\src\stm32f10x_gpio.c            0x00000000   Number         0  stm32f10x_gpio.o ABSOLUTE
    ..\FWlib\src\stm32f10x_i2c.c             0x00000000   Number         0  stm32f10x_i2c.o ABSOLUTE
    ..\FWlib\src\stm32f10x_iwdg.c            0x00000000   Number         0  stm32f10x_iwdg.o ABSOLUTE
    ..\FWlib\src\stm32f10x_pwr.c             0x00000000   Number         0  stm32f10x_pwr.o ABSOLUTE
    ..\FWlib\src\stm32f10x_rcc.c             0x00000000   Number         0  stm32f10x_rcc.o ABSOLUTE
    ..\FWlib\src\stm32f10x_rtc.c             0x00000000   Number         0  stm32f10x_rtc.o ABSOLUTE
    ..\FWlib\src\stm32f10x_sdio.c            0x00000000   Number         0  stm32f10x_sdio.o ABSOLUTE
    ..\FWlib\src\stm32f10x_spi.c             0x00000000   Number         0  stm32f10x_spi.o ABSOLUTE
    ..\FWlib\src\stm32f10x_tim.c             0x00000000   Number         0  stm32f10x_tim.o ABSOLUTE
    ..\FWlib\src\stm32f10x_usart.c           0x00000000   Number         0  stm32f10x_usart.o ABSOLUTE
    ..\FWlib\src\stm32f10x_wwdg.c            0x00000000   Number         0  stm32f10x_wwdg.o ABSOLUTE
    ..\UCOS-II\PORTS\os_cpu_a.asm            0x00000000   Number         0  os_cpu_a.o ABSOLUTE
    ..\UCOS-II\PORTS\os_cpu_c.c              0x00000000   Number         0  os_cpu_c.o ABSOLUTE
    ..\UCOS-II\PORTS\os_dbg.c                0x00000000   Number         0  os_dbg.o ABSOLUTE
    ..\UCOS-II\SOURSE\os_core.c              0x00000000   Number         0  os_core.o ABSOLUTE
    ..\UCOS-II\SOURSE\os_flag.c              0x00000000   Number         0  os_flag.o ABSOLUTE
    ..\UCOS-II\SOURSE\os_mbox.c              0x00000000   Number         0  os_mbox.o ABSOLUTE
    ..\UCOS-II\SOURSE\os_mem.c               0x00000000   Number         0  os_mem.o ABSOLUTE
    ..\UCOS-II\SOURSE\os_mutex.c             0x00000000   Number         0  os_mutex.o ABSOLUTE
    ..\UCOS-II\SOURSE\os_q.c                 0x00000000   Number         0  os_q.o ABSOLUTE
    ..\UCOS-II\SOURSE\os_sem.c               0x00000000   Number         0  os_sem.o ABSOLUTE
    ..\UCOS-II\SOURSE\os_task.c              0x00000000   Number         0  os_task.o ABSOLUTE
    ..\UCOS-II\SOURSE\os_time.c              0x00000000   Number         0  os_time.o ABSOLUTE
    ..\UCOS-II\SOURSE\os_tmr.c               0x00000000   Number         0  os_tmr.o ABSOLUTE
    ..\\CMSIS\\core_cm3.c                    0x00000000   Number         0  core_cm3.o ABSOLUTE
    ..\content\cdisplay.c                    0x00000000   Number         0  cdisplay.o ABSOLUTE
    ..\function\function.c                   0x00000000   Number         0  function.o ABSOLUTE
    ..\function\functionother.c              0x00000000   Number         0  functionother.o ABSOLUTE
    ..\function\updatetime.c                 0x00000000   Number         0  updatetime.o ABSOLUTE
    ..\item\0zero.c                          0x00000000   Number         0  0zero.o ABSOLUTE
    ..\item\10ten.c                          0x00000000   Number         0  10ten.o ABSOLUTE
    ..\item\11eleven.c                       0x00000000   Number         0  11eleven.o ABSOLUTE
    ..\item\12twelve.c                       0x00000000   Number         0  12twelve.o ABSOLUTE
    ..\item\13thirteen.c                     0x00000000   Number         0  13thirteen.o ABSOLUTE
    ..\item\14fourteen.c                     0x00000000   Number         0  14fourteen.o ABSOLUTE
    ..\item\15fifteen.c                      0x00000000   Number         0  15fifteen.o ABSOLUTE
    ..\item\16sixteen.c                      0x00000000   Number         0  16sixteen.o ABSOLUTE
    ..\item\1one.c                           0x00000000   Number         0  1one.o ABSOLUTE
    ..\item\2two.c                           0x00000000   Number         0  2two.o ABSOLUTE
    ..\item\3three.c                         0x00000000   Number         0  3three.o ABSOLUTE
    ..\item\4four.c                          0x00000000   Number         0  4four.o ABSOLUTE
    ..\item\5five.c                          0x00000000   Number         0  5five.o ABSOLUTE
    ..\item\6six.c                           0x00000000   Number         0  6six.o ABSOLUTE
    ..\item\7seven.c                         0x00000000   Number         0  7seven.o ABSOLUTE
    ..\item\8eight.c                         0x00000000   Number         0  8eight.o ABSOLUTE
    ..\item\9nine.c                          0x00000000   Number         0  9nine.o ABSOLUTE
    ..\lcd\lcd.c                             0x00000000   Number         0  lcd.o ABSOLUTE
    ..\lcd\screen\screen.c                   0x00000000   Number         0  screen.o ABSOLUTE
    ..\lcd\ziku\ziku.c                       0x00000000   Number         0  ziku.o ABSOLUTE
    dc.s                                     0x00000000   Number         0  dc.o ABSOLUTE
    handlers.s                               0x00000000   Number         0  handlers.o ABSOLUTE
    init.s                                   0x00000000   Number         0  init.o ABSOLUTE
    main.c                                   0x00000000   Number         0  main.o ABSOLUTE
    stm32f10x_it.c                           0x00000000   Number         0  stm32f10x_it.o ABSOLUTE
    RESET                                    0x08000000   Section      304  startup_stm32f10x_hd.o(RESET)
    .ARM.Collect$$$$00000000                 0x08000130   Section        0  entry.o(.ARM.Collect$$$$00000000)
    .ARM.Collect$$$$00000001                 0x08000130   Section        4  entry2.o(.ARM.Collect$$$$00000001)
    .ARM.Collect$$$$00000004                 0x08000134   Section        4  entry5.o(.ARM.Collect$$$$00000004)
    .ARM.Collect$$$$00000008                 0x08000138   Section        0  entry7b.o(.ARM.Collect$$$$00000008)
    .ARM.Collect$$$$0000000A                 0x08000138   Section        0  entry8b.o(.ARM.Collect$$$$0000000A)
    .ARM.Collect$$$$0000000B                 0x08000138   Section        8  entry9a.o(.ARM.Collect$$$$0000000B)
    .ARM.Collect$$$$0000000D                 0x08000140   Section        0  entry10a.o(.ARM.Collect$$$$0000000D)
    .ARM.Collect$$$$0000000F                 0x08000140   Section        0  entry11a.o(.ARM.Collect$$$$0000000F)
    .ARM.Collect$$$$00002712                 0x08000140   Section        4  entry2.o(.ARM.Collect$$$$00002712)
    __lit__00000000                          0x08000140   Data           4  entry2.o(.ARM.Collect$$$$00002712)
    .text                                    0x08000144   Section       48  startup_stm32f10x_hd.o(.text)
    .text                                    0x08000174   Section        0  main.o(.text)
    .text                                    0x0800019c   Section        0  stm32f10x_it.o(.text)
    .text                                    0x080001f4   Section        0  system_stm32f10x.o(.text)
    SetSysClockTo72                          0x080001f5   Thumb Code   214  system_stm32f10x.o(.text)
    SetSysClock                              0x080002cb   Thumb Code     8  system_stm32f10x.o(.text)
    .text                                    0x080003d4   Section        0  misc.o(.text)
    .text                                    0x080004b0   Section        0  stm32f10x_gpio.o(.text)
    .text                                    0x0800080c   Section        0  stm32f10x_rcc.o(.text)
    .text                                    0x08000bb0   Section        0  stm32f10x_dma.o(.text)
    .text                                    0x08000e04   Section        0  stm32f10x_usart.o(.text)
    .text                                    0x0800120c   Section        0  stm32f10x_spi.o(.text)
    .text                                    0x08001518   Section        0  os_core.o(.text)
    OS_InitTaskStat                          0x080016fb   Thumb Code    52  os_core.o(.text)
    OS_InitTaskIdle                          0x0800174f   Thumb Code    52  os_core.o(.text)
    OS_InitEventList                         0x08001795   Thumb Code    70  os_core.o(.text)
    OS_InitTCBList                           0x080017db   Thumb Code    86  os_core.o(.text)
    OS_InitRdyList                           0x08001831   Thumb Code    46  os_core.o(.text)
    OS_InitMisc                              0x0800185f   Thumb Code    44  os_core.o(.text)
    OS_SchedNew                              0x080018cf   Thumb Code    26  os_core.o(.text)
    .text                                    0x08001eb0   Section        0  os_sem.o(.text)
    .text                                    0x080022b8   Section        0  os_task.o(.text)
    .text                                    0x08002ad8   Section        0  os_time.o(.text)
    .text                                    0x08002cc8   Section        0  os_cpu_c.o(.text)
    .text                                    0x08002d74   Section        0  os_dbg.o(.text)
    .text                                    0x08002e88   Section      164  os_cpu_a.o(.text)
    .text                                    0x08002f2c   Section        0  bsp.o(.text)
    .text                                    0x08002fac   Section        0  app.o(.text)
    .text                                    0x080030d8   Section        0  usart1.o(.text)
    NVIC_Config                              0x08003157   Thumb Code    38  usart1.o(.text)
    itoa                                     0x080031f7   Thumb Code    98  usart1.o(.text)
    .text                                    0x08003370   Section        0  dm13a.o(.text)
    .text                                    0x080034a8   Section        0  lcd.o(.text)
    .text                                    0x08003678   Section        0  screen.o(.text)
    .text                                    0x080038cc   Section        0  ziku.o(.text)
    .text                                    0x08003a10   Section        0  ds18b20.o(.text)
    .text                                    0x08003d4c   Section        0  key.o(.text)
    .text                                    0x08003f58   Section        0  keyrun.o(.text)
    .text                                    0x08004120   Section        0  function.o(.text)
    .text                                    0x0800428c   Section        0  updatetime.o(.text)
    OneOneStage                              0x080042fd   Thumb Code   162  updatetime.o(.text)
    OneTwoStage                              0x08004497   Thumb Code    40  updatetime.o(.text)
    OneThreeStage                            0x080044bf   Thumb Code     2  updatetime.o(.text)
    .text                                    0x080044dc   Section        0  cdisplay.o(.text)
    .text                                    0x08004598   Section        0  0zero.o(.text)
    .text                                    0x08004614   Section        0  1one.o(.text)
    ThreeFiveStage_Display                   0x08004615   Thumb Code     2  1one.o(.text)
    ThreeFourStage_Display                   0x08004617   Thumb Code     2  1one.o(.text)
    ThreeThreeStage_Display                  0x08004619   Thumb Code     2  1one.o(.text)
    ThreeTwoStage_Display                    0x0800461b   Thumb Code     2  1one.o(.text)
    ThreeOneStage_Display                    0x0800461d   Thumb Code    48  1one.o(.text)
    ThreeBranch_Display                      0x0800464d   Thumb Code    54  1one.o(.text)
    TwoFiveStage_Display                     0x08004683   Thumb Code     2  1one.o(.text)
    TwoFourStage_Display                     0x08004685   Thumb Code     2  1one.o(.text)
    TwoThreeStage_Display                    0x08004687   Thumb Code     2  1one.o(.text)
    TwoTwoStage_Display                      0x08004689   Thumb Code     2  1one.o(.text)
    TwoOneStage_Display                      0x0800468b   Thumb Code    48  1one.o(.text)
    TwoBranch_Display                        0x080046bb   Thumb Code    54  1one.o(.text)
    OneFiveStage_Display                     0x080046f1   Thumb Code     2  1one.o(.text)
    OneFourStage_Display                     0x080046f3   Thumb Code     2  1one.o(.text)
    OneThreeStage_Display                    0x080046f5   Thumb Code     2  1one.o(.text)
    OneTwoStage_Display                      0x080046f7   Thumb Code   262  1one.o(.text)
    OneOneStage_Display                      0x080047fd   Thumb Code    48  1one.o(.text)
    OneBranch_Display                        0x0800482d   Thumb Code    54  1one.o(.text)
    .text                                    0x08004b9c   Section        0  2two.o(.text)
    ThreeFiveStage_Display                   0x08004b9d   Thumb Code    48  2two.o(.text)
    ThreeFourStage_Display                   0x08004bcd   Thumb Code    48  2two.o(.text)
    ThreeThreeStage_Display                  0x08004bfd   Thumb Code    48  2two.o(.text)
    ThreeTwoStage_Display                    0x08004c2d   Thumb Code    48  2two.o(.text)
    ThreeOneStage_Display                    0x08004c5d   Thumb Code    48  2two.o(.text)
    ThreeBranch_Display                      0x08004c8d   Thumb Code    54  2two.o(.text)
    TwoFiveStage_Display                     0x08004cc3   Thumb Code    48  2two.o(.text)
    TwoFourStage_Display                     0x08004cf3   Thumb Code    48  2two.o(.text)
    TwoThreeStage_Display                    0x08004d23   Thumb Code    48  2two.o(.text)
    TwoTwoStage_Display                      0x08004d53   Thumb Code    48  2two.o(.text)
    TwoOneStage_Display                      0x08004d83   Thumb Code    48  2two.o(.text)
    TwoBranch_Display                        0x08004db3   Thumb Code    54  2two.o(.text)
    OneFiveStage_Display                     0x08004de9   Thumb Code    48  2two.o(.text)
    OneFourStage_Display                     0x08004e19   Thumb Code    48  2two.o(.text)
    OneThreeStage_Display                    0x08004e49   Thumb Code    48  2two.o(.text)
    OneTwoStage_Display                      0x08004e79   Thumb Code    48  2two.o(.text)
    OneOneStage_Display                      0x08004ea9   Thumb Code    48  2two.o(.text)
    OneBranch_Display                        0x08004ed9   Thumb Code    54  2two.o(.text)
    .text                                    0x08004fd4   Section        0  3three.o(.text)
    .text                                    0x08004fd6   Section        0  4four.o(.text)
    .text                                    0x08004fd8   Section        0  5five.o(.text)
    .text                                    0x08004fda   Section        0  6six.o(.text)
    .text                                    0x08004fdc   Section        0  7seven.o(.text)
    .text                                    0x08004fde   Section        0  8eight.o(.text)
    .text                                    0x08004fe0   Section        0  9nine.o(.text)
    .text                                    0x08004fe2   Section        0  10ten.o(.text)
    .text                                    0x08004fe4   Section        0  11eleven.o(.text)
    .text                                    0x08004fe6   Section        0  12twelve.o(.text)
    .text                                    0x08004fe8   Section        0  13thirteen.o(.text)
    .text                                    0x08004fea   Section        0  14fourteen.o(.text)
    .text                                    0x08004fec   Section        0  15fifteen.o(.text)
    .text                                    0x08004fee   Section        0  16sixteen.o(.text)
    .text                                    0x08004ff0   Section       36  init.o(.text)
    i.__scatterload_copy                     0x08005014   Section       14  handlers.o(i.__scatterload_copy)
    i.__scatterload_null                     0x08005022   Section        2  handlers.o(i.__scatterload_null)
    i.__scatterload_zeroinit                 0x08005024   Section       14  handlers.o(i.__scatterload_zeroinit)
    .constdata                               0x08005032   Section      256  os_core.o(.constdata)
    .constdata                               0x08005134   Section       94  os_dbg.o(.constdata)
    .data                                    0x20000000   Section       20  system_stm32f10x.o(.data)
    .data                                    0x20000014   Section       20  stm32f10x_rcc.o(.data)
    APBAHBPrescTable                         0x20000014   Data          16  stm32f10x_rcc.o(.data)
    ADCPrescTable                            0x20000024   Data           4  stm32f10x_rcc.o(.data)
    .data                                    0x20000028   Section       60  os_core.o(.data)
    .data                                    0x20000064   Section       24  app.o(.data)
    .data                                    0x2000007c   Section        1  function.o(.data)
    .data                                    0x2000007d   Section        3  updatetime.o(.data)
    .data                                    0x20000080   Section        2  functionother.o(.data)
    .data                                    0x20000082   Section        8  cdisplay.o(.data)
    .bss                                     0x2000008c   Section      256  main.o(.bss)
    TASK_Master_Stk                          0x2000008c   Data         256  main.o(.bss)
    .bss                                     0x2000018c   Section     2912  os_core.o(.bss)
    .bss                                     0x20000cec   Section     1024  app.o(.bss)
    .bss                                     0x200010ec   Section      192  usart1.o(.bss)
    STACK                                    0x200011b0   Section      512  startup_stm32f10x_hd.o(STACK)

    Global Symbols

    Symbol Name                              Value     Ov Type        Size  Object(Section)

    BuildAttributes$$THM_ISAv4$P$D$K$B$S$PE$A:L22UL41UL21$X:L11$S22US41US21$IEEE1$IW$USESV6$~STKCKD$USESV7$~SHL$OSPACE$EBA8$MICROLIB$REQ8$PRES8$EABIv2 0x00000000   Number         0  anon$$obj.o ABSOLUTE
    __ARM_use_no_argv                        0x00000000   Number         0  main.o ABSOLUTE
    __cpp_initialize__aeabi_                  - Undefined Weak Reference
    __cxa_finalize                            - Undefined Weak Reference
    __decompress                              - Undefined Weak Reference
    _clock_init                               - Undefined Weak Reference
    _microlib_exit                            - Undefined Weak Reference
    __Vectors_Size                           0x00000130   Number         0  startup_stm32f10x_hd.o ABSOLUTE
    __Vectors                                0x08000000   Data           4  startup_stm32f10x_hd.o(RESET)
    __Vectors_End                            0x08000130   Data           0  startup_stm32f10x_hd.o(RESET)
    __main                                   0x08000131   Thumb Code     0  entry.o(.ARM.Collect$$$$00000000)
    _main_stk                                0x08000131   Thumb Code     0  entry2.o(.ARM.Collect$$$$00000001)
    _main_scatterload                        0x08000135   Thumb Code     0  entry5.o(.ARM.Collect$$$$00000004)
    __main_after_scatterload                 0x08000139   Thumb Code     0  entry5.o(.ARM.Collect$$$$00000004)
    _main_clock                              0x08000139   Thumb Code     0  entry7b.o(.ARM.Collect$$$$00000008)
    _main_cpp_init                           0x08000139   Thumb Code     0  entry8b.o(.ARM.Collect$$$$0000000A)
    _main_init                               0x08000139   Thumb Code     0  entry9a.o(.ARM.Collect$$$$0000000B)
    __rt_final_cpp                           0x08000141   Thumb Code     0  entry10a.o(.ARM.Collect$$$$0000000D)
    __rt_final_exit                          0x08000141   Thumb Code     0  entry11a.o(.ARM.Collect$$$$0000000F)
    SystemInit_ExtMemCtl                     0x08000145   Thumb Code     2  startup_stm32f10x_hd.o(.text)
    Reset_Handler                            0x08000147   Thumb Code    14  startup_stm32f10x_hd.o(.text)
    ADC1_2_IRQHandler                        0x08000167   Thumb Code     0  startup_stm32f10x_hd.o(.text)
    ADC3_IRQHandler                          0x08000167   Thumb Code     0  startup_stm32f10x_hd.o(.text)
    CAN1_RX1_IRQHandler                      0x08000167   Thumb Code     0  startup_stm32f10x_hd.o(.text)
    CAN1_SCE_IRQHandler                      0x08000167   Thumb Code     0  startup_stm32f10x_hd.o(.text)
    DMA1_Channel1_IRQHandler                 0x08000167   Thumb Code     0  startup_stm32f10x_hd.o(.text)
    DMA1_Channel2_IRQHandler                 0x08000167   Thumb Code     0  startup_stm32f10x_hd.o(.text)
    DMA1_Channel3_IRQHandler                 0x08000167   Thumb Code     0  startup_stm32f10x_hd.o(.text)
    DMA1_Channel5_IRQHandler                 0x08000167   Thumb Code     0  startup_stm32f10x_hd.o(.text)
    DMA1_Channel6_IRQHandler                 0x08000167   Thumb Code     0  startup_stm32f10x_hd.o(.text)
    DMA1_Channel7_IRQHandler                 0x08000167   Thumb Code     0  startup_stm32f10x_hd.o(.text)
    DMA2_Channel1_IRQHandler                 0x08000167   Thumb Code     0  startup_stm32f10x_hd.o(.text)
    DMA2_Channel2_IRQHandler                 0x08000167   Thumb Code     0  startup_stm32f10x_hd.o(.text)
    DMA2_Channel3_IRQHandler                 0x08000167   Thumb Code     0  startup_stm32f10x_hd.o(.text)
    DMA2_Channel4_5_IRQHandler               0x08000167   Thumb Code     0  startup_stm32f10x_hd.o(.text)
    EXTI0_IRQHandler                         0x08000167   Thumb Code     0  startup_stm32f10x_hd.o(.text)
    EXTI15_10_IRQHandler                     0x08000167   Thumb Code     0  startup_stm32f10x_hd.o(.text)
    EXTI1_IRQHandler                         0x08000167   Thumb Code     0  startup_stm32f10x_hd.o(.text)
    EXTI2_IRQHandler                         0x08000167   Thumb Code     0  startup_stm32f10x_hd.o(.text)
    EXTI3_IRQHandler                         0x08000167   Thumb Code     0  startup_stm32f10x_hd.o(.text)
    EXTI4_IRQHandler                         0x08000167   Thumb Code     0  startup_stm32f10x_hd.o(.text)
    EXTI9_5_IRQHandler                       0x08000167   Thumb Code     0  startup_stm32f10x_hd.o(.text)
    FLASH_IRQHandler                         0x08000167   Thumb Code     0  startup_stm32f10x_hd.o(.text)
    FSMC_IRQHandler                          0x08000167   Thumb Code     0  startup_stm32f10x_hd.o(.text)
    I2C1_ER_IRQHandler                       0x08000167   Thumb Code     0  startup_stm32f10x_hd.o(.text)
    I2C1_EV_IRQHandler                       0x08000167   Thumb Code     0  startup_stm32f10x_hd.o(.text)
    I2C2_ER_IRQHandler                       0x08000167   Thumb Code     0  startup_stm32f10x_hd.o(.text)
    I2C2_EV_IRQHandler                       0x08000167   Thumb Code     0  startup_stm32f10x_hd.o(.text)
    PVD_IRQHandler                           0x08000167   Thumb Code     0  startup_stm32f10x_hd.o(.text)
    RCC_IRQHandler                           0x08000167   Thumb Code     0  startup_stm32f10x_hd.o(.text)
    RTCAlarm_IRQHandler                      0x08000167   Thumb Code     0  startup_stm32f10x_hd.o(.text)
    RTC_IRQHandler                           0x08000167   Thumb Code     0  startup_stm32f10x_hd.o(.text)
    SDIO_IRQHandler                          0x08000167   Thumb Code     0  startup_stm32f10x_hd.o(.text)
    SPI1_IRQHandler                          0x08000167   Thumb Code     0  startup_stm32f10x_hd.o(.text)
    SPI2_IRQHandler                          0x08000167   Thumb Code     0  startup_stm32f10x_hd.o(.text)
    SPI3_IRQHandler                          0x08000167   Thumb Code     0  startup_stm32f10x_hd.o(.text)
    TAMPER_IRQHandler                        0x08000167   Thumb Code     0  startup_stm32f10x_hd.o(.text)
    TIM1_BRK_IRQHandler                      0x08000167   Thumb Code     0  startup_stm32f10x_hd.o(.text)
    TIM1_CC_IRQHandler                       0x08000167   Thumb Code     0  startup_stm32f10x_hd.o(.text)
    TIM1_TRG_COM_IRQHandler                  0x08000167   Thumb Code     0  startup_stm32f10x_hd.o(.text)
    TIM1_UP_IRQHandler                       0x08000167   Thumb Code     0  startup_stm32f10x_hd.o(.text)
    TIM2_IRQHandler                          0x08000167   Thumb Code     0  startup_stm32f10x_hd.o(.text)
    TIM3_IRQHandler                          0x08000167   Thumb Code     0  startup_stm32f10x_hd.o(.text)
    TIM4_IRQHandler                          0x08000167   Thumb Code     0  startup_stm32f10x_hd.o(.text)
    TIM5_IRQHandler                          0x08000167   Thumb Code     0  startup_stm32f10x_hd.o(.text)
    TIM6_IRQHandler                          0x08000167   Thumb Code     0  startup_stm32f10x_hd.o(.text)
    TIM7_IRQHandler                          0x08000167   Thumb Code     0  startup_stm32f10x_hd.o(.text)
    TIM8_BRK_IRQHandler                      0x08000167   Thumb Code     0  startup_stm32f10x_hd.o(.text)
    TIM8_CC_IRQHandler                       0x08000167   Thumb Code     0  startup_stm32f10x_hd.o(.text)
    TIM8_TRG_COM_IRQHandler                  0x08000167   Thumb Code     0  startup_stm32f10x_hd.o(.text)
    TIM8_UP_IRQHandler                       0x08000167   Thumb Code     0  startup_stm32f10x_hd.o(.text)
    UART4_IRQHandler                         0x08000167   Thumb Code     0  startup_stm32f10x_hd.o(.text)
    UART5_IRQHandler                         0x08000167   Thumb Code     0  startup_stm32f10x_hd.o(.text)
    USART2_IRQHandler                        0x08000167   Thumb Code     0  startup_stm32f10x_hd.o(.text)
    USART3_IRQHandler                        0x08000167   Thumb Code     0  startup_stm32f10x_hd.o(.text)
    USBWakeUp_IRQHandler                     0x08000167   Thumb Code     0  startup_stm32f10x_hd.o(.text)
    USB_HP_CAN1_TX_IRQHandler                0x08000167   Thumb Code     0  startup_stm32f10x_hd.o(.text)
    USB_LP_CAN1_RX0_IRQHandler               0x08000167   Thumb Code     0  startup_stm32f10x_hd.o(.text)
    WWDG_IRQHandler                          0x08000167   Thumb Code     0  startup_stm32f10x_hd.o(.text)
    main                                     0x08000175   Thumb Code    30  main.o(.text)
    NMI_Handler                              0x0800019d   Thumb Code     2  stm32f10x_it.o(.text)
    HardFault_Handler                        0x0800019f   Thumb Code     4  stm32f10x_it.o(.text)
    MemManage_Handler                        0x080001a3   Thumb Code     4  stm32f10x_it.o(.text)
    BusFault_Handler                         0x080001a7   Thumb Code     4  stm32f10x_it.o(.text)
    UsageFault_Handler                       0x080001ab   Thumb Code     4  stm32f10x_it.o(.text)
    SVC_Handler                              0x080001af   Thumb Code     2  stm32f10x_it.o(.text)
    DebugMon_Handler                         0x080001b1   Thumb Code     2  stm32f10x_it.o(.text)
    PendSV_Handler                           0x080001b3   Thumb Code     2  stm32f10x_it.o(.text)
    SysTick_Handler                          0x080001b5   Thumb Code    16  stm32f10x_it.o(.text)
    DMA1_Channel4_IRQHandler                 0x080001c5   Thumb Code    42  stm32f10x_it.o(.text)
    USART1_IRQHandler                        0x080001ef   Thumb Code     2  stm32f10x_it.o(.text)
    SystemInit                               0x080002d3   Thumb Code    78  system_stm32f10x.o(.text)
    SystemCoreClockUpdate                    0x08000321   Thumb Code   142  system_stm32f10x.o(.text)
    NVIC_PriorityGroupConfig                 0x080003d5   Thumb Code    10  misc.o(.text)
    NVIC_Init                                0x080003df   Thumb Code   100  misc.o(.text)
    NVIC_SetVectorTable                      0x08000443   Thumb Code    14  misc.o(.text)
    NVIC_SystemLPConfig                      0x08000451   Thumb Code    34  misc.o(.text)
    SysTick_CLKSourceConfig                  0x08000473   Thumb Code    40  misc.o(.text)
    GPIO_DeInit                              0x080004b1   Thumb Code   172  stm32f10x_gpio.o(.text)
    GPIO_AFIODeInit                          0x0800055d   Thumb Code    20  stm32f10x_gpio.o(.text)
    GPIO_Init                                0x08000571   Thumb Code   278  stm32f10x_gpio.o(.text)
    GPIO_StructInit                          0x08000687   Thumb Code    16  stm32f10x_gpio.o(.text)
    GPIO_ReadInputDataBit                    0x08000697   Thumb Code    18  stm32f10x_gpio.o(.text)
    GPIO_ReadInputData                       0x080006a9   Thumb Code     8  stm32f10x_gpio.o(.text)
    GPIO_ReadOutputDataBit                   0x080006b1   Thumb Code    18  stm32f10x_gpio.o(.text)
    GPIO_ReadOutputData                      0x080006c3   Thumb Code     8  stm32f10x_gpio.o(.text)
    GPIO_SetBits                             0x080006cb   Thumb Code     4  stm32f10x_gpio.o(.text)
    GPIO_ResetBits                           0x080006cf   Thumb Code     4  stm32f10x_gpio.o(.text)
    GPIO_WriteBit                            0x080006d3   Thumb Code    10  stm32f10x_gpio.o(.text)
    GPIO_Write                               0x080006dd   Thumb Code     4  stm32f10x_gpio.o(.text)
    GPIO_PinLockConfig                       0x080006e1   Thumb Code    18  stm32f10x_gpio.o(.text)
    GPIO_EventOutputConfig                   0x080006f3   Thumb Code    26  stm32f10x_gpio.o(.text)
    GPIO_EventOutputCmd                      0x0800070d   Thumb Code     6  stm32f10x_gpio.o(.text)
    GPIO_PinRemapConfig                      0x08000713   Thumb Code   138  stm32f10x_gpio.o(.text)
    GPIO_EXTILineConfig                      0x0800079d   Thumb Code    66  stm32f10x_gpio.o(.text)
    GPIO_ETH_MediaInterfaceConfig            0x080007df   Thumb Code     8  stm32f10x_gpio.o(.text)
    RCC_DeInit                               0x0800080d   Thumb Code    64  stm32f10x_rcc.o(.text)
    RCC_HSEConfig                            0x0800084d   Thumb Code    70  stm32f10x_rcc.o(.text)
    RCC_GetFlagStatus                        0x08000893   Thumb Code    56  stm32f10x_rcc.o(.text)
    RCC_WaitForHSEStartUp                    0x080008cb   Thumb Code    56  stm32f10x_rcc.o(.text)
    RCC_AdjustHSICalibrationValue            0x08000903   Thumb Code    20  stm32f10x_rcc.o(.text)
    RCC_HSICmd                               0x08000917   Thumb Code     6  stm32f10x_rcc.o(.text)
    RCC_PLLConfig                            0x0800091d   Thumb Code    24  stm32f10x_rcc.o(.text)
    RCC_PLLCmd                               0x08000935   Thumb Code     6  stm32f10x_rcc.o(.text)
    RCC_SYSCLKConfig                         0x0800093b   Thumb Code    18  stm32f10x_rcc.o(.text)
    RCC_GetSYSCLKSource                      0x0800094d   Thumb Code    10  stm32f10x_rcc.o(.text)
    RCC_HCLKConfig                           0x08000957   Thumb Code    18  stm32f10x_rcc.o(.text)
    RCC_PCLK1Config                          0x08000969   Thumb Code    18  stm32f10x_rcc.o(.text)
    RCC_PCLK2Config                          0x0800097b   Thumb Code    20  stm32f10x_rcc.o(.text)
    RCC_ITConfig                             0x0800098f   Thumb Code    26  stm32f10x_rcc.o(.text)
    RCC_USBCLKConfig                         0x080009a9   Thumb Code     8  stm32f10x_rcc.o(.text)
    RCC_ADCCLKConfig                         0x080009b1   Thumb Code    18  stm32f10x_rcc.o(.text)
    RCC_LSEConfig                            0x080009c3   Thumb Code    50  stm32f10x_rcc.o(.text)
    RCC_LSICmd                               0x080009f5   Thumb Code     6  stm32f10x_rcc.o(.text)
    RCC_RTCCLKConfig                         0x080009fb   Thumb Code    12  stm32f10x_rcc.o(.text)
    RCC_RTCCLKCmd                            0x08000a07   Thumb Code     8  stm32f10x_rcc.o(.text)
    RCC_GetClocksFreq                        0x08000a0f   Thumb Code   192  stm32f10x_rcc.o(.text)
    RCC_AHBPeriphClockCmd                    0x08000acf   Thumb Code    26  stm32f10x_rcc.o(.text)
    RCC_APB2PeriphClockCmd                   0x08000ae9   Thumb Code    26  stm32f10x_rcc.o(.text)
    RCC_APB1PeriphClockCmd                   0x08000b03   Thumb Code    26  stm32f10x_rcc.o(.text)
    RCC_APB2PeriphResetCmd                   0x08000b1d   Thumb Code    26  stm32f10x_rcc.o(.text)
    RCC_APB1PeriphResetCmd                   0x08000b37   Thumb Code    26  stm32f10x_rcc.o(.text)
    RCC_BackupResetCmd                       0x08000b51   Thumb Code     8  stm32f10x_rcc.o(.text)
    RCC_ClockSecuritySystemCmd               0x08000b59   Thumb Code     6  stm32f10x_rcc.o(.text)
    RCC_MCOConfig                            0x08000b5f   Thumb Code     6  stm32f10x_rcc.o(.text)
    RCC_ClearFlag                            0x08000b65   Thumb Code    14  stm32f10x_rcc.o(.text)
    RCC_GetITStatus                          0x08000b73   Thumb Code    20  stm32f10x_rcc.o(.text)
    RCC_ClearITPendingBit                    0x08000b87   Thumb Code     6  stm32f10x_rcc.o(.text)
    DMA_DeInit                               0x08000bb1   Thumb Code   324  stm32f10x_dma.o(.text)
    DMA_Init                                 0x08000cf5   Thumb Code    60  stm32f10x_dma.o(.text)
    DMA_StructInit                           0x08000d31   Thumb Code    26  stm32f10x_dma.o(.text)
    DMA_Cmd                                  0x08000d4b   Thumb Code    24  stm32f10x_dma.o(.text)
    DMA_ITConfig                             0x08000d63   Thumb Code    18  stm32f10x_dma.o(.text)
    DMA_SetCurrDataCounter                   0x08000d75   Thumb Code     4  stm32f10x_dma.o(.text)
    DMA_GetCurrDataCounter                   0x08000d79   Thumb Code     8  stm32f10x_dma.o(.text)
    DMA_GetFlagStatus                        0x08000d81   Thumb Code    40  stm32f10x_dma.o(.text)
    DMA_ClearFlag                            0x08000da9   Thumb Code    22  stm32f10x_dma.o(.text)
    DMA_GetITStatus                          0x08000dbf   Thumb Code    40  stm32f10x_dma.o(.text)
    DMA_ClearITPendingBit                    0x08000de7   Thumb Code    22  stm32f10x_dma.o(.text)
    USART_DeInit                             0x08000e05   Thumb Code   134  stm32f10x_usart.o(.text)
    USART_Init                               0x08000e8b   Thumb Code   210  stm32f10x_usart.o(.text)
    USART_StructInit                         0x08000f5d   Thumb Code    24  stm32f10x_usart.o(.text)
    USART_ClockInit                          0x08000f75   Thumb Code    34  stm32f10x_usart.o(.text)
    USART_ClockStructInit                    0x08000f97   Thumb Code    12  stm32f10x_usart.o(.text)
    USART_Cmd                                0x08000fa3   Thumb Code    24  stm32f10x_usart.o(.text)
    USART_ITConfig                           0x08000fbb   Thumb Code    74  stm32f10x_usart.o(.text)
    USART_DMACmd                             0x08001005   Thumb Code    18  stm32f10x_usart.o(.text)
    USART_SetAddress                         0x08001017   Thumb Code    18  stm32f10x_usart.o(.text)
    USART_WakeUpConfig                       0x08001029   Thumb Code    18  stm32f10x_usart.o(.text)
    USART_ReceiverWakeUpCmd                  0x0800103b   Thumb Code    24  stm32f10x_usart.o(.text)
    USART_LINBreakDetectLengthConfig         0x08001053   Thumb Code    18  stm32f10x_usart.o(.text)
    USART_LINCmd                             0x08001065   Thumb Code    24  stm32f10x_usart.o(.text)
    USART_SendData                           0x0800107d   Thumb Code     8  stm32f10x_usart.o(.text)
    USART_ReceiveData                        0x08001085   Thumb Code    10  stm32f10x_usart.o(.text)
    USART_SendBreak                          0x0800108f   Thumb Code    10  stm32f10x_usart.o(.text)
    USART_SetGuardTime                       0x08001099   Thumb Code    16  stm32f10x_usart.o(.text)
    USART_SetPrescaler                       0x080010a9   Thumb Code    16  stm32f10x_usart.o(.text)
    USART_SmartCardCmd                       0x080010b9   Thumb Code    24  stm32f10x_usart.o(.text)
    USART_SmartCardNACKCmd                   0x080010d1   Thumb Code    24  stm32f10x_usart.o(.text)
    USART_HalfDuplexCmd                      0x080010e9   Thumb Code    24  stm32f10x_usart.o(.text)
    USART_OverSampling8Cmd                   0x08001101   Thumb Code    22  stm32f10x_usart.o(.text)
    USART_OneBitMethodCmd                    0x08001117   Thumb Code    24  stm32f10x_usart.o(.text)
    USART_IrDAConfig                         0x0800112f   Thumb Code    18  stm32f10x_usart.o(.text)
    USART_IrDACmd                            0x08001141   Thumb Code    24  stm32f10x_usart.o(.text)
    USART_GetFlagStatus                      0x08001159   Thumb Code    26  stm32f10x_usart.o(.text)
    USART_ClearFlag                          0x08001173   Thumb Code    18  stm32f10x_usart.o(.text)
    USART_GetITStatus                        0x08001185   Thumb Code    84  stm32f10x_usart.o(.text)
    USART_ClearITPendingBit                  0x080011d9   Thumb Code    52  stm32f10x_usart.o(.text)
    SPI_I2S_DeInit                           0x0800120d   Thumb Code    76  stm32f10x_spi.o(.text)
    SPI_Init                                 0x08001259   Thumb Code    60  stm32f10x_spi.o(.text)
    I2S_Init                                 0x08001295   Thumb Code   226  stm32f10x_spi.o(.text)
    SPI_StructInit                           0x08001377   Thumb Code    24  stm32f10x_spi.o(.text)
    I2S_StructInit                           0x0800138f   Thumb Code    20  stm32f10x_spi.o(.text)
    SPI_Cmd                                  0x080013a3   Thumb Code    24  stm32f10x_spi.o(.text)
    I2S_Cmd                                  0x080013bb   Thumb Code    24  stm32f10x_spi.o(.text)
    SPI_I2S_ITConfig                         0x080013d3   Thumb Code    32  stm32f10x_spi.o(.text)
    SPI_I2S_DMACmd                           0x080013f3   Thumb Code    18  stm32f10x_spi.o(.text)
    SPI_I2S_SendData                         0x08001405   Thumb Code     4  stm32f10x_spi.o(.text)
    SPI_I2S_ReceiveData                      0x08001409   Thumb Code     6  stm32f10x_spi.o(.text)
    SPI_NSSInternalSoftwareConfig            0x0800140f   Thumb Code    30  stm32f10x_spi.o(.text)
    SPI_SSOutputCmd                          0x0800142d   Thumb Code    24  stm32f10x_spi.o(.text)
    SPI_DataSizeConfig                       0x08001445   Thumb Code    18  stm32f10x_spi.o(.text)
    SPI_TransmitCRC                          0x08001457   Thumb Code    10  stm32f10x_spi.o(.text)
    SPI_CalculateCRC                         0x08001461   Thumb Code    24  stm32f10x_spi.o(.text)
    SPI_GetCRC                               0x08001479   Thumb Code    16  stm32f10x_spi.o(.text)
    SPI_GetCRCPolynomial                     0x08001489   Thumb Code     6  stm32f10x_spi.o(.text)
    SPI_BiDirectionalLineConfig              0x0800148f   Thumb Code    28  stm32f10x_spi.o(.text)
    SPI_I2S_GetFlagStatus                    0x080014ab   Thumb Code    18  stm32f10x_spi.o(.text)
    SPI_I2S_ClearFlag                        0x080014bd   Thumb Code     6  stm32f10x_spi.o(.text)
    SPI_I2S_GetITStatus                      0x080014c3   Thumb Code    52  stm32f10x_spi.o(.text)
    SPI_I2S_ClearITPendingBit                0x080014f7   Thumb Code    20  stm32f10x_spi.o(.text)
    OS_StrCopy                               0x08001519   Thumb Code    28  os_core.o(.text)
    OSEventNameGet                           0x08001535   Thumb Code   126  os_core.o(.text)
    OS_StrLen                                0x080015b3   Thumb Code    20  os_core.o(.text)
    OSEventNameSet                           0x080015c7   Thumb Code   140  os_core.o(.text)
    OS_TaskStatStkChk                        0x08001653   Thumb Code    54  os_core.o(.text)
    OS_TaskStat                              0x08001689   Thumb Code   114  os_core.o(.text)
    OS_TaskIdle                              0x0800172f   Thumb Code    32  os_core.o(.text)
    OS_MemClr                                0x08001783   Thumb Code    18  os_core.o(.text)
    OSInit                                   0x0800188b   Thumb Code    40  os_core.o(.text)
    OSIntEnter                               0x080018b3   Thumb Code    28  os_core.o(.text)
    OSIntExit                                0x080018e9   Thumb Code   256  os_core.o(.text)
    OSSchedLock                              0x080019e9   Thumb Code    50  os_core.o(.text)
    OS_Sched                                 0x08001a1b   Thumb Code    86  os_core.o(.text)
    OSSchedUnlock                            0x08001a71   Thumb Code    84  os_core.o(.text)
    OSStart                                  0x08001ac5   Thumb Code    48  os_core.o(.text)
    OSStatInit                               0x08001af5   Thumb Code    62  os_core.o(.text)
    OSTimeTick                               0x08001b33   Thumb Code   210  os_core.o(.text)
    OSVersion                                0x08001c05   Thumb Code     6  os_core.o(.text)
    OS_Dummy                                 0x08001c0b   Thumb Code     2  os_core.o(.text)
    OS_EventTaskRemove                       0x08001c0d   Thumb Code    42  os_core.o(.text)
    OS_EventTaskRdy                          0x08001c37   Thumb Code   114  os_core.o(.text)
    OS_EventTaskWait                         0x08001ca9   Thumb Code   112  os_core.o(.text)
    OS_EventWaitListInit                     0x08001d19   Thumb Code    28  os_core.o(.text)
    OS_MemCopy                               0x08001d35   Thumb Code    20  os_core.o(.text)
    OS_TCBInit                               0x08001d49   Thumb Code   338  os_core.o(.text)
    OSSemAccept                              0x08001eb1   Thumb Code    50  os_sem.o(.text)
    OSSemCreate                              0x08001ee3   Thumb Code    78  os_sem.o(.text)
    OSSemDel                                 0x08001f31   Thumb Code   236  os_sem.o(.text)
    OSSemPend                                0x0800201d   Thumb Code   240  os_sem.o(.text)
    OSSemPendAbort                           0x0800210d   Thumb Code   144  os_sem.o(.text)
    OSSemPost                                0x0800219d   Thumb Code    94  os_sem.o(.text)
    OSSemQuery                               0x080021fb   Thumb Code    94  os_sem.o(.text)
    OSSemSet                                 0x08002259   Thumb Code    80  os_sem.o(.text)
    OSTaskChangePrio                         0x080022b9   Thumb Code   342  os_task.o(.text)
    OSTaskCreate                             0x0800240f   Thumb Code   158  os_task.o(.text)
    OS_TaskStkClr                            0x080024ad   Thumb Code    26  os_task.o(.text)
    OSTaskCreateExt                          0x080024c7   Thumb Code   180  os_task.o(.text)
    OSTaskDel                                0x0800257b   Thumb Code   304  os_task.o(.text)
    OSTaskDelReq                             0x080026ab   Thumb Code   152  os_task.o(.text)
    OSTaskNameGet                            0x08002743   Thumb Code   148  os_task.o(.text)
    OSTaskNameSet                            0x080027d7   Thumb Code   160  os_task.o(.text)
    OSTaskResume                             0x08002877   Thumb Code   162  os_task.o(.text)
    OSTaskStkChk                             0x08002919   Thumb Code   150  os_task.o(.text)
    OSTaskSuspend                            0x080029af   Thumb Code   172  os_task.o(.text)
    OSTaskQuery                              0x08002a5b   Thumb Code   100  os_task.o(.text)
    OSTimeDly                                0x08002ad9   Thumb Code    96  os_time.o(.text)
    OSTimeDlyHMSM                            0x08002b39   Thumb Code   160  os_time.o(.text)
    OSTimeDlyResume                          0x08002bd9   Thumb Code   168  os_time.o(.text)
    OSTimeGet                                0x08002c81   Thumb Code    24  os_time.o(.text)
    OSTimeSet                                0x08002c99   Thumb Code    24  os_time.o(.text)
    OSInitHookBegin                          0x08002cc9   Thumb Code     2  os_cpu_c.o(.text)
    OSInitHookEnd                            0x08002ccb   Thumb Code     2  os_cpu_c.o(.text)
    OSTaskCreateHook                         0x08002ccd   Thumb Code     2  os_cpu_c.o(.text)
    OSTaskDelHook                            0x08002ccf   Thumb Code     2  os_cpu_c.o(.text)
    OSTaskIdleHook                           0x08002cd1   Thumb Code     2  os_cpu_c.o(.text)
    OSTaskStatHook                           0x08002cd3   Thumb Code     2  os_cpu_c.o(.text)
    OSTaskStkInit                            0x08002cd5   Thumb Code   154  os_cpu_c.o(.text)
    OSTaskSwHook                             0x08002d6f   Thumb Code     2  os_cpu_c.o(.text)
    OSTCBInitHook                            0x08002d71   Thumb Code     2  os_cpu_c.o(.text)
    OSTimeTickHook                           0x08002d73   Thumb Code     2  os_cpu_c.o(.text)
    OSDebugInit                              0x08002d75   Thumb Code    94  os_dbg.o(.text)
    OS_CPU_SR_Save                           0x08002e89   Thumb Code     0  os_cpu_a.o(.text)
    OS_CPU_SR_Restore                        0x08002e91   Thumb Code     0  os_cpu_a.o(.text)
    OSStartHighRdy                           0x08002e97   Thumb Code     0  os_cpu_a.o(.text)
    OSCtxSw                                  0x08002eb7   Thumb Code     0  os_cpu_a.o(.text)
    OSIntCtxSw                               0x08002ec1   Thumb Code     0  os_cpu_a.o(.text)
    OS_CPU_PendSVHandler                     0x08002ecb   Thumb Code     0  os_cpu_a.o(.text)
    Systick_Init                             0x08002f2d   Thumb Code    74  bsp.o(.text)
    BSP_Init                                 0x08002f77   Thumb Code    40  bsp.o(.text)
    TASK_WtAndDp                             0x08002fad   Thumb Code    32  app.o(.text)
    TASK_UpdateTime                          0x08002fcd   Thumb Code    22  app.o(.text)
    TASK_LcdDisplay                          0x08002fe3   Thumb Code    22  app.o(.text)
    TASK_Time                                0x08002ff9   Thumb Code    22  app.o(.text)
    TASK_KeyScan                             0x0800300f   Thumb Code     8  app.o(.text)
    Run_NotMaster                            0x08003017   Thumb Code   124  app.o(.text)
    TASK_Master                              0x08003093   Thumb Code    12  app.o(.text)
    USART1_Config                            0x080030d9   Thumb Code   126  usart1.o(.text)
    DMA_Config                               0x0800317d   Thumb Code    90  usart1.o(.text)
    fputc                                    0x080031d7   Thumb Code    32  usart1.o(.text)
    USART1_printf                            0x08003259   Thumb Code   262  usart1.o(.text)
    Led_OnTheNum                             0x08003371   Thumb Code   160  dm13a.o(.text)
    DM13A_GPIO_Config                        0x08003411   Thumb Code    76  dm13a.o(.text)
    Relay_Init                               0x0800345d   Thumb Code    66  dm13a.o(.text)
    LCD_Init                                 0x080034a9   Thumb Code    16  lcd.o(.text)
    LCD_DisplayChar1616                      0x080034b9   Thumb Code    34  lcd.o(.text)
    LCD_DisplayChar816                       0x080034db   Thumb Code    30  lcd.o(.text)
    LCD_DisplayChar58                        0x080034f9   Thumb Code    30  lcd.o(.text)
    LCD_DisplayGB2312                        0x08003517   Thumb Code   200  lcd.o(.text)
    LCD_DisplayString58                      0x080035df   Thumb Code    72  lcd.o(.text)
    LCD_DisplayNum                           0x08003627   Thumb Code    72  lcd.o(.text)
    Screen_GPIO_Init                         0x08003679   Thumb Code    40  screen.o(.text)
    SCREEN_WriteCommand                      0x080036a1   Thumb Code    90  screen.o(.text)
    SCREEN_WriteData                         0x080036fb   Thumb Code    90  screen.o(.text)
    SCREEN_Init                              0x08003755   Thumb Code    96  screen.o(.text)
    SCREEN_WriteAddr                         0x080037b5   Thumb Code    38  screen.o(.text)
    SCREEN_Clear                             0x080037db   Thumb Code    54  screen.o(.text)
    SCREEN_Display12864                      0x08003811   Thumb Code    42  screen.o(.text)
    SCREEN_Display1616                       0x0800383b   Thumb Code    50  screen.o(.text)
    SCREEN_Display816                        0x0800386d   Thumb Code    50  screen.o(.text)
    SCREEN_Display58                         0x0800389f   Thumb Code    40  screen.o(.text)
    SPI_ZikuInit                             0x080038cd   Thumb Code   176  ziku.o(.text)
    SPI_TransChar                            0x0800397d   Thumb Code    50  ziku.o(.text)
    SPI_ZikuWriteAddr                        0x080039af   Thumb Code    34  ziku.o(.text)
    SPI_ZikuReadChar                         0x080039d1   Thumb Code    56  ziku.o(.text)
    Delay_us                                 0x08003a11   Thumb Code    28  ds18b20.o(.text)
    DS18B20_GPIO_Init                        0x08003a2d   Thumb Code    40  ds18b20.o(.text)
    DS18B20_DQ_Out                           0x08003a55   Thumb Code    32  ds18b20.o(.text)
    DS18B20_DQ_In                            0x08003a75   Thumb Code    32  ds18b20.o(.text)
    DS18B20_ReadData                         0x08003a95   Thumb Code   106  ds18b20.o(.text)
    DS18B20_WriteData                        0x08003aff   Thumb Code   112  ds18b20.o(.text)
    DS18B20_RST                              0x08003b6f   Thumb Code   172  ds18b20.o(.text)
    DS18B20_ReadTemper                       0x08003c1b   Thumb Code   136  ds18b20.o(.text)
    DS18B20_GetTemper                        0x08003ca3   Thumb Code   130  ds18b20.o(.text)
    KEY_GPIO_Config                          0x08003d4d   Thumb Code    78  key.o(.text)
    KEY_RowColChange                         0x08003d9b   Thumb Code    70  key.o(.text)
    KEY_ColRowChange                         0x08003de1   Thumb Code    70  key.o(.text)
    KEY_Scan                                 0x08003e27   Thumb Code   300  key.o(.text)
    Get_Function                             0x08003f59   Thumb Code    44  keyrun.o(.text)
    Key_RunTime                              0x08003f85   Thumb Code   388  keyrun.o(.text)
    Function_InRun                           0x08004121   Thumb Code    68  function.o(.text)
    Function_InBefore                        0x08004165   Thumb Code   164  function.o(.text)
    Set_Function                             0x08004209   Thumb Code    20  function.o(.text)
    Function_WaterAndDisplay                 0x0800421d   Thumb Code    52  function.o(.text)
    Update_Time                              0x0800428d   Thumb Code   112  updatetime.o(.text)
    Time_RunMuch                             0x0800439f   Thumb Code   248  updatetime.o(.text)
    HaiShen_Display                          0x080044dd   Thumb Code   178  cdisplay.o(.text)
    Zero_Display                             0x08004599   Thumb Code    60  0zero.o(.text)
    One_Display                              0x08004863   Thumb Code    42  1one.o(.text)
    Device_Test                              0x0800488d   Thumb Code   134  1one.o(.text)
    Function_OneRun                          0x08004913   Thumb Code   168  1one.o(.text)
    Two_Display                              0x08004f0f   Thumb Code    42  2two.o(.text)
    Three_Display                            0x08004fd5   Thumb Code     2  3three.o(.text)
    Four_Display                             0x08004fd7   Thumb Code     2  4four.o(.text)
    Five_Display                             0x08004fd9   Thumb Code     2  5five.o(.text)
    Six_Display                              0x08004fdb   Thumb Code     2  6six.o(.text)
    Seven_Display                            0x08004fdd   Thumb Code     2  7seven.o(.text)
    Eight_Display                            0x08004fdf   Thumb Code     2  8eight.o(.text)
    Nine_Display                             0x08004fe1   Thumb Code     2  9nine.o(.text)
    Ten_Display                              0x08004fe3   Thumb Code     2  10ten.o(.text)
    Eleven_Display                           0x08004fe5   Thumb Code     2  11eleven.o(.text)
    Twelve_Display                           0x08004fe7   Thumb Code     2  12twelve.o(.text)
    Thirteen_Display                         0x08004fe9   Thumb Code     2  13thirteen.o(.text)
    Fourteen_Display                         0x08004feb   Thumb Code     2  14fourteen.o(.text)
    Fifteen_Display                          0x08004fed   Thumb Code     2  15fifteen.o(.text)
    Sixteen_Display                          0x08004fef   Thumb Code     2  16sixteen.o(.text)
    __scatterload                            0x08004ff1   Thumb Code    28  init.o(.text)
    __scatterload_rt2                        0x08004ff1   Thumb Code     0  init.o(.text)
    __scatterload_copy                       0x08005015   Thumb Code    14  handlers.o(i.__scatterload_copy)
    __scatterload_null                       0x08005023   Thumb Code     2  handlers.o(i.__scatterload_null)
    __scatterload_zeroinit                   0x08005025   Thumb Code    14  handlers.o(i.__scatterload_zeroinit)
    OSUnMapTbl                               0x08005032   Data         256  os_core.o(.constdata)
    OSDebugEn                                0x08005134   Data           2  os_dbg.o(.constdata)
    OSEndiannessTest                         0x08005138   Data           4  os_dbg.o(.constdata)
    OSEventMax                               0x0800513c   Data           2  os_dbg.o(.constdata)
    OSEventNameSize                          0x0800513e   Data           2  os_dbg.o(.constdata)
    OSEventEn                                0x08005140   Data           2  os_dbg.o(.constdata)
    OSEventSize                              0x08005142   Data           2  os_dbg.o(.constdata)
    OSEventTblSize                           0x08005144   Data           2  os_dbg.o(.constdata)
    OSFlagEn                                 0x08005146   Data           2  os_dbg.o(.constdata)
    OSFlagGrpSize                            0x08005148   Data           2  os_dbg.o(.constdata)
    OSFlagNodeSize                           0x0800514a   Data           2  os_dbg.o(.constdata)
    OSFlagWidth                              0x0800514c   Data           2  os_dbg.o(.constdata)
    OSFlagMax                                0x0800514e   Data           2  os_dbg.o(.constdata)
    OSFlagNameSize                           0x08005150   Data           2  os_dbg.o(.constdata)
    OSLowestPrio                             0x08005152   Data           2  os_dbg.o(.constdata)
    OSMboxEn                                 0x08005154   Data           2  os_dbg.o(.constdata)
    OSMemEn                                  0x08005156   Data           2  os_dbg.o(.constdata)
    OSMemMax                                 0x08005158   Data           2  os_dbg.o(.constdata)
    OSMemNameSize                            0x0800515a   Data           2  os_dbg.o(.constdata)
    OSMemSize                                0x0800515c   Data           2  os_dbg.o(.constdata)
    OSMemTblSize                             0x0800515e   Data           2  os_dbg.o(.constdata)
    OSMutexEn                                0x08005160   Data           2  os_dbg.o(.constdata)
    OSPtrSize                                0x08005162   Data           2  os_dbg.o(.constdata)
    OSQEn                                    0x08005164   Data           2  os_dbg.o(.constdata)
    OSQMax                                   0x08005166   Data           2  os_dbg.o(.constdata)
    OSQSize                                  0x08005168   Data           2  os_dbg.o(.constdata)
    OSRdyTblSize                             0x0800516a   Data           2  os_dbg.o(.constdata)
    OSSemEn                                  0x0800516c   Data           2  os_dbg.o(.constdata)
    OSStkWidth                               0x0800516e   Data           2  os_dbg.o(.constdata)
    OSTaskCreateEn                           0x08005170   Data           2  os_dbg.o(.constdata)
    OSTaskCreateExtEn                        0x08005172   Data           2  os_dbg.o(.constdata)
    OSTaskDelEn                              0x08005174   Data           2  os_dbg.o(.constdata)
    OSTaskIdleStkSize                        0x08005176   Data           2  os_dbg.o(.constdata)
    OSTaskProfileEn                          0x08005178   Data           2  os_dbg.o(.constdata)
    OSTaskMax                                0x0800517a   Data           2  os_dbg.o(.constdata)
    OSTaskNameSize                           0x0800517c   Data           2  os_dbg.o(.constdata)
    OSTaskStatEn                             0x0800517e   Data           2  os_dbg.o(.constdata)
    OSTaskStatStkSize                        0x08005180   Data           2  os_dbg.o(.constdata)
    OSTaskStatStkChkEn                       0x08005182   Data           2  os_dbg.o(.constdata)
    OSTaskSwHookEn                           0x08005184   Data           2  os_dbg.o(.constdata)
    OSTCBPrioTblMax                          0x08005186   Data           2  os_dbg.o(.constdata)
    OSTCBSize                                0x08005188   Data           2  os_dbg.o(.constdata)
    OSTicksPerSec                            0x0800518a   Data           2  os_dbg.o(.constdata)
    OSTimeTickHookEn                         0x0800518c   Data           2  os_dbg.o(.constdata)
    OSVersionNbr                             0x0800518e   Data           2  os_dbg.o(.constdata)
    OSDataSize                               0x08005190   Data           2  os_dbg.o(.constdata)
    Region$$Table$$Base                      0x08005194   Number         0  anon$$obj.o(Region$$Table)
    Region$$Table$$Limit                     0x080051b4   Number         0  anon$$obj.o(Region$$Table)
    SystemCoreClock                          0x20000000   Data           4  system_stm32f10x.o(.data)
    AHBPrescTable                            0x20000004   Data          16  system_stm32f10x.o(.data)
    OSCtxSwCtr                               0x20000028   Data           4  os_core.o(.data)
    OSEventFreeList                          0x2000002c   Data           4  os_core.o(.data)
    OSCPUUsage                               0x20000030   Data           1  os_core.o(.data)
    OSIdleCtrMax                             0x20000034   Data           4  os_core.o(.data)
    OSIdleCtrRun                             0x20000038   Data           4  os_core.o(.data)
    OSStatRdy                                0x2000003c   Data           1  os_core.o(.data)
    OSIntNesting                             0x2000003d   Data           1  os_core.o(.data)
    OSLockNesting                            0x2000003e   Data           1  os_core.o(.data)
    OSPrioCur                                0x2000003f   Data           1  os_core.o(.data)
    OSPrioHighRdy                            0x20000040   Data           1  os_core.o(.data)
    OSRdyGrp                                 0x20000041   Data           1  os_core.o(.data)
    OSRdyTbl                                 0x20000042   Data           4  os_core.o(.data)
    OSRunning                                0x20000046   Data           1  os_core.o(.data)
    OSTaskCtr                                0x20000047   Data           1  os_core.o(.data)
    OSIdleCtr                                0x20000048   Data           4  os_core.o(.data)
    OSTCBCur                                 0x2000004c   Data           4  os_core.o(.data)
    OSTCBFreeList                            0x20000050   Data           4  os_core.o(.data)
    OSTCBHighRdy                             0x20000054   Data           4  os_core.o(.data)
    OSTCBList                                0x20000058   Data           4  os_core.o(.data)
    OSTickStepState                          0x2000005c   Data           1  os_core.o(.data)
    OSTime                                   0x20000060   Data           4  os_core.o(.data)
    Usart_Rec_Event                          0x20000064   Data           4  app.o(.data)
    Key_Num_Event                            0x20000068   Data           4  app.o(.data)
    Time_Run_Event                           0x2000006c   Data           4  app.o(.data)
    Lcd_Display_Event                        0x20000070   Data           4  app.o(.data)
    Update_Time_Event                        0x20000074   Data           4  app.o(.data)
    Method_Other_Event                       0x20000078   Data           4  app.o(.data)
    Operation_TheAction                      0x2000007c   Data           1  function.o(.data)
    Time_Page                                0x2000007d   Data           1  updatetime.o(.data)
    Time_Colum                               0x2000007e   Data           1  updatetime.o(.data)
    Time_Num                                 0x2000007f   Data           1  updatetime.o(.data)
    Other_Stage                              0x20000080   Data           1  functionother.o(.data)
    No_DisplayStatus                         0x20000081   Data           1  functionother.o(.data)
    Lcd_DisplayStatus                        0x20000082   Data           8  cdisplay.o(.data)
    OSEventTbl                               0x2000018c   Data         320  os_core.o(.bss)
    OSTaskStatStk                            0x200002cc   Data         512  os_core.o(.bss)
    OSTaskIdleStk                            0x200004cc   Data         512  os_core.o(.bss)
    OSTCBPrioTbl                             0x200006cc   Data         128  os_core.o(.bss)
    OSTCBTbl                                 0x2000074c   Data        1440  os_core.o(.bss)
    TASK_KeyScan_Stk                         0x20000cec   Data         192  app.o(.bss)
    TASK_Time_Stk                            0x20000dac   Data         192  app.o(.bss)
    TASK_LcdDisplay_Stk                      0x20000e6c   Data         256  app.o(.bss)
    TASK_UpdateTime_Stk                      0x20000f6c   Data         192  app.o(.bss)
    TASK_WtAndDp_Stk                         0x2000102c   Data         192  app.o(.bss)
    Usart_Rec_Buf                            0x200010ec   Data         128  usart1.o(.bss)
    Usart_Send_Buf                           0x2000116c   Data          64  usart1.o(.bss)
    __initial_sp                             0x200013b0   Data           0  startup_stm32f10x_hd.o(STACK)



==============================================================================

Memory Map of the image

  Image Entry point : 0x08000131

  Load Region LR_IROM1 (Base: 0x08000000, Size: 0x00005240, Max: 0x00040000, ABSOLUTE)

    Execution Region ER_IROM1 (Base: 0x08000000, Size: 0x000051b4, Max: 0x00040000, ABSOLUTE)

    Base Addr    Size         Type   Attr      Idx    E Section Name        Object

    0x08000000   0x00000130   Data   RO            3    RESET               startup_stm32f10x_hd.o
    0x08000130   0x00000000   Code   RO         1138  * .ARM.Collect$$$$00000000  mc_w.l(entry.o)
    0x08000130   0x00000004   Code   RO         1141    .ARM.Collect$$$$00000001  mc_w.l(entry2.o)
    0x08000134   0x00000004   Code   RO         1144    .ARM.Collect$$$$00000004  mc_w.l(entry5.o)
    0x08000138   0x00000000   Code   RO         1146    .ARM.Collect$$$$00000008  mc_w.l(entry7b.o)
    0x08000138   0x00000000   Code   RO         1148    .ARM.Collect$$$$0000000A  mc_w.l(entry8b.o)
    0x08000138   0x00000008   Code   RO         1149    .ARM.Collect$$$$0000000B  mc_w.l(entry9a.o)
    0x08000140   0x00000000   Code   RO         1151    .ARM.Collect$$$$0000000D  mc_w.l(entry10a.o)
    0x08000140   0x00000000   Code   RO         1153    .ARM.Collect$$$$0000000F  mc_w.l(entry11a.o)
    0x08000140   0x00000004   Code   RO         1142    .ARM.Collect$$$$00002712  mc_w.l(entry2.o)
    0x08000144   0x00000030   Code   RO            4    .text               startup_stm32f10x_hd.o
    0x08000174   0x00000028   Code   RO           10    .text               main.o
    0x0800019c   0x00000058   Code   RO          186    .text               stm32f10x_it.o
    0x080001f4   0x000001e0   Code   RO          208    .text               system_stm32f10x.o
    0x080003d4   0x000000dc   Code   RO          226    .text               misc.o
    0x080004b0   0x0000035c   Code   RO          238    .text               stm32f10x_gpio.o
    0x0800080c   0x000003a4   Code   RO          250    .text               stm32f10x_rcc.o
    0x08000bb0   0x00000254   Code   RO          264    .text               stm32f10x_dma.o
    0x08000e04   0x00000408   Code   RO          276    .text               stm32f10x_usart.o
    0x0800120c   0x0000030c   Code   RO          513    .text               stm32f10x_spi.o
    0x08001518   0x00000998   Code   RO          555    .text               os_core.o
    0x08001eb0   0x00000408   Code   RO          605    .text               os_sem.o
    0x080022b8   0x00000820   Code   RO          617    .text               os_task.o
    0x08002ad8   0x000001f0   Code   RO          629    .text               os_time.o
    0x08002cc8   0x000000ac   Code   RO          647    .text               os_cpu_c.o
    0x08002d74   0x00000114   Code   RO          666    .text               os_dbg.o
    0x08002e88   0x000000a4   Code   RO          681    .text               os_cpu_a.o
    0x08002f2c   0x00000080   Code   RO          684    .text               bsp.o
    0x08002fac   0x0000012c   Code   RO          703    .text               app.o
    0x080030d8   0x00000298   Code   RO          722    .text               usart1.o
    0x08003370   0x00000138   Code   RO          760    .text               dm13a.o
    0x080034a8   0x000001d0   Code   RO          784    .text               lcd.o
    0x08003678   0x00000254   Code   RO          796    .text               screen.o
    0x080038cc   0x00000144   Code   RO          808    .text               ziku.o
    0x08003a10   0x0000033c   Code   RO          820    .text               ds18b20.o
    0x08003d4c   0x0000020c   Code   RO          832    .text               key.o
    0x08003f58   0x000001c8   Code   RO          844    .text               keyrun.o
    0x08004120   0x0000016c   Code   RO          862    .text               function.o
    0x0800428c   0x00000250   Code   RO          880    .text               updatetime.o
    0x080044dc   0x000000bc   Code   RO          916    .text               cdisplay.o
    0x08004598   0x0000007c   Code   RO          934    .text               0zero.o
    0x08004614   0x00000588   Code   RO          946    .text               1one.o
    0x08004b9c   0x00000438   Code   RO          958    .text               2two.o
    0x08004fd4   0x00000002   Code   RO          970    .text               3three.o
    0x08004fd6   0x00000002   Code   RO          982    .text               4four.o
    0x08004fd8   0x00000002   Code   RO          994    .text               5five.o
    0x08004fda   0x00000002   Code   RO         1006    .text               6six.o
    0x08004fdc   0x00000002   Code   RO         1018    .text               7seven.o
    0x08004fde   0x00000002   Code   RO         1030    .text               8eight.o
    0x08004fe0   0x00000002   Code   RO         1042    .text               9nine.o
    0x08004fe2   0x00000002   Code   RO         1054    .text               10ten.o
    0x08004fe4   0x00000002   Code   RO         1066    .text               11eleven.o
    0x08004fe6   0x00000002   Code   RO         1078    .text               12twelve.o
    0x08004fe8   0x00000002   Code   RO         1090    .text               13thirteen.o
    0x08004fea   0x00000002   Code   RO         1102    .text               14fourteen.o
    0x08004fec   0x00000002   Code   RO         1114    .text               15fifteen.o
    0x08004fee   0x00000002   Code   RO         1126    .text               16sixteen.o
    0x08004ff0   0x00000024   Code   RO         1155    .text               mc_w.l(init.o)
    0x08005014   0x0000000e   Code   RO         1159    i.__scatterload_copy  mc_w.l(handlers.o)
    0x08005022   0x00000002   Code   RO         1160    i.__scatterload_null  mc_w.l(handlers.o)
    0x08005024   0x0000000e   Code   RO         1161    i.__scatterload_zeroinit  mc_w.l(handlers.o)
    0x08005032   0x00000100   Data   RO          557    .constdata          os_core.o
    0x08005132   0x00000002   PAD
    0x08005134   0x0000005e   Data   RO          667    .constdata          os_dbg.o
    0x08005192   0x00000002   PAD
    0x08005194   0x00000020   Data   RO         1157    Region$$Table       anon$$obj.o


    Execution Region RW_IRAM1 (Base: 0x20000000, Size: 0x000013b0, Max: 0x0000c000, ABSOLUTE)

    Base Addr    Size         Type   Attr      Idx    E Section Name        Object

    0x20000000   0x00000014   Data   RW          209    .data               system_stm32f10x.o
    0x20000014   0x00000014   Data   RW          251    .data               stm32f10x_rcc.o
    0x20000028   0x0000003c   Data   RW          558    .data               os_core.o
    0x20000064   0x00000018   Data   RW          705    .data               app.o
    0x2000007c   0x00000001   Data   RW          863    .data               function.o
    0x2000007d   0x00000003   Data   RW          881    .data               updatetime.o
    0x20000080   0x00000002   Data   RW          899    .data               functionother.o
    0x20000082   0x00000008   Data   RW          917    .data               cdisplay.o
    0x2000008a   0x00000002   PAD
    0x2000008c   0x00000100   Zero   RW           11    .bss                main.o
    0x2000018c   0x00000b60   Zero   RW          556    .bss                os_core.o
    0x20000cec   0x00000400   Zero   RW          704    .bss                app.o
    0x200010ec   0x000000c0   Zero   RW          723    .bss                usart1.o
    0x200011ac   0x00000004   PAD
    0x200011b0   0x00000200   Zero   RW            1    STACK               startup_stm32f10x_hd.o


==============================================================================

Image component sizes


      Code (inc. data)   RO Data    RW Data    ZI Data      Debug   Object Name

       124         64          0          0          0        435   0zero.o
         2          0          0          0          0        382   10ten.o
         2          0          0          0          0        389   11eleven.o
         2          0          0          0          0        389   12twelve.o
         2          0          0          0          0        399   13thirteen.o
         2          0          0          0          0        399   14fourteen.o
         2          0          0          0          0        398   15fifteen.o
         2          0          0          0          0        398   16sixteen.o
      1416        506          0          0          0       3010   1one.o
      1080        174          0          0          0       2810   2two.o
         2          0          0          0          0        384   3three.o
         2          0          0          0          0        383   4four.o
         2          0          0          0          0        383   5five.o
         2          0          0          0          0        374   6six.o
         2          0          0          0          0        384   7seven.o
         2          0          0          0          0        384   8eight.o
         2          0          0          0          0        383   9nine.o
       300         58          0         24       1024       2498   app.o
       128         14          0          0          0      15811   bsp.o
       188         34          0          8          0       1130   cdisplay.o
       312         10          0          0          0        968   dm13a.o
       828         40          0          0          0       3046   ds18b20.o
       364         76          0          1          0       1367   function.o
         0          0          0          2          0        283   functionother.o
       524          6          0          0          0       1353   key.o
       456         42          0          0          0        887   keyrun.o
       464         10          0          0          0       2433   lcd.o
        40         10          0          0        256     258427   main.o
       220         22          0          0          0       1705   misc.o
      2456        242        256         60       2912      16436   os_core.o
       164         32          0          0          0        312   os_cpu_a.o
       172          0          0          0          0      10729   os_cpu_c.o
       276        182         94          0          0       2857   os_dbg.o
      1032         16          0          0          0       4146   os_sem.o
      2080         66          0          0          0       7149   os_task.o
       496         24          0          0          0       1942   os_time.o
       596          6          0          0          0       2820   screen.o
        48         12        304          0        512        880   startup_stm32f10x_hd.o
       596          8          0          0          0       4274   stm32f10x_dma.o
       860         38          0          0          0       5645   stm32f10x_gpio.o
        88          4          0          0          0       1521   stm32f10x_it.o
       932         36          0         20          0       8796   stm32f10x_rcc.o
       780         14          0          0          0       6522   stm32f10x_spi.o
      1032         22          0          0          0       8364   stm32f10x_usart.o
       480         38          0         20          0       1731   system_stm32f10x.o
       592         44          0          3          0       1403   updatetime.o
       664         18          0          0        192       4621   usart1.o
       324          8          0          0          0       1356   ziku.o

    ----------------------------------------------------------------------
     20140       1876        690        140       4900     393096   Object Totals
         0          0         32          0          0          0   (incl. Generated)
         0          0          4          2          4          0   (incl. Padding)

    ----------------------------------------------------------------------

      Code (inc. data)   RO Data    RW Data    ZI Data      Debug   Library Member Name

         0          0          0          0          0          0   entry.o
         0          0          0          0          0          0   entry10a.o
         0          0          0          0          0          0   entry11a.o
         8          4          0          0          0          0   entry2.o
         4          0          0          0          0          0   entry5.o
         0          0          0          0          0          0   entry7b.o
         0          0          0          0          0          0   entry8b.o
         8          4          0          0          0          0   entry9a.o
        30          0          0          0          0          0   handlers.o
        36          8          0          0          0         68   init.o

    ----------------------------------------------------------------------
        86         16          0          0          0         68   Library Totals
         0          0          0          0          0          0   (incl. Padding)

    ----------------------------------------------------------------------

      Code (inc. data)   RO Data    RW Data    ZI Data      Debug   Library Name

        86         16          0          0          0         68   mc_w.l

    ----------------------------------------------------------------------
        86         16          0          0          0         68   Library Totals

    ----------------------------------------------------------------------

==============================================================================


      Code (inc. data)   RO Data    RW Data    ZI Data      Debug   

     20226       1892        690        140       4900     390248   Grand Totals
     20226       1892        690        140       4900     390248   ELF Image Totals
     20226       1892        690        140          0          0   ROM Totals

==============================================================================

    Total RO  Size (Code + RO Data)                20916 (  20.43kB)
    Total RW  Size (RW Data + ZI Data)              5040 (   4.92kB)
    Total ROM Size (Code + RO Data + RW Data)      21056 (  20.56kB)

==============================================================================

