<html>
<body>
<pre>
<h1>µVision Build Log</h1>
<h2>Tool Versions:</h2>
IDE-Version: ¦ÌVision V5.23.0.0
Copyright (C) 2017 ARM Ltd and ARM Germany GmbH. All rights reserved.
License Information: liu lzhitwh, Microsoft, LIC=----
 
Tool Versions:
Toolchain:       MDK-Lite  Version: 5.23
Toolchain Path:  G:\Keil\Keil_v5\ARM\ARMCC\Bin
C Compiler:      Armcc.exe V5.06 update 4 (build 422)
Assembler:       Armasm.exe V5.06 update 4 (build 422)
Linker/Locator:  ArmLink.exe V5.06 update 4 (build 422)
Library Manager: ArmAr.exe V5.06 update 4 (build 422)
Hex Converter:   FromElf.exe V5.06 update 4 (build 422)
CPU DLL:         SARMCM3.DLL V5.23
Dialog DLL:      DCM.DLL V1.15.0.0
Target DLL:      Segger\JL2CM3.dll V2.99.23.0
Dialog DLL:      TCM.DLL V1.27.0.0
 
<h2>Project:</h2>
C:\Users\lzhitwh\Desktop\project\pot\pot.uvprojx
Project File Date:  06/06/2017

<h2>Output:</h2>
*** Using Compiler 'V5.06 update 4 (build 422)', folder: 'G:\Keil\Keil_v5\ARM\ARMCC\Bin'
Rebuild target 'pot'
assembling os_cpu_a.asm...
assembling startup_stm32f10x_hd.s...
compiling os_mbox.c...
compiling os_cpu_c.c...
compiling os_flag.c...
compiling os_dbg.c...
compiling os_core.c...
compiling os_q.c...
compiling os_mutex.c...
compiling os_time.c...
compiling os_task.c...
compiling os_tmr.c...
compiling os_sem.c...
compiling os_mem.c...
compiling stm32f10x_cec.c...
compiling stm32f10x_bkp.c...
compiling misc.c...
compiling system_stm32f10x.c...
compiling stm32f10x_adc.c...
compiling stm32f10x_can.c...
compiling core_cm3.c...
compiling stm32f10x_crc.c...
compiling stm32f10x_dma.c...
compiling stm32f10x_dac.c...
compiling stm32f10x_dbgmcu.c...
compiling stm32f10x_exti.c...
compiling stm32f10x_flash.c...
compiling stm32f10x_fsmc.c...
compiling stm32f10x_rcc.c...
compiling stm32f10x_pwr.c...
compiling stm32f10x_i2c.c...
compiling stm32f10x_iwdg.c...
compiling stm32f10x_rtc.c...
compiling stm32f10x_gpio.c...
compiling stm32f10x_sdio.c...
compiling stm32f10x_spi.c...
compiling stm32f10x_usart.c...
compiling stm32f10x_wwdg.c...
compiling usart2.c...
compiling dm13a.c...
compiling stm32f10x_tim.c...
compiling bsp.c...
compiling usart1.c...
compiling ds18b20.c...
compiling esp8266.c...
compiling key.c...
compiling screen.c...
compiling ziku.c...
compiling main.c...
compiling keyrun.c...
compiling lcd.c...
compiling stm32f10x_it.c...
compiling function.c...
compiling app.c...
compiling cdisplay.c...
compiling functionother.c...
compiling 0zero.c...
compiling 2two.c...
item\2two.c(37): warning:  #177-D: function "OneBranch_Display"  was declared but never referenced
  static void OneBranch_Display(void)
item\2two.c(48): warning:  #177-D: function "TwoBranch_Display"  was declared but never referenced
  static void TwoBranch_Display(void)
item\2two.c(60): warning:  #177-D: function "ThreeBranch_Display"  was declared but never referenced
  static void ThreeBranch_Display(void)
item\2two.c(72): warning:  #177-D: function "OneOneStage_Display"  was declared but never referenced
  static void OneOneStage_Display(void)
item\2two.c(81): warning:  #177-D: function "OneTwoStage_Display"  was declared but never referenced
  static void OneTwoStage_Display(void)
item\2two.c(89): warning:  #177-D: function "OneThreeStage_Display"  was declared but never referenced
  static void OneThreeStage_Display(void)
item\2two.c(97): warning:  #177-D: function "OneFourStage_Display"  was declared but never referenced
  static void OneFourStage_Display(void)
item\2two.c(105): warning:  #177-D: function "OneFiveStage_Display"  was declared but never referenced
  static void OneFiveStage_Display(void)
item\2two.c(115): warning:  #177-D: function "TwoOneStage_Display"  was declared but never referenced
  static void TwoOneStage_Display(void)
item\2two.c(123): warning:  #177-D: function "TwoTwoStage_Display"  was declared but never referenced
  static void TwoTwoStage_Display(void)
item\2two.c(131): warning:  #177-D: function "TwoThreeStage_Display"  was declared but never referenced
  static void TwoThreeStage_Display(void)
item\2two.c(139): warning:  #177-D: function "TwoFourStage_Display"  was declared but never referenced
  static void TwoFourStage_Display(void)
item\2two.c(147): warning:  #177-D: function "TwoFiveStage_Display"  was declared but never referenced
  static void TwoFiveStage_Display(void)
item\2two.c(157): warning:  #177-D: function "ThreeOneStage_Display"  was declared but never referenced
  static void ThreeOneStage_Display(void)
item\2two.c(166): warning:  #177-D: function "ThreeTwoStage_Display"  was declared but never referenced
  static void ThreeTwoStage_Display(void)
item\2two.c(175): warning:  #177-D: function "ThreeThreeStage_Display"  was declared but never referenced
  static void ThreeThreeStage_Display(void)
item\2two.c(183): warning:  #177-D: function "ThreeFourStage_Display"  was declared but never referenced
  static void ThreeFourStage_Display(void)
item\2two.c(191): warning:  #177-D: function "ThreeFiveStage_Display"  was declared but never referenced
  static void ThreeFiveStage_Display(void)
item\2two.c: 18 warnings, 0 errors
compiling 3three.c...
compiling 1one.c...
item\1one.c(37): warning:  #177-D: function "OneBranch_Display"  was declared but never referenced
  static void OneBranch_Display(void)
item\1one.c(60): warning:  #177-D: function "ThreeBranch_Display"  was declared but never referenced
  static void ThreeBranch_Display(void)
item\1one.c(72): warning:  #177-D: function "OneOneStage_Display"  was declared but never referenced
  static void OneOneStage_Display(void)
item\1one.c(81): warning:  #177-D: function "OneTwoStage_Display"  was declared but never referenced
  static void OneTwoStage_Display(void)
item\1one.c(142): warning:  #177-D: function "OneThreeStage_Display"  was declared but never referenced
  static void OneThreeStage_Display(void)
item\1one.c(146): warning:  #177-D: function "OneFourStage_Display"  was declared but never referenced
  static void OneFourStage_Display(void)
item\1one.c(150): warning:  #177-D: function "OneFiveStage_Display"  was declared but never referenced
  static void OneFiveStage_Display(void)
item\1one.c(156): warning:  #177-D: function "TwoOneStage_Display"  was declared but never referenced
  static void TwoOneStage_Display(void)
item\1one.c(164): warning:  #177-D: function "TwoTwoStage_Display"  was declared but never referenced
  static void TwoTwoStage_Display(void)
item\1one.c(168): warning:  #177-D: function "TwoThreeStage_Display"  was declared but never referenced
  static void TwoThreeStage_Display(void)
item\1one.c(172): warning:  #177-D: function "TwoFourStage_Display"  was declared but never referenced
  static void TwoFourStage_Display(void)
item\1one.c(176): warning:  #177-D: function "TwoFiveStage_Display"  was declared but never referenced
  static void TwoFiveStage_Display(void)
item\1one.c(182): warning:  #177-D: function "ThreeOneStage_Display"  was declared but never referenced
  static void ThreeOneStage_Display(void)
item\1one.c(190): warning:  #177-D: function "ThreeTwoStage_Display"  was declared but never referenced
  static void ThreeTwoStage_Display(void)
item\1one.c(194): warning:  #177-D: function "ThreeThreeStage_Display"  was declared but never referenced
  static void ThreeThreeStage_Display(void)
item\1one.c(198): warning:  #177-D: function "ThreeFourStage_Display"  was declared but never referenced
  static void ThreeFourStage_Display(void)
item\1one.c(202): warning:  #177-D: function "ThreeFiveStage_Display"  was declared but never referenced
  static void ThreeFiveStage_Display(void)
item\1one.c: 18 warnings, 0 errors
compiling updatetime.c...
function\updatetime.c(64): warning:  #177-D: function "OneOneStage"  was declared but never referenced
  static void OneOneStage(void)
function\updatetime.c(89): warning:  #177-D: function "OneTwoStage"  was declared but never referenced
  static void OneTwoStage(void)
function\updatetime.c(97): warning:  #177-D: function "OneThreeStage"  was declared but never referenced
  static void OneThreeStage(void)
function\updatetime.c: 3 warnings, 0 errors
compiling 4four.c...
compiling 5five.c...
compiling 6six.c...
compiling 9nine.c...
compiling 7seven.c...
compiling 10ten.c...
compiling 8eight.c...
compiling 13thirteen.c...
compiling 11eleven.c...
compiling 12twelve.c...
compiling 15fifteen.c...
compiling 14fourteen.c...
compiling 16sixteen.c...
linking...
Program Size: Code=9600 RO-data=688 RW-data=84 ZI-data=5060  
FromELF: creating hex file...
".\bin\output\pot.axf" - 0 Error(s), 38 Warning(s).

<h2>Collection of Component include folders:</h2>
  .\RTE\_pot
  G:\Keil\Keil_v5\ARM\PACK\Keil\STM32F1xx_DFP\2.2.0\Device\Include

<h2>Collection of Component Files used:</h2>
Build Time Elapsed:  00:00:15
</pre>
</body>
</html>
